============================= test session starts ==============================
platform darwin -- Python 3.12.1, pytest-8.3.5, pluggy-1.5.0
benchmark: 5.2.3 (defaults: timer=time.perf_counter disable_gc=False min_rounds=5 min_time=0.000005 max_time=1.0 calibration_precision=10 warmup=False warmup_iterations=100000)
rootdir: /Users/bchand/Documents/secondbrain
configfile: pyproject.toml
testpaths: tests
plugins: anyio-4.12.1, benchmark-5.2.3, repeat-0.9.4, xdist-3.8.0, timeout-2.4.0, langsmith-0.6.7, hypothesis-6.151.9, asyncio-1.3.0, Faker-40.1.2, rerunfailures-15.0, colcon-core-0.19.0, mock-3.14.0, cov-6.1.1, testmon-2.2.0
timeout: 60.0s
timeout method: signal
timeout func_only: False
asyncio: mode=Mode.AUTO, debug=False, asyncio_default_fixture_loop_scope=function, asyncio_default_test_loop_scope=function
collected 1644 items / 87 deselected / 1557 selected

tests/integration/test_ingestion_e2e.py .......                          [  0%]
tests/integration/test_mongo_real.py ..........                          [  1%]
tests/test_chaos/test_failure_injector.py .............................. [  3%]
..                                                                       [  3%]
tests/test_chaos/test_network_partitions.py ...                          [  3%]
tests/test_chaos/test_service_failures.py ...                            [  3%]
tests/test_cli/test_chat_commands.py ......                              [  3%]
tests/test_cli/test_cli.py ..............                                [  4%]
tests/test_cli/test_cli_edge_cases.py ...........................        [  6%]
tests/test_cli/test_display.py ................                          [  7%]
tests/test_cli/test_errors.py ...................                        [  8%]
tests/test_cli/test_ingest_commands.py ......                            [  9%]
tests/test_cli/test_list_delete_fixed.py ............                    [  9%]
tests/test_cli/test_search_commands.py .............                     [ 10%]
tests/test_cli/test_status_health_metrics.py ....                        [ 11%]
tests/test_cli/test_validation.py .............                          [ 11%]
tests/test_config/test_config.py ....................                    [ 13%]
tests/test_conversation/test_rewriter.py ..............................  [ 15%]
tests/test_conversation/test_session.py ......................           [ 16%]
tests/test_document/test_async_api.py ..                                 [ 16%]
tests/test_document/test_async_api_extended.py ...                       [ 16%]
tests/test_document/test_chunking.py ................................    [ 18%]
tests/test_document/test_coverage_gaps.py .................              [ 19%]
tests/test_document/test_doc_validation.py .......                       [ 20%]
tests/test_document/test_document_types.py ............................. [ 22%]
.......................                                                  [ 23%]
tests/test_document/test_e2e_pdf_ingestion.py ........                   [ 24%]
tests/test_document/test_extraction.py ............                      [ 25%]
tests/test_document/test_ingestion.py .................................. [ 27%]
.                                                                        [ 27%]
tests/test_document/test_ingestion_edge_cases.py ...........             [ 28%]
tests/test_document/test_ingestion_validation.py ...................     [ 29%]
tests/test_document/test_multicore_ingestion.py .............            [ 30%]
tests/test_document/test_streaming.py ...............                    [ 31%]
tests/test_domain/test_entities.py ......................                [ 32%]
tests/test_domain/test_value_objects.py ................................ [ 34%]
...                                                                      [ 34%]
tests/test_embedding/test_embedding_edge_cases.py .........              [ 35%]
tests/test_embedding/test_local_generation.py .......................... [ 36%]
..                                                                       [ 37%]
tests/test_examples/test_examples.py ..........                          [ 37%]
tests/test_final_coverage.py .................                           [ 38%]
tests/test_integration/test_e2e_ingestion.py ..                          [ 38%]
tests/test_integration/test_e2e_search.py .....                          [ 39%]
tests/test_integration/test_end_to_end.py .....                          [ 39%]
tests/test_logging/test_logging.py ..............................        [ 41%]
tests/test_management/test_management.py .......................         [ 42%]
tests/test_property_based/test_chunking_properties.py ...                [ 43%]
tests/test_property_based/test_properties.py .......                     [ 43%]
tests/test_qualitative/test_citations.py ........................        [ 45%]
tests/test_qualitative/test_edge_cases_robustness.py ................... [ 46%]
....................................................................     [ 50%]
tests/test_qualitative/test_factual_accuracy.py ..........               [ 51%]
tests/test_qualitative/test_hallucination_detection.py ................. [ 52%]
........                                                                 [ 52%]
tests/test_qualitative/test_llm_as_judge.py ..s...sss