============================= test session starts ==============================
platform linux -- Python 3.12.3, pytest-9.0.2, pluggy-1.6.0 -- /usr/bin/python3
cachedir: .pytest_cache
hypothesis profile 'default'
rootdir: /home/bchand/secondbrain
configfile: pyproject.toml
testpaths: tests
plugins: Faker-40.11.0, cov-7.0.0, timeout-2.4.0, anyio-4.12.1, hypothesis-6.151.9, xdist-3.8.0, asyncio-1.3.0
timeout: 60.0s
timeout method: signal
timeout func_only: False
asyncio: mode=Mode.AUTO, debug=False, asyncio_default_fixture_loop_scope=function, asyncio_default_test_loop_scope=function
created: 4/4 workers
4 workers [1140 items]

scheduling tests via LoadScheduling

tests/integration/test_mongo_real.py::TestMongoRealConnection::test_storage_real_mongo_connection 
tests/test_document/test_async_api.py::TestAsyncDocumentIngestor::test_async_exit_returns_none 
tests/test_config/test_config.py::TestConfigExtensionsSet::test_extensions_set_parametrized[pdf,docx-2-expected_members2] 
tests/test_cli/test_display.py::TestDisplayHealthStatus::test_display_health_status_some_unhealthy 
[gw1] [  0%] PASSED tests/test_cli/test_display.py::TestDisplayHealthStatus::test_display_health_status_some_unhealthy 
[gw2] [  0%] PASSED tests/test_config/test_config.py::TestConfigExtensionsSet::test_extensions_set_parametrized[pdf,docx-2-expected_members2] 
tests/test_cli/test_display.py::TestDisplayHealthStatus::test_display_health_status_json_format 
tests/test_config/test_config.py::TestConfigExtensionsSet::test_extensions_set_parametrized[-0-expected_members3] 
[gw1] [  0%] PASSED tests/test_cli/test_display.py::TestDisplayHealthStatus::test_display_health_status_json_format 
[gw2] [  0%] PASSED tests/test_config/test_config.py::TestConfigExtensionsSet::test_extensions_set_parametrized[-0-expected_members3] 
tests/test_cli/test_errors.py::TestHandleCliErrors::test_handles_click_bad_parameter 
tests/test_config/test_config.py::TestConfigExtensionsSet::test_extensions_set_parametrized[pdf,pdf-1-expected_members4] 
[gw2] [  0%] PASSED tests/test_config/test_config.py::TestConfigExtensionsSet::test_extensions_set_parametrized[pdf,pdf-1-expected_members4] 
tests/test_config/test_config.py::TestConfigExtensionsSet::test_extensions_set_parametrized[pdf, docx-2-expected_members5] 
[gw2] [  0%] PASSED tests/test_config/test_config.py::TestConfigExtensionsSet::test_extensions_set_parametrized[pdf, docx-2-expected_members5] 
tests/test_config/test_config.py::TestConfig::test_default_config_values 
[gw2] [  0%] PASSED tests/test_config/test_config.py::TestConfig::test_default_config_values 
tests/test_config/test_config.py::TestConfig::test_custom_config_values 
[gw1] [  0%] PASSED tests/test_cli/test_errors.py::TestHandleCliErrors::test_handles_click_bad_parameter 
[gw2] [  0%] PASSED tests/test_config/test_config.py::TestConfig::test_custom_config_values 
tests/test_config/test_config.py::TestConfig::test_config_validation_errors[updates0-mongo_uri must start] 
tests/test_cli/test_errors.py::TestHandleCliErrors::test_handles_value_error 
[gw1] [  0%] PASSED tests/test_cli/test_errors.py::TestHandleCliErrors::test_handles_value_error 
tests/test_cli/test_errors.py::TestHandleCliErrors::test_handles_file_not_found 
[gw2] [  0%] PASSED tests/test_config/test_config.py::TestConfig::test_config_validation_errors[updates0-mongo_uri must start] 
tests/test_config/test_config.py::TestConfig::test_config_validation_errors[updates1-chunk_overlap must be less than] 
[gw2] [  1%] PASSED tests/test_config/test_config.py::TestConfig::test_config_validation_errors[updates1-chunk_overlap must be less than] 
[gw1] [  1%] PASSED tests/test_cli/test_errors.py::TestHandleCliErrors::test_handles_file_not_found 
tests/test_cli/test_errors.py::TestHandleCliErrors::test_handles_cli_validation_error 
tests/test_config/test_config.py::TestConfig::test_config_validation_errors[updates2-chunk_overlap must be non-negative] 
[gw1] [  1%] PASSED tests/test_cli/test_errors.py::TestHandleCliErrors::test_handles_cli_validation_error 
tests/test_cli/test_errors.py::TestHandleCliErrors::test_handles_generic_exception 
[gw2] [  1%] PASSED tests/test_config/test_config.py::TestConfig::test_config_validation_errors[updates2-chunk_overlap must be non-negative] 
tests/test_config/test_config.py::TestConfig::test_config_validation_errors[updates3-embedding_dimensions must be positive] 
[gw1] [  1%] PASSED tests/test_cli/test_errors.py::TestHandleCliErrors::test_handles_generic_exception 
[gw2] [  1%] PASSED tests/test_config/test_config.py::TestConfig::test_config_validation_errors[updates3-embedding_dimensions must be positive] 
tests/test_config/test_config.py::TestConfig::test_config_validation_errors[updates4-default_top_k must be positive] 
tests/test_cli/test_errors.py::TestHandleCliErrors::test_verbose_suggestion_shown 
[gw1] [  1%] PASSED tests/test_cli/test_errors.py::TestHandleCliErrors::test_verbose_suggestion_shown 
tests/test_cli/test_errors.py::TestHandleCliErrors::test_successful_execution_no_error 
[gw2] [  1%] PASSED tests/test_config/test_config.py::TestConfig::test_config_validation_errors[updates4-default_top_k must be positive] 
tests/test_config/test_config.py::TestConfig::test_config_validation_errors[updates5-chunk_size must be positive] 
[gw1] [  1%] PASSED tests/test_cli/test_errors.py::TestHandleCliErrors::test_successful_execution_no_error 
tests/test_cli/test_errors.py::TestHandleCliErrors::test_logging_called_on_error 
[gw2] [  1%] PASSED tests/test_config/test_config.py::TestConfig::test_config_validation_errors[updates5-chunk_size must be positive] 
tests/test_config/test_config.py::TestConfig::test_get_config_reloads_after_cache_clear 
[gw1] [  1%] PASSED tests/test_cli/test_errors.py::TestHandleCliErrors::test_logging_called_on_error 
tests/test_cli/test_errors.py::TestHandleCliErrors::test_logging_exception_on_unexpected_error 
[gw1] [  2%] PASSED tests/test_cli/test_errors.py::TestHandleCliErrors::test_logging_exception_on_unexpected_error 
tests/test_cli/test_errors.py::TestHandleCliErrors::test_click_bad_parameter_with_full_message 
[gw2] [  2%] PASSED tests/test_config/test_config.py::TestConfig::test_get_config_reloads_after_cache_clear 
tests/test_config/test_config.py::TestConfig::test_config_validation_chunk_size 
[gw2] [  2%] PASSED tests/test_config/test_config.py::TestConfig::test_config_validation_chunk_size 
tests/test_config/test_config.py::TestConfig::test_embedding_cache_size_validation_valid 
[gw1] [  2%] PASSED tests/test_cli/test_errors.py::TestHandleCliErrors::test_click_bad_parameter_with_full_message 
tests/test_cli/test_errors.py::TestHandleCliErrors::test_file_not_found_with_path 
[gw1] [  2%] PASSED tests/test_cli/test_errors.py::TestHandleCliErrors::test_file_not_found_with_path 
tests/test_cli/test_errors.py::TestHandleCliErrors::test_cli_validation_error_preserves_message 
[gw1] [  2%] PASSED tests/test_cli/test_errors.py::TestHandleCliErrors::test_cli_validation_error_preserves_message 
tests/test_cli/test_errors.py::TestHandleCliErrorsWithCliRunner::test_error_handling_in_click_command 
[gw2] [  2%] PASSED tests/test_config/test_config.py::TestConfig::test_embedding_cache_size_validation_valid 
tests/test_config/test_config.py::TestConfig::test_embedding_cache_size_validation_invalid 
[gw2] [  2%] PASSED tests/test_config/test_config.py::TestConfig::test_embedding_cache_size_validation_invalid 
tests/test_config/test_config.py::TestConfig::test_embedding_batch_size_validation_valid 
[gw2] [  2%] PASSED tests/test_config/test_config.py::TestConfig::test_embedding_batch_size_validation_valid 
tests/test_config/test_config.py::TestConfig::test_embedding_batch_size_validation_invalid 
[gw2] [  2%] PASSED tests/test_config/test_config.py::TestConfig::test_embedding_batch_size_validation_invalid 
tests/test_conversation/test_rewriter.py::TestQueryRewriterInit::test_init_with_defaults 
[gw2] [  2%] PASSED tests/test_conversation/test_rewriter.py::TestQueryRewriterInit::test_init_with_defaults 
[gw1] [  2%] PASSED tests/test_cli/test_errors.py::TestHandleCliErrorsWithCliRunner::test_error_handling_in_click_command 
tests/test_cli/test_errors.py::TestHandleCliErrorsWithCliRunner::test_successful_click_command 
[gw1] [  3%] PASSED tests/test_cli/test_errors.py::TestHandleCliErrorsWithCliRunner::test_successful_click_command 
tests/test_cli/test_errors.py::TestHandleCliErrorsWithCliRunner::test_click_bad_parameter_in_command 
[gw1] [  3%] PASSED tests/test_cli/test_errors.py::TestHandleCliErrorsWithCliRunner::test_click_bad_parameter_in_command 
tests/test_cli/test_errors.py::TestHandleCliErrorsEdgeCases::test_nested_exception_handling 
[gw1] [  3%] PASSED tests/test_cli/test_errors.py::TestHandleCliErrorsEdgeCases::test_nested_exception_handling 
tests/test_cli/test_errors.py::TestHandleCliErrorsEdgeCases::test_exception_with_none_message 
[gw1] [  3%] PASSED tests/test_cli/test_errors.py::TestHandleCliErrorsEdgeCases::test_exception_with_none_message 
tests/test_cli/test_errors.py::TestHandleCliErrorsEdgeCases::test_exception_with_empty_string_message 
[gw1] [  3%] PASSED tests/test_cli/test_errors.py::TestHandleCliErrorsEdgeCases::test_exception_with_empty_string_message 
tests/test_cli/test_errors.py::TestHandleCliErrorsEdgeCases::test_multiple_sequential_errors 
tests/test_conversation/test_rewriter.py::TestQueryRewriterInit::test_init_with_custom_context_window 
[gw2] [  3%] PASSED tests/test_conversation/test_rewriter.py::TestQueryRewriterInit::test_init_with_custom_context_window 
tests/test_conversation/test_rewriter.py::TestQueryRewriterShouldRewrite::test_should_rewrite_pronoun_it 
[gw2] [  3%] PASSED tests/test_conversation/test_rewriter.py::TestQueryRewriterShouldRewrite::test_should_rewrite_pronoun_it 
tests/test_conversation/test_rewriter.py::TestQueryRewriterShouldRewrite::test_should_rewrite_pronoun_this 
[gw2] [  3%] PASSED tests/test_conversation/test_rewriter.py::TestQueryRewriterShouldRewrite::test_should_rewrite_pronoun_this 
tests/test_conversation/test_rewriter.py::TestQueryRewriterShouldRewrite::test_should_rewrite_pronoun_that 
[gw2] [  3%] PASSED tests/test_conversation/test_rewriter.py::TestQueryRewriterShouldRewrite::test_should_rewrite_pronoun_that 
tests/test_conversation/test_rewriter.py::TestQueryRewriterShouldRewrite::test_should_rewrite_pronoun_they 
[gw2] [  3%] PASSED tests/test_conversation/test_rewriter.py::TestQueryRewriterShouldRewrite::test_should_rewrite_pronoun_they 
tests/test_conversation/test_rewriter.py::TestQueryRewriterShouldRewrite::test_should_rewrite_ambiguous_contract 
[gw2] [  3%] PASSED tests/test_conversation/test_rewriter.py::TestQueryRewriterShouldRewrite::test_should_rewrite_ambiguous_contract 
tests/test_conversation/test_rewriter.py::TestQueryRewriterShouldRewrite::test_should_rewrite_standalone_query 
[gw2] [  4%] PASSED tests/test_conversation/test_rewriter.py::TestQueryRewriterShouldRewrite::test_should_rewrite_standalone_query 
tests/test_conversation/test_rewriter.py::TestQueryRewriterShouldRewrite::test_should_rewrite_no_pronouns 
[gw2] [  4%] PASSED tests/test_conversation/test_rewriter.py::TestQueryRewriterShouldRewrite::test_should_rewrite_no_pronouns 
tests/test_conversation/test_rewriter.py::TestQueryRewriterRewrite::test_rewrite_with_history 
[gw2] [  4%] PASSED tests/test_conversation/test_rewriter.py::TestQueryRewriterRewrite::test_rewrite_with_history 
tests/test_conversation/test_rewriter.py::TestQueryRewriterRewrite::test_rewrite_empty_history 
[gw2] [  4%] PASSED tests/test_conversation/test_rewriter.py::TestQueryRewriterRewrite::test_rewrite_empty_history 
tests/test_conversation/test_rewriter.py::TestQueryRewriterRewrite::test_rewrite_no_history 
[gw2] [  4%] PASSED tests/test_conversation/test_rewriter.py::TestQueryRewriterRewrite::test_rewrite_no_history 
tests/test_conversation/test_rewriter.py::TestQueryRewriterRewrite::test_rewrite_fallback_on_error 
[gw2] [  4%] PASSED tests/test_conversation/test_rewriter.py::TestQueryRewriterRewrite::test_rewrite_fallback_on_error 
tests/test_conversation/test_rewriter.py::TestQueryRewriterRewrite::test_rewrite_limits_context_window 
[gw2] [  4%] PASSED tests/test_conversation/test_rewriter.py::TestQueryRewriterRewrite::test_rewrite_limits_context_window 
tests/test_conversation/test_rewriter.py::TestQueryRewriterFormatHistory::test_format_history_single_message 
[gw2] [  4%] PASSED tests/test_conversation/test_rewriter.py::TestQueryRewriterFormatHistory::test_format_history_single_message 
tests/test_conversation/test_rewriter.py::TestQueryRewriterFormatHistory::test_format_history_multiple_messages 
[gw2] [  4%] PASSED tests/test_conversation/test_rewriter.py::TestQueryRewriterFormatHistory::test_format_history_multiple_messages 
tests/test_conversation/test_rewriter.py::TestQueryRewriterFormatHistory::test_format_history_empty 
[gw2] [  4%] PASSED tests/test_conversation/test_rewriter.py::TestQueryRewriterFormatHistory::test_format_history_empty 
tests/test_conversation/test_rewriter.py::TestQueryRewriterCleanResponse::test_clean_response_strips_whitespace 
[gw2] [  4%] PASSED tests/test_conversation/test_rewriter.py::TestQueryRewriterCleanResponse::test_clean_response_strips_whitespace 
tests/test_conversation/test_rewriter.py::TestQueryRewriterCleanResponse::test_clean_response_removes_prefix 
[gw2] [  5%] PASSED tests/test_conversation/test_rewriter.py::TestQueryRewriterCleanResponse::test_clean_response_removes_prefix 
tests/test_conversation/test_rewriter.py::TestQueryRewriterCleanResponse::test_clean_response_removes_multiple_newlines 
[gw2] [  5%] PASSED tests/test_conversation/test_rewriter.py::TestQueryRewriterCleanResponse::test_clean_response_removes_multiple_newlines 
tests/test_conversation/test_rewriter.py::TestQueryRewriterIsValidRewrite::test_is_valid_good_rewrite 
[gw2] [  5%] PASSED tests/test_conversation/test_rewriter.py::TestQueryRewriterIsValidRewrite::test_is_valid_good_rewrite 
tests/test_conversation/test_rewriter.py::TestQueryRewriterIsValidRewrite::test_is_valid_empty_rewrite 
[gw2] [  5%] PASSED tests/test_conversation/test_rewriter.py::TestQueryRewriterIsValidRewrite::test_is_valid_empty_rewrite 
tests/test_conversation/test_rewriter.py::TestQueryRewriterIsValidRewrite::test_is_valid_whitespace_only 
[gw1] [  5%] PASSED tests/test_cli/test_errors.py::TestHandleCliErrorsEdgeCases::test_multiple_sequential_errors 
tests/test_cli/test_ingest_commands.py::TestIngestProgressCallback::test_ingest_progress_callback 
[gw2] [  5%] PASSED tests/test_conversation/test_rewriter.py::TestQueryRewriterIsValidRewrite::test_is_valid_whitespace_only 
tests/test_conversation/test_rewriter.py::TestQueryRewriterIsValidRewrite::test_is_valid_too_short 
[gw2] [  5%] PASSED tests/test_conversation/test_rewriter.py::TestQueryRewriterIsValidRewrite::test_is_valid_too_short 
tests/test_conversation/test_rewriter.py::TestQueryRewriterIsValidRewrite::test_is_valid_same_as_original 
[gw2] [  5%] PASSED tests/test_conversation/test_rewriter.py::TestQueryRewriterIsValidRewrite::test_is_valid_same_as_original 
tests/test_conversation/test_rewriter.py::TestQueryRewriterIsValidRewrite::test_is_valid_failure_pattern 
[gw2] [  5%] PASSED tests/test_conversation/test_rewriter.py::TestQueryRewriterIsValidRewrite::test_is_valid_failure_pattern 
tests/test_conversation/test_rewriter.py::TestQueryRewriterIsStandaloneQuery::test_is_standalone_no_pronouns 
[gw2] [  5%] PASSED tests/test_conversation/test_rewriter.py::TestQueryRewriterIsStandaloneQuery::test_is_standalone_no_pronouns 
tests/test_conversation/test_rewriter.py::TestQueryRewriterIsStandaloneQuery::test_is_standalone_with_it 
[gw2] [  5%] PASSED tests/test_conversation/test_rewriter.py::TestQueryRewriterIsStandaloneQuery::test_is_standalone_with_it 
tests/test_conversation/test_rewriter.py::TestQueryRewriterIsStandaloneQuery::test_is_standalone_with_this 
[gw2] [  5%] PASSED tests/test_conversation/test_rewriter.py::TestQueryRewriterIsStandaloneQuery::test_is_standalone_with_this 
tests/test_conversation/test_rewriter.py::TestQueryRewriterIsStandaloneQuery::test_is_standalone_with_contract 
[gw2] [  6%] PASSED tests/test_conversation/test_rewriter.py::TestQueryRewriterIsStandaloneQuery::test_is_standalone_with_contract 
tests/test_conversation/test_session.py::TestConversationSessionInit::test_session_init_with_defaults 
[gw2] [  6%] PASSED tests/test_conversation/test_session.py::TestConversationSessionInit::test_session_init_with_defaults 
tests/test_conversation/test_session.py::TestConversationSessionInit::test_session_init_with_custom_context_window 
[gw2] [  6%] PASSED tests/test_conversation/test_session.py::TestConversationSessionInit::test_session_init_with_custom_context_window 
tests/test_conversation/test_session.py::TestConversationSessionCreate::test_create_new_session 
[gw2] [  6%] PASSED tests/test_conversation/test_session.py::TestConversationSessionCreate::test_create_new_session 
tests/test_conversation/test_session.py::TestConversationSessionCreate::test_create_session_with_custom_context_window 
[gw2] [  6%] PASSED tests/test_conversation/test_session.py::TestConversationSessionCreate::test_create_session_with_custom_context_window 
tests/test_conversation/test_session.py::TestConversationSessionLoad::test_load_existing_session 
[gw2] [  6%] PASSED tests/test_conversation/test_session.py::TestConversationSessionLoad::test_load_existing_session 
tests/test_conversation/test_session.py::TestConversationSessionLoad::test_load_nonexistent_session 
[gw2] [  6%] PASSED tests/test_conversation/test_session.py::TestConversationSessionLoad::test_load_nonexistent_session 
tests/test_conversation/test_session.py::TestConversationSessionLoad::test_load_session_with_custom_context_window 
[gw2] [  6%] PASSED tests/test_conversation/test_session.py::TestConversationSessionLoad::test_load_session_with_custom_context_window 
tests/test_conversation/test_session.py::TestConversationSessionAddMessage::test_add_message_user 
[gw2] [  6%] PASSED tests/test_conversation/test_session.py::TestConversationSessionAddMessage::test_add_message_user 
tests/test_conversation/test_session.py::TestConversationSessionAddMessage::test_add_message_assistant 
[gw2] [  6%] PASSED tests/test_conversation/test_session.py::TestConversationSessionAddMessage::test_add_message_assistant 
tests/test_conversation/test_session.py::TestConversationSessionAddMessage::test_add_message_trims_when_exceeds_context_window 
[gw2] [  6%] PASSED tests/test_conversation/test_session.py::TestConversationSessionAddMessage::test_add_message_trims_when_exceeds_context_window 
tests/test_conversation/test_session.py::TestConversationSessionGetHistory::test_get_history_all_messages 
[gw2] [  7%] PASSED tests/test_conversation/test_session.py::TestConversationSessionGetHistory::test_get_history_all_messages 
tests/test_conversation/test_session.py::TestConversationSessionGetHistory::test_get_history_with_limit 
[gw2] [  7%] PASSED tests/test_conversation/test_session.py::TestConversationSessionGetHistory::test_get_history_with_limit 
tests/test_conversation/test_session.py::TestConversationSessionGetHistory::test_get_history_with_zero_limit 
[gw2] [  7%] PASSED tests/test_conversation/test_session.py::TestConversationSessionGetHistory::test_get_history_with_zero_limit 
tests/test_conversation/test_session.py::TestConversationSessionGetHistory::test_get_history_returns_copy 
[gw2] [  7%] PASSED tests/test_conversation/test_session.py::TestConversationSessionGetHistory::test_get_history_returns_copy 
tests/test_conversation/test_session.py::TestConversationSessionGetContextMessages::test_get_context_messages_respects_window 
[gw2] [  7%] PASSED tests/test_conversation/test_session.py::TestConversationSessionGetContextMessages::test_get_context_messages_respects_window 
tests/test_conversation/test_session.py::TestConversationSessionTrimContext::test_trim_context_when_exceeds_window 
[gw2] [  7%] PASSED tests/test_conversation/test_session.py::TestConversationSessionTrimContext::test_trim_context_when_exceeds_window 
tests/test_conversation/test_session.py::TestConversationSessionTrimContext::test_trim_context_no_op_when_within_window 
[gw2] [  7%] PASSED tests/test_conversation/test_session.py::TestConversationSessionTrimContext::test_trim_context_no_op_when_within_window 
tests/test_conversation/test_session.py::TestConversationSessionClearHistory::test_clear_history_empties_messages 
[gw2] [  7%] PASSED tests/test_conversation/test_session.py::TestConversationSessionClearHistory::test_clear_history_empties_messages 
tests/test_conversation/test_session.py::TestConversationSessionClearHistory::test_clear_history_preserves_session 
[gw2] [  7%] PASSED tests/test_conversation/test_session.py::TestConversationSessionClearHistory::test_clear_history_preserves_session 
tests/test_conversation/test_session.py::TestConversationSessionProperties::test_message_count 
[gw2] [  7%] PASSED tests/test_conversation/test_session.py::TestConversationSessionProperties::test_message_count 
tests/test_conversation/test_session.py::TestConversationSessionProperties::test_is_empty_true 
[gw2] [  7%] PASSED tests/test_conversation/test_session.py::TestConversationSessionProperties::test_is_empty_true 
tests/test_conversation/test_session.py::TestConversationSessionProperties::test_is_empty_false 
[gw2] [  7%] PASSED tests/test_conversation/test_session.py::TestConversationSessionProperties::test_is_empty_false 
tests/test_document/test_async_api.py::TestAsyncDocumentIngestor::test_async_context_manager 
[gw0] [  8%] PASSED tests/integration/test_mongo_real.py::TestMongoRealConnection::test_storage_real_mongo_connection 
tests/integration/test_mongo_real.py::TestMongoRealConnection::test_storage_real_store_and_retrieve 
[gw0] [  8%] PASSED tests/integration/test_mongo_real.py::TestMongoRealConnection::test_storage_real_store_and_retrieve 
tests/integration/test_mongo_real.py::TestMongoRealConnection::test_storage_real_batch_operations 
[gw0] [  8%] PASSED tests/integration/test_mongo_real.py::TestMongoRealConnection::test_storage_real_batch_operations 
tests/integration/test_mongo_real.py::TestMongoRealConnection::test_storage_real_search_similarity 
[gw1] [  8%] PASSED tests/test_cli/test_ingest_commands.py::TestIngestProgressCallback::test_ingest_progress_callback 
tests/test_cli/test_ingest_commands.py::TestIngestCoresValidation::test_ingest_cores_validation 
[gw0] [  8%] PASSED tests/integration/test_mongo_real.py::TestMongoRealConnection::test_storage_real_search_similarity 
tests/integration/test_mongo_real.py::TestMongoRealConnection::test_storage_real_filter_by_source 
[gw0] [  8%] PASSED tests/integration/test_mongo_real.py::TestMongoRealConnection::test_storage_real_filter_by_source 
tests/integration/test_mongo_real.py::TestMongoRealConnection::test_storage_real_filter_by_file_type 
[gw0] [  8%] PASSED tests/integration/test_mongo_real.py::TestMongoRealConnection::test_storage_real_filter_by_file_type 
tests/integration/test_mongo_real.py::TestMongoRealConnection::test_storage_real_delete_operations 
[gw0] [  8%] PASSED tests/integration/test_mongo_real.py::TestMongoRealConnection::test_storage_real_delete_operations 
tests/integration/test_mongo_real.py::TestMongoRealConnection::test_storage_real_pagination 
[gw0] [  8%] PASSED tests/integration/test_mongo_real.py::TestMongoRealConnection::test_storage_real_pagination 
tests/integration/test_mongo_real.py::TestMongoRealConnection::test_storage_real_concurrent_writes 
[gw0] [  8%] PASSED tests/integration/test_mongo_real.py::TestMongoRealConnection::test_storage_real_concurrent_writes 
tests/integration/test_mongo_real.py::TestMongoRealConnection::test_storage_real_connection_recovery 
[gw0] [  8%] PASSED tests/integration/test_mongo_real.py::TestMongoRealConnection::test_storage_real_connection_recovery 
tests/test_cli/test_chat_commands.py::TestChatCommands::test_single_turn_chat 
[gw0] [  9%] PASSED tests/test_cli/test_chat_commands.py::TestChatCommands::test_single_turn_chat 
tests/test_cli/test_chat_commands.py::TestChatCommands::test_interactive_chat_commands 
[gw0] [  9%] PASSED tests/test_cli/test_chat_commands.py::TestChatCommands::test_interactive_chat_commands 
tests/test_cli/test_chat_commands.py::TestChatCommands::test_interactive_chat_error_handling 
[gw0] [  9%] PASSED tests/test_cli/test_chat_commands.py::TestChatCommands::test_interactive_chat_error_handling 
tests/test_cli/test_chat_commands.py::TestChatCommands::test_list_sessions 
[gw0] [  9%] PASSED tests/test_cli/test_chat_commands.py::TestChatCommands::test_list_sessions 
tests/test_cli/test_chat_commands.py::TestChatCommands::test_delete_session 
[gw0] [  9%] PASSED tests/test_cli/test_chat_commands.py::TestChatCommands::test_delete_session 
tests/test_cli/test_chat_commands.py::TestChatCommands::test_check_llm 
[gw0] [  9%] PASSED tests/test_cli/test_chat_commands.py::TestChatCommands::test_check_llm 
tests/test_cli/test_cli.py::TestCLI::test_cli_help 
[gw0] [  9%] PASSED tests/test_cli/test_cli.py::TestCLI::test_cli_help 
tests/test_cli/test_cli.py::TestCLI::test_cli_verbose_flag 
[gw0] [  9%] PASSED tests/test_cli/test_cli.py::TestCLI::test_cli_verbose_flag 
tests/test_cli/test_cli.py::TestCLI::test_ingest_command 
[gw0] [  9%] PASSED tests/test_cli/test_cli.py::TestCLI::test_ingest_command 
tests/test_cli/test_cli.py::TestCLI::test_ingest_command_recursive 
[gw0] [  9%] PASSED tests/test_cli/test_cli.py::TestCLI::test_ingest_command_recursive 
tests/test_cli/test_cli.py::TestCLI::test_search_command 
[gw0] [  9%] PASSED tests/test_cli/test_cli.py::TestCLI::test_search_command 
tests/test_cli/test_cli.py::TestCLI::test_search_command_with_top_k 
[gw0] [ 10%] PASSED tests/test_cli/test_cli.py::TestCLI::test_search_command_with_top_k 
tests/test_cli/test_cli.py::TestCLI::test_delete_with_chunk_id 
[gw0] [ 10%] PASSED tests/test_cli/test_cli.py::TestCLI::test_delete_with_chunk_id 
tests/test_cli/test_cli.py::TestCLI::test_delete_all_with_confirmation 
[gw0] [ 10%] PASSED tests/test_cli/test_cli.py::TestCLI::test_delete_all_with_confirmation 
tests/test_cli/test_cli.py::TestCLI::test_delete_cancelled_by_user 
[gw0] [ 10%] PASSED tests/test_cli/test_cli.py::TestCLI::test_delete_cancelled_by_user 
tests/test_cli/test_cli.py::TestCLI::test_ingest_with_failed_files_displayed 
[gw0] [ 10%] PASSED tests/test_cli/test_cli.py::TestCLI::test_ingest_with_failed_files_displayed 
tests/test_cli/test_cli.py::TestCLI::test_search_verbose_format_empty_results 
[gw0] [ 10%] PASSED tests/test_cli/test_cli.py::TestCLI::test_search_verbose_format_empty_results 
tests/test_cli/test_cli.py::TestCLI::test_delete_validation_no_options 
[gw0] [ 10%] PASSED tests/test_cli/test_cli.py::TestCLI::test_delete_validation_no_options 
tests/test_cli/test_cli.py::TestCLI::test_delete_validation_multiple_options 
[gw0] [ 10%] PASSED tests/test_cli/test_cli.py::TestCLI::test_delete_validation_multiple_options 
tests/test_cli/test_cli.py::TestCLI::test_metrics_reset_command 
[gw0] [ 10%] PASSED tests/test_cli/test_cli.py::TestCLI::test_metrics_reset_command 
tests/test_cli/test_cli_edge_cases.py::TestCLIChunkValidation::test_ingest_with_custom_chunk_size 
[gw0] [ 10%] PASSED tests/test_cli/test_cli_edge_cases.py::TestCLIChunkValidation::test_ingest_with_custom_chunk_size 
tests/test_cli/test_cli_edge_cases.py::TestCLIChunkValidation::test_ingest_with_custom_chunk_overlap 
[gw0] [ 10%] PASSED tests/test_cli/test_cli_edge_cases.py::TestCLIChunkValidation::test_ingest_with_custom_chunk_overlap 
tests/test_cli/test_cli_edge_cases.py::TestCLIChunkValidation::test_ingest_with_both_chunk_options 
[gw0] [ 10%] PASSED tests/test_cli/test_cli_edge_cases.py::TestCLIChunkValidation::test_ingest_with_both_chunk_options 
tests/test_cli/test_cli_edge_cases.py::TestCLIBatchValidation::test_ingest_with_batch_size 
[gw0] [ 11%] PASSED tests/test_cli/test_cli_edge_cases.py::TestCLIBatchValidation::test_ingest_with_batch_size 
tests/test_cli/test_cli_edge_cases.py::TestCLIBatchValidation::test_ingest_with_batch_size_short_flag 
[gw0] [ 11%] PASSED tests/test_cli/test_cli_edge_cases.py::TestCLIBatchValidation::test_ingest_with_batch_size_short_flag 
tests/test_cli/test_cli_edge_cases.py::TestCLIBatchValidation::test_ingest_batch_size_zero 
[gw0] [ 11%] PASSED tests/test_cli/test_cli_edge_cases.py::TestCLIBatchValidation::test_ingest_batch_size_zero 
tests/test_cli/test_cli_edge_cases.py::TestCLIPaginationEdgeCases::test_list_with_large_limit 
[gw0] [ 11%] PASSED tests/test_cli/test_cli_edge_cases.py::TestCLIPaginationEdgeCases::test_list_with_large_limit 
tests/test_cli/test_cli_edge_cases.py::TestCLIPaginationEdgeCases::test_list_with_zero_limit 
[gw0] [ 11%] PASSED tests/test_cli/test_cli_edge_cases.py::TestCLIPaginationEdgeCases::test_list_with_zero_limit 
tests/test_cli/test_cli_edge_cases.py::TestCLIPaginationEdgeCases::test_list_with_negative_offset 
[gw0] [ 11%] PASSED tests/test_cli/test_cli_edge_cases.py::TestCLIPaginationEdgeCases::test_list_with_negative_offset 
tests/test_cli/test_cli_edge_cases.py::TestCLIJSONFormat::test_search_with_json_format 
[gw0] [ 11%] PASSED tests/test_cli/test_cli_edge_cases.py::TestCLIJSONFormat::test_search_with_json_format 
tests/test_cli/test_cli_edge_cases.py::TestCLIJSONFormat::test_search_json_format_with_empty_results 
[gw0] [ 11%] PASSED tests/test_cli/test_cli_edge_cases.py::TestCLIJSONFormat::test_search_json_format_with_empty_results 
tests/test_cli/test_cli_edge_cases.py::TestCLIJSONFormat::test_search_with_empty_results_table_format 
[gw0] [ 11%] PASSED tests/test_cli/test_cli_edge_cases.py::TestCLIJSONFormat::test_search_with_empty_results_table_format 
tests/test_cli/test_cli_edge_cases.py::TestCLIJSONFormat::test_search_with_low_score_results_filtered 
[gw0] [ 11%] PASSED tests/test_cli/test_cli_edge_cases.py::TestCLIJSONFormat::test_search_with_low_score_results_filtered 
tests/test_cli/test_cli_edge_cases.py::TestCLIJSONFormat::test_search_with_mixed_scores_applies_threshold 
[gw0] [ 11%] PASSED tests/test_cli/test_cli_edge_cases.py::TestCLIJSONFormat::test_search_with_mixed_scores_applies_threshold 
tests/test_cli/test_cli_edge_cases.py::TestCLIJSONFormat::test_search_min_score_option_defaults_to_0_3 
[gw0] [ 12%] PASSED tests/test_cli/test_cli_edge_cases.py::TestCLIJSONFormat::test_search_min_score_option_defaults_to_0_3 
tests/test_cli/test_cli_edge_cases.py::TestCLIJSONFormat::test_list_with_large_result_set 
[gw0] [ 12%] PASSED tests/test_cli/test_cli_edge_cases.py::TestCLIJSONFormat::test_list_with_large_result_set 
tests/test_cli/test_cli_edge_cases.py::TestCLILargeResultSets::test_list_handles_large_result_set 
[gw0] [ 12%] PASSED tests/test_cli/test_cli_edge_cases.py::TestCLILargeResultSets::test_list_handles_large_result_set 
tests/test_cli/test_cli_edge_cases.py::TestCLILargeResultSets::test_list_with_max_limit 
[gw0] [ 12%] PASSED tests/test_cli/test_cli_edge_cases.py::TestCLILargeResultSets::test_list_with_max_limit 
tests/test_cli/test_cli_edge_cases.py::TestCLIHealthEdgeCases::test_health_command_with_degraded_services 
[gw0] [ 12%] PASSED tests/test_cli/test_cli_edge_cases.py::TestCLIHealthEdgeCases::test_health_command_with_degraded_services 
tests/test_cli/test_cli_edge_cases.py::TestCLIHealthEdgeCases::test_health_command_json_format 
[gw0] [ 12%] PASSED tests/test_cli/test_cli_edge_cases.py::TestCLIHealthEdgeCases::test_health_command_json_format 
tests/test_cli/test_cli_edge_cases.py::TestCLIHealthEdgeCases::test_health_command_verbose_output 
[gw0] [ 12%] PASSED tests/test_cli/test_cli_edge_cases.py::TestCLIHealthEdgeCases::test_health_command_verbose_output 
tests/test_cli/test_cli_edge_cases.py::TestCLIValidationErrorHandling::test_validation_error_with_missing_source 
[gw0] [ 12%] PASSED tests/test_cli/test_cli_edge_cases.py::TestCLIValidationErrorHandling::test_validation_error_with_missing_source 
tests/test_cli/test_cli_edge_cases.py::TestCLIValidationErrorHandling::test_validation_error_with_missing_query 
[gw0] [ 12%] PASSED tests/test_cli/test_cli_edge_cases.py::TestCLIValidationErrorHandling::test_validation_error_with_missing_query 
tests/test_cli/test_cli_edge_cases.py::TestCLIValidationErrorHandling::test_validation_error_with_invalid_path 
[gw0] [ 12%] PASSED tests/test_cli/test_cli_edge_cases.py::TestCLIValidationErrorHandling::test_validation_error_with_invalid_path 
tests/test_cli/test_cli_edge_cases.py::TestCLISearchValidation::test_search_with_very_long_query 
[gw0] [ 12%] PASSED tests/test_cli/test_cli_edge_cases.py::TestCLISearchValidation::test_search_with_very_long_query 
tests/test_cli/test_cli_edge_cases.py::TestCLISearchValidation::test_search_with_special_characters 
[gw0] [ 12%] PASSED tests/test_cli/test_cli_edge_cases.py::TestCLISearchValidation::test_search_with_special_characters 
tests/test_cli/test_cli_edge_cases.py::TestCLISearchValidation::test_search_with_unicode_query 
[gw0] [ 13%] PASSED tests/test_cli/test_cli_edge_cases.py::TestCLISearchValidation::test_search_with_unicode_query 
tests/test_cli/test_display.py::TestDisplaySearchResults::test_display_search_results 
[gw0] [ 13%] PASSED tests/test_cli/test_display.py::TestDisplaySearchResults::test_display_search_results 
tests/test_cli/test_display.py::TestDisplaySearchResults::test_display_search_results_empty 
[gw0] [ 13%] PASSED tests/test_cli/test_display.py::TestDisplaySearchResults::test_display_search_results_empty 
tests/test_cli/test_display.py::TestDisplaySearchResults::test_display_search_results_multiple 
[gw0] [ 13%] PASSED tests/test_cli/test_display.py::TestDisplaySearchResults::test_display_search_results_multiple 
tests/test_cli/test_display.py::TestDisplaySearchResults::test_display_search_results_score_formatting 
[gw0] [ 13%] PASSED tests/test_cli/test_display.py::TestDisplaySearchResults::test_display_search_results_score_formatting 
tests/test_cli/test_display.py::TestDisplaySearchResults::test_display_search_results_json_format 
[gw0] [ 13%] PASSED tests/test_cli/test_display.py::TestDisplaySearchResults::test_display_search_results_json_format 
tests/test_cli/test_display.py::TestDisplaySearchResults::test_display_search_results_below_threshold 
[gw0] [ 13%] PASSED tests/test_cli/test_display.py::TestDisplaySearchResults::test_display_search_results_below_threshold 
tests/test_cli/test_display.py::TestDisplayListResults::test_display_list_results 
[gw0] [ 13%] PASSED tests/test_cli/test_display.py::TestDisplayListResults::test_display_list_results 
tests/test_cli/test_display.py::TestDisplayListResults::test_display_list_results_no_documents 
[gw0] [ 13%] PASSED tests/test_cli/test_display.py::TestDisplayListResults::test_display_list_results_no_documents 
tests/test_cli/test_display.py::TestDisplayListResults::test_display_list_results_pagination_indicators 
[gw0] [ 13%] PASSED tests/test_cli/test_display.py::TestDisplayListResults::test_display_list_results_pagination_indicators 
tests/test_cli/test_display.py::TestDisplayStatus::test_display_status 
[gw0] [ 13%] PASSED tests/test_cli/test_display.py::TestDisplayStatus::test_display_status 
tests/test_cli/test_display.py::TestDisplayStatus::test_display_status_zero_documents 
[gw0] [ 14%] PASSED tests/test_cli/test_display.py::TestDisplayStatus::test_display_status_zero_documents 
tests/test_cli/test_display.py::TestDisplayStatus::test_display_status_large_dataset 
[gw0] [ 14%] PASSED tests/test_cli/test_display.py::TestDisplayStatus::test_display_status_large_dataset 
tests/test_cli/test_display.py::TestDisplayHealthStatus::test_display_health_status 
[gw0] [ 14%] PASSED tests/test_cli/test_display.py::TestDisplayHealthStatus::test_display_health_status 
tests/test_cli/test_display.py::TestDisplayHealthStatus::test_display_health_status_all_healthy 
[gw0] [ 14%] PASSED tests/test_cli/test_display.py::TestDisplayHealthStatus::test_display_health_status_all_healthy 
tests/test_document/test_ingestion_validation.py::TestDocumentIngestorPathValidation::test_validate_file_path_accepts_valid_path 
[gw2] [ 14%] PASSED tests/test_document/test_async_api.py::TestAsyncDocumentIngestor::test_async_context_manager 
tests/test_document/test_ingestion.py::test_is_supported_invalid 
[gw2] [ 14%] PASSED tests/test_document/test_ingestion.py::test_is_supported_invalid 
tests/test_document/test_ingestion.py::test_get_file_type_pdf 
[gw2] [ 14%] PASSED tests/test_document/test_ingestion.py::test_get_file_type_pdf 
tests/test_document/test_ingestion.py::test_get_file_type_docx 
[gw2] [ 14%] PASSED tests/test_document/test_ingestion.py::test_get_file_type_docx 
tests/test_document/test_ingestion.py::test_get_file_type_markdown 
[gw2] [ 14%] PASSED tests/test_document/test_ingestion.py::test_get_file_type_markdown 
tests/test_document/test_ingestion.py::test_get_file_type_image 
[gw2] [ 14%] PASSED tests/test_document/test_ingestion.py::test_get_file_type_image 
tests/test_document/test_ingestion.py::test_get_file_type_unknown 
[gw2] [ 14%] PASSED tests/test_document/test_ingestion.py::test_get_file_type_unknown 
tests/test_document/test_ingestion.py::TestDocumentIngestor::test_init 
[gw2] [ 15%] PASSED tests/test_document/test_ingestion.py::TestDocumentIngestor::test_init 
tests/test_document/test_ingestion.py::TestDocumentIngestor::test_init_defaults 
[gw2] [ 15%] PASSED tests/test_document/test_ingestion.py::TestDocumentIngestor::test_init_defaults 
tests/test_document/test_ingestion.py::TestDocumentIngestor::test_ingest_nonexistent_file 
[gw2] [ 15%] PASSED tests/test_document/test_ingestion.py::TestDocumentIngestor::test_ingest_nonexistent_file 
tests/test_document/test_ingestion.py::TestDocumentIngestor::test_ingest_empty_directory 
[gw3] [ 15%] PASSED tests/test_document/test_async_api.py::TestAsyncDocumentIngestor::test_async_exit_returns_none 
tests/test_document/test_async_api_extended.py::TestAsyncDocumentIngestorCoverage::test_ingest_async_empty_files 
[gw2] [ 15%] PASSED tests/test_document/test_ingestion.py::TestDocumentIngestor::test_ingest_empty_directory 
tests/test_document/test_ingestion.py::TestDocumentIngestor::test_chunk_text_simple 
[gw2] [ 15%] PASSED tests/test_document/test_ingestion.py::TestDocumentIngestor::test_chunk_text_simple 
tests/test_document/test_ingestion.py::TestDocumentIngestor::test_chunk_text_exact_size 
[gw3] [ 15%] PASSED tests/test_document/test_async_api_extended.py::TestAsyncDocumentIngestorCoverage::test_ingest_async_empty_files 
tests/test_document/test_async_api_extended.py::TestAsyncDocumentIngestorCoverage::test_ingest_async_with_semaphore 
[gw2] [ 15%] PASSED tests/test_document/test_ingestion.py::TestDocumentIngestor::test_chunk_text_exact_size 
tests/test_document/test_ingestion.py::TestDocumentIngestor::test_chunk_text_multiple_chunks 
[gw3] [ 15%] PASSED tests/test_document/test_async_api_extended.py::TestAsyncDocumentIngestorCoverage::test_ingest_async_with_semaphore 
tests/test_document/test_async_api_extended.py::TestAsyncDocumentIngestorCoverage::test_process_with_semaphore_async 
[gw2] [ 15%] PASSED tests/test_document/test_ingestion.py::TestDocumentIngestor::test_chunk_text_multiple_chunks 
tests/test_document/test_ingestion.py::TestDocumentIngestor::test_chunk_text_empty_segment 
[gw3] [ 15%] PASSED tests/test_document/test_async_api_extended.py::TestAsyncDocumentIngestorCoverage::test_process_with_semaphore_async 
tests/test_document/test_chunking.py::TestChunkSegmentsBoundaryCases::test_chunk_segments_empty_text 
[gw2] [ 15%] PASSED tests/test_document/test_ingestion.py::TestDocumentIngestor::test_chunk_text_empty_segment 
tests/test_document/test_ingestion.py::test_ingest_with_recursive 
[gw3] [ 16%] PASSED tests/test_document/test_chunking.py::TestChunkSegmentsBoundaryCases::test_chunk_segments_empty_text 
tests/test_document/test_chunking.py::TestChunkSegmentsBoundaryCases::test_chunk_segments_whitespace_only 
[gw3] [ 16%] PASSED tests/test_document/test_chunking.py::TestChunkSegmentsBoundaryCases::test_chunk_segments_whitespace_only 
tests/test_document/test_chunking.py::TestChunkSegmentsBoundaryCases::test_chunk_segments_single_word_shorter_than_chunk 
[gw3] [ 16%] PASSED tests/test_document/test_chunking.py::TestChunkSegmentsBoundaryCases::test_chunk_segments_single_word_shorter_than_chunk 
tests/test_document/test_chunking.py::TestChunkSegmentsBoundaryCases::test_chunk_segments_single_word_exact_chunk_size 
[gw3] [ 16%] PASSED tests/test_document/test_chunking.py::TestChunkSegmentsBoundaryCases::test_chunk_segments_single_word_exact_chunk_size 
tests/test_document/test_chunking.py::TestChunkSegmentsBoundaryCases::test_chunk_segments_exact_boundary_no_overlap 
[gw3] [ 16%] PASSED tests/test_document/test_chunking.py::TestChunkSegmentsBoundaryCases::test_chunk_segments_exact_boundary_no_overlap 
tests/test_document/test_chunking.py::TestChunkSegmentsBoundaryCases::test_chunk_segments_single_character 
[gw3] [ 16%] PASSED tests/test_document/test_chunking.py::TestChunkSegmentsBoundaryCases::test_chunk_segments_single_character 
tests/test_document/test_chunking.py::TestChunkSegmentsBoundaryCases::test_chunk_segments_newline_only 
[gw3] [ 16%] PASSED tests/test_document/test_chunking.py::TestChunkSegmentsBoundaryCases::test_chunk_segments_newline_only 
tests/test_document/test_chunking.py::TestChunkSegmentsOverlapValidation::test_chunk_segments_overlap_preserves_context 
[gw3] [ 16%] PASSED tests/test_document/test_chunking.py::TestChunkSegmentsOverlapValidation::test_chunk_segments_overlap_preserves_context 
tests/test_document/test_chunking.py::TestChunkSegmentsOverlapValidation::test_chunk_segments_overlap_size_validation 
[gw3] [ 16%] PASSED tests/test_document/test_chunking.py::TestChunkSegmentsOverlapValidation::test_chunk_segments_overlap_size_validation 
tests/test_document/test_chunking.py::TestChunkSegmentsOverlapValidation::test_chunk_segments_zero_overlap 
[gw3] [ 16%] PASSED tests/test_document/test_chunking.py::TestChunkSegmentsOverlapValidation::test_chunk_segments_zero_overlap 
tests/test_document/test_chunking.py::TestChunkSegmentsOverlapValidation::test_chunk_segments_large_overlap 
[gw3] [ 16%] PASSED tests/test_document/test_chunking.py::TestChunkSegmentsOverlapValidation::test_chunk_segments_large_overlap 
tests/test_document/test_chunking.py::TestChunkSegmentsLargeDocuments::test_chunk_segments_large_document_100k_chars 
[gw3] [ 17%] PASSED tests/test_document/test_chunking.py::TestChunkSegmentsLargeDocuments::test_chunk_segments_large_document_100k_chars 
tests/test_document/test_chunking.py::TestChunkSegmentsLargeDocuments::test_chunk_segments_large_document_multiple_pages 
[gw3] [ 17%] PASSED tests/test_document/test_chunking.py::TestChunkSegmentsLargeDocuments::test_chunk_segments_large_document_multiple_pages 
tests/test_document/test_chunking.py::TestChunkSegmentsLargeDocuments::test_chunk_segments_large_document_memory_efficiency 
[gw3] [ 17%] PASSED tests/test_document/test_chunking.py::TestChunkSegmentsLargeDocuments::test_chunk_segments_large_document_memory_efficiency 
tests/test_document/test_chunking.py::TestChunkSegmentsMultilineHandling::test_chunk_segments_paragraphs_preserved 
[gw3] [ 17%] PASSED tests/test_document/test_chunking.py::TestChunkSegmentsMultilineHandling::test_chunk_segments_paragraphs_preserved 
tests/test_document/test_chunking.py::TestChunkSegmentsMultilineHandling::test_chunk_segments_newlines_stripped 
[gw3] [ 17%] PASSED tests/test_document/test_chunking.py::TestChunkSegmentsMultilineHandling::test_chunk_segments_newlines_stripped 
tests/test_document/test_chunking.py::TestChunkSegmentsMultilineHandling::test_chunk_segments_multiple_newlines_between_words 
[gw3] [ 17%] PASSED tests/test_document/test_chunking.py::TestChunkSegmentsMultilineHandling::test_chunk_segments_multiple_newlines_between_words 
tests/test_document/test_chunking.py::TestChunkSegmentsMultilineHandling::test_chunk_segments_mixed_whitespace 
[gw3] [ 17%] PASSED tests/test_document/test_chunking.py::TestChunkSegmentsMultilineHandling::test_chunk_segments_mixed_whitespace 
tests/test_document/test_chunking.py::TestChunkSegmentsUnicode::test_chunk_segments_unicode_accented_characters 
[gw3] [ 17%] PASSED tests/test_document/test_chunking.py::TestChunkSegmentsUnicode::test_chunk_segments_unicode_accented_characters 
tests/test_document/test_chunking.py::TestChunkSegmentsUnicode::test_chunk_segments_emojis 
[gw3] [ 17%] PASSED tests/test_document/test_chunking.py::TestChunkSegmentsUnicode::test_chunk_segments_emojis 
tests/test_document/test_chunking.py::TestChunkSegmentsUnicode::test_chunk_segments_cjk_characters 
[gw3] [ 17%] PASSED tests/test_document/test_chunking.py::TestChunkSegmentsUnicode::test_chunk_segments_cjk_characters 
tests/test_document/test_chunking.py::TestChunkSegmentsUnicode::test_chunk_segments_mixed_unicode 
[gw2] [ 17%] PASSED tests/test_document/test_ingestion.py::test_ingest_with_recursive 
tests/test_document/test_ingestion.py::test_is_supported_case_sensitivity 
[gw2] [ 17%] PASSED tests/test_document/test_ingestion.py::test_is_supported_case_sensitivity 
tests/test_document/test_ingestion.py::TestDocumentIngestionSpecRequirements::test_ingest_with_custom_chunk_size 
[gw3] [ 18%] PASSED tests/test_document/test_chunking.py::TestChunkSegmentsUnicode::test_chunk_segments_mixed_unicode 
tests/test_document/test_chunking.py::TestChunkSegmentsUnicode::test_chunk_segments_rtl_text 
[gw2] [ 18%] PASSED tests/test_document/test_ingestion.py::TestDocumentIngestionSpecRequirements::test_ingest_with_custom_chunk_size 
tests/test_document/test_ingestion.py::TestDocumentIngestionSpecRequirements::test_ingest_with_custom_chunk_overlap 
[gw3] [ 18%] PASSED tests/test_document/test_chunking.py::TestChunkSegmentsUnicode::test_chunk_segments_rtl_text 
tests/test_document/test_chunking.py::TestDeduplicateAndChunkSegments::test_deduplicate_and_chunk_segments_identical_segments 
[gw2] [ 18%] PASSED tests/test_document/test_ingestion.py::TestDocumentIngestionSpecRequirements::test_ingest_with_custom_chunk_overlap 
tests/test_document/test_ingestion.py::TestDocumentIngestionSpecRequirements::test_ingest_batch_processing 
[gw3] [ 18%] PASSED tests/test_document/test_chunking.py::TestDeduplicateAndChunkSegments::test_deduplicate_and_chunk_segments_identical_segments 
tests/test_document/test_chunking.py::TestDeduplicateAndChunkSegments::test_deduplicate_and_chunk_segments_whitespace_differences 
[gw2] [ 18%] PASSED tests/test_document/test_ingestion.py::TestDocumentIngestionSpecRequirements::test_ingest_batch_processing 
tests/test_document/test_ingestion.py::TestDocumentIngestionSpecRequirements::test_supported_file_types_all_specified 
[gw2] [ 18%] PASSED tests/test_document/test_ingestion.py::TestDocumentIngestionSpecRequirements::test_supported_file_types_all_specified 
tests/test_document/test_ingestion.py::TestDocumentIngestionSpecRequirements::test_get_file_type_all_specified_formats 
[gw2] [ 18%] PASSED tests/test_document/test_ingestion.py::TestDocumentIngestionSpecRequirements::test_get_file_type_all_specified_formats 
tests/test_document/test_ingestion.py::TestDocumentIngestionSpecRequirements::test_rejects_unsupported_format_with_clear_error 
[gw2] [ 18%] PASSED tests/test_document/test_ingestion.py::TestDocumentIngestionSpecRequirements::test_rejects_unsupported_format_with_clear_error 
tests/test_document/test_ingestion.py::TestDocumentIngestionSpecRequirements::test_ingest_with_recursive_flag 
[gw3] [ 18%] PASSED tests/test_document/test_chunking.py::TestDeduplicateAndChunkSegments::test_deduplicate_and_chunk_segments_whitespace_differences 
tests/test_document/test_chunking.py::TestDeduplicateAndChunkSegments::test_deduplicate_and_chunk_segments_preserves_page 
[gw3] [ 18%] PASSED tests/test_document/test_chunking.py::TestDeduplicateAndChunkSegments::test_deduplicate_and_chunk_segments_preserves_page 
tests/test_document/test_chunking.py::TestDeduplicateAndChunkSegments::test_deduplicate_and_chunk_segments_text_hash_included 
[gw3] [ 19%] PASSED tests/test_document/test_chunking.py::TestDeduplicateAndChunkSegments::test_deduplicate_and_chunk_segments_text_hash_included 
tests/test_document/test_chunking.py::TestDeduplicateAndChunkSegments::test_deduplicate_and_chunk_segments_empty_segments_skipped 
[gw3] [ 19%] PASSED tests/test_document/test_chunking.py::TestDeduplicateAndChunkSegments::test_deduplicate_and_chunk_segments_empty_segments_skipped 
tests/test_document/test_chunking.py::TestDeduplicateWhitespaceVariations::test_deduplicate_whitespace_variations_normalization 
[gw3] [ 19%] PASSED tests/test_document/test_chunking.py::TestDeduplicateWhitespaceVariations::test_deduplicate_whitespace_variations_normalization 
tests/test_document/test_chunking.py::TestDeduplicateWhitespaceVariations::test_deduplicate_whitespace_variations_preserves_meaningful_diffs 
[gw3] [ 19%] PASSED tests/test_document/test_chunking.py::TestDeduplicateWhitespaceVariations::test_deduplicate_whitespace_variations_preserves_meaningful_diffs 
tests/test_document/test_chunking.py::TestDeduplicateWhitespaceVariations::test_deduplicate_whitespace_variations_leading_trailing 
[gw3] [ 19%] PASSED tests/test_document/test_chunking.py::TestDeduplicateWhitespaceVariations::test_deduplicate_whitespace_variations_leading_trailing 
tests/test_document/test_chunking.py::TestDeduplicateWhitespaceVariations::test_deduplicate_whitespace_variations_complex_normalization 
[gw3] [ 19%] PASSED tests/test_document/test_chunking.py::TestDeduplicateWhitespaceVariations::test_deduplicate_whitespace_variations_complex_normalization 
tests/test_document/test_coverage_gaps.py::TestWorkerInitialization::test_init_worker_basic 
[gw3] [ 19%] PASSED tests/test_document/test_coverage_gaps.py::TestWorkerInitialization::test_init_worker_basic 
tests/test_document/test_coverage_gaps.py::TestWorkerInitialization::test_init_worker_with_queue 
[gw3] [ 19%] PASSED tests/test_document/test_coverage_gaps.py::TestWorkerInitialization::test_init_worker_with_queue 
tests/test_document/test_coverage_gaps.py::TestExtractSegmentsEdgeCases::test_extract_segments_empty_text 
[gw3] [ 19%] PASSED tests/test_document/test_coverage_gaps.py::TestExtractSegmentsEdgeCases::test_extract_segments_empty_text 
tests/test_document/test_coverage_gaps.py::TestExtractSegmentsEdgeCases::test_extract_segments_no_page_info 
[gw3] [ 19%] PASSED tests/test_document/test_coverage_gaps.py::TestExtractSegmentsEdgeCases::test_extract_segments_no_page_info 
tests/test_document/test_coverage_gaps.py::TestExtractSegmentsEdgeCases::test_extract_segments_fallback_read 
[gw3] [ 19%] PASSED tests/test_document/test_coverage_gaps.py::TestExtractSegmentsEdgeCases::test_extract_segments_fallback_read 
tests/test_document/test_coverage_gaps.py::TestExtractionPipeline::test_extract_and_chunk_file_success 
[gw3] [ 20%] PASSED tests/test_document/test_coverage_gaps.py::TestExtractionPipeline::test_extract_and_chunk_file_success 
tests/test_document/test_coverage_gaps.py::TestExtractionPipeline::test_extract_and_chunk_file_no_segments_fallback 
[gw3] [ 20%] PASSED tests/test_document/test_coverage_gaps.py::TestExtractionPipeline::test_extract_and_chunk_file_no_segments_fallback 
tests/test_document/test_coverage_gaps.py::TestChunkSegmentsEdgeCases::test_chunk_segments_empty_text 
[gw3] [ 20%] PASSED tests/test_document/test_coverage_gaps.py::TestChunkSegmentsEdgeCases::test_chunk_segments_empty_text 
tests/test_document/test_coverage_gaps.py::TestChunkSegmentsEdgeCases::test_chunk_segments_word_boundary 
[gw3] [ 20%] PASSED tests/test_document/test_coverage_gaps.py::TestChunkSegmentsEdgeCases::test_chunk_segments_word_boundary 
tests/test_document/test_coverage_gaps.py::TestChunkSegmentsEdgeCases::test_chunk_segments_overlap 
[gw3] [ 20%] PASSED tests/test_document/test_coverage_gaps.py::TestChunkSegmentsEdgeCases::test_chunk_segments_overlap 
tests/test_document/test_coverage_gaps.py::TestDeduplicationAndEmptyResults::test_extract_and_chunk_duplicate_removal 
[gw3] [ 20%] PASSED tests/test_document/test_coverage_gaps.py::TestDeduplicationAndEmptyResults::test_extract_and_chunk_duplicate_removal 
tests/test_document/test_coverage_gaps.py::TestDeduplicationAndEmptyResults::test_extract_and_chunk_empty_after_dedup 
[gw3] [ 20%] PASSED tests/test_document/test_coverage_gaps.py::TestDeduplicationAndEmptyResults::test_extract_and_chunk_empty_after_dedup 
tests/test_document/test_coverage_gaps.py::TestDeduplicationAndEmptyResults::test_extract_chunk_and_embed_duplicate_removal 
[gw3] [ 20%] PASSED tests/test_document/test_coverage_gaps.py::TestDeduplicationAndEmptyResults::test_extract_chunk_and_embed_duplicate_removal 
tests/test_document/test_coverage_gaps.py::TestDeduplicationAndEmptyResults::test_extract_chunk_and_embed_empty_after_dedup 
[gw3] [ 20%] PASSED tests/test_document/test_coverage_gaps.py::TestDeduplicationAndEmptyResults::test_extract_chunk_and_embed_empty_after_dedup 
tests/test_document/test_coverage_gaps.py::TestDeduplicationAndEmptyResults::test_extract_and_chunk_file_with_progress_success 
[gw3] [ 20%] PASSED tests/test_document/test_coverage_gaps.py::TestDeduplicationAndEmptyResults::test_extract_and_chunk_file_with_progress_success 
tests/test_document/test_coverage_gaps.py::TestDeduplicationAndEmptyResults::test_extract_and_chunk_file_error_handling 
[gw3] [ 20%] PASSED tests/test_document/test_coverage_gaps.py::TestDeduplicationAndEmptyResults::test_extract_and_chunk_file_error_handling 
tests/test_document/test_coverage_gaps.py::TestGlobalStateReset::test_worker_globals_can_be_reset 
[gw3] [ 20%] PASSED tests/test_document/test_coverage_gaps.py::TestGlobalStateReset::test_worker_globals_can_be_reset 
tests/test_document/test_doc_validation.py::TestValidateFilePath::test_validate_file_path_traversal 
[gw3] [ 21%] PASSED tests/test_document/test_doc_validation.py::TestValidateFilePath::test_validate_file_path_traversal 
tests/test_document/test_doc_validation.py::TestValidateFilePath::test_validate_file_path_encoded 
[gw3] [ 21%] PASSED tests/test_document/test_doc_validation.py::TestValidateFilePath::test_validate_file_path_encoded 
tests/test_document/test_doc_validation.py::TestValidateFileSize::test_validate_file_size_exceeds 
[gw3] [ 21%] PASSED tests/test_document/test_doc_validation.py::TestValidateFileSize::test_validate_file_size_exceeds 
tests/test_document/test_doc_validation.py::TestValidateFileSize::test_validate_file_size_within_limit 
[gw2] [ 21%] PASSED tests/test_document/test_ingestion.py::TestDocumentIngestionSpecRequirements::test_ingest_with_recursive_flag 
tests/test_document/test_ingestion.py::TestDocumentIngestionSpecRequirements::test_empty_text_handling 
[gw2] [ 21%] PASSED tests/test_document/test_ingestion.py::TestDocumentIngestionSpecRequirements::test_empty_text_handling 
tests/test_document/test_ingestion.py::TestChunkTextEdgeCases::test_chunk_text_whitespace_only_produces_no_chunks 
[gw3] [ 21%] PASSED tests/test_document/test_doc_validation.py::TestValidateFileSize::test_validate_file_size_within_limit 
tests/test_document/test_doc_validation.py::TestResolveCoreCount::test_resolve_core_count_auto 
[gw2] [ 21%] PASSED tests/test_document/test_ingestion.py::TestChunkTextEdgeCases::test_chunk_text_whitespace_only_produces_no_chunks 
tests/test_document/test_ingestion.py::TestChunkTextEdgeCases::test_chunk_text_single_page_numbers_preserved 
[gw3] [ 21%] PASSED tests/test_document/test_doc_validation.py::TestResolveCoreCount::test_resolve_core_count_auto 
tests/test_document/test_doc_validation.py::TestResolveCoreCount::test_resolve_core_count_clamped 
[gw2] [ 21%] PASSED tests/test_document/test_ingestion.py::TestChunkTextEdgeCases::test_chunk_text_single_page_numbers_preserved 
tests/test_document/test_ingestion.py::TestChunkTextEdgeCases::test_chunk_text_larger_overlap 
[gw3] [ 21%] PASSED tests/test_document/test_doc_validation.py::TestResolveCoreCount::test_resolve_core_count_clamped 
tests/test_document/test_doc_validation.py::TestResolveCoreCount::test_resolve_core_count_invalid 
[gw2] [ 21%] PASSED tests/test_document/test_ingestion.py::TestChunkTextEdgeCases::test_chunk_text_larger_overlap 
tests/test_document/test_ingestion.py::TestDocumentIngestorExtractText::test_extract_text_empty_text_item 
[gw3] [ 22%] PASSED tests/test_document/test_doc_validation.py::TestResolveCoreCount::test_resolve_core_count_invalid 
tests/test_document/test_document_types.py::TestOfficeFormats::test_docx_file_type_detection 
[gw3] [ 22%] PASSED tests/test_document/test_document_types.py::TestOfficeFormats::test_docx_file_type_detection 
tests/test_document/test_document_types.py::TestOfficeFormats::test_docx_is_supported 
[gw3] [ 22%] PASSED tests/test_document/test_document_types.py::TestOfficeFormats::test_docx_is_supported 
tests/test_document/test_document_types.py::TestOfficeFormats::test_docx_ingestion 
[gw3] [ 22%] PASSED tests/test_document/test_document_types.py::TestOfficeFormats::test_docx_ingestion 
tests/test_document/test_document_types.py::TestOfficeFormats::test_pptx_file_type_detection 
[gw3] [ 22%] PASSED tests/test_document/test_document_types.py::TestOfficeFormats::test_pptx_file_type_detection 
tests/test_document/test_document_types.py::TestOfficeFormats::test_pptx_is_supported 
[gw3] [ 22%] PASSED tests/test_document/test_document_types.py::TestOfficeFormats::test_pptx_is_supported 
tests/test_document/test_document_types.py::TestOfficeFormats::test_pptx_ingestion 
[gw3] [ 22%] PASSED tests/test_document/test_document_types.py::TestOfficeFormats::test_pptx_ingestion 
tests/test_document/test_document_types.py::TestOfficeFormats::test_xlsx_file_type_detection 
[gw2] [ 22%] PASSED tests/test_document/test_ingestion.py::TestDocumentIngestorExtractText::test_extract_text_empty_text_item 
tests/test_document/test_ingestion.py::TestDocumentIngestorExtractText::test_extract_text_with_fallback 
[gw3] [ 22%] PASSED tests/test_document/test_document_types.py::TestOfficeFormats::test_xlsx_file_type_detection 
tests/test_document/test_document_types.py::TestOfficeFormats::test_xlsx_is_supported 
[gw3] [ 22%] PASSED tests/test_document/test_document_types.py::TestOfficeFormats::test_xlsx_is_supported 
tests/test_document/test_document_types.py::TestOfficeFormats::test_xlsx_ingestion 
[gw3] [ 22%] PASSED tests/test_document/test_document_types.py::TestOfficeFormats::test_xlsx_ingestion 
tests/test_document/test_document_types.py::TestWebFormats::test_html_file_type_detection 
[gw3] [ 22%] PASSED tests/test_document/test_document_types.py::TestWebFormats::test_html_file_type_detection 
tests/test_document/test_document_types.py::TestWebFormats::test_html_is_supported 
[gw3] [ 23%] PASSED tests/test_document/test_document_types.py::TestWebFormats::test_html_is_supported 
tests/test_domain/test_value_objects.py::TestPageNumber::test_negative_page_rejected 
[gw3] [ 23%] PASSED tests/test_domain/test_value_objects.py::TestPageNumber::test_negative_page_rejected 
tests/test_domain/test_value_objects.py::TestPageNumber::test_int_conversion 
[gw3] [ 23%] PASSED tests/test_domain/test_value_objects.py::TestPageNumber::test_int_conversion 
tests/test_domain/test_value_objects.py::TestPageNumber::test_multi_digit_page 
[gw3] [ 23%] PASSED tests/test_domain/test_value_objects.py::TestPageNumber::test_multi_digit_page 
tests/test_domain/test_value_objects.py::TestPageNumber::test_frozen_immutability 
[gw3] [ 23%] PASSED tests/test_domain/test_value_objects.py::TestPageNumber::test_frozen_immutability 
tests/test_embedding/test_embedding_edge_cases.py::TestLocalEmbeddingGeneratorEdgeCases::test_close_with_none_model 
[gw3] [ 23%] PASSED tests/test_embedding/test_embedding_edge_cases.py::TestLocalEmbeddingGeneratorEdgeCases::test_close_with_none_model 
tests/test_embedding/test_embedding_edge_cases.py::TestLocalEmbeddingGeneratorEdgeCases::test_close_with_active_model 
[gw3] [ 23%] PASSED tests/test_embedding/test_embedding_edge_cases.py::TestLocalEmbeddingGeneratorEdgeCases::test_close_with_active_model 
tests/test_embedding/test_embedding_edge_cases.py::TestLocalEmbeddingGeneratorEdgeCases::test_close_idempotent 
[gw3] [ 23%] PASSED tests/test_embedding/test_embedding_edge_cases.py::TestLocalEmbeddingGeneratorEdgeCases::test_close_idempotent 
tests/test_embedding/test_embedding_edge_cases.py::TestLocalEmbeddingGeneratorEdgeCases::test_generate_with_empty_text 
[gw3] [ 23%] PASSED tests/test_embedding/test_embedding_edge_cases.py::TestLocalEmbeddingGeneratorEdgeCases::test_generate_with_empty_text 
tests/test_embedding/test_embedding_edge_cases.py::TestLocalEmbeddingGeneratorEdgeCases::test_generate_batch_with_empty_list 
[gw3] [ 23%] PASSED tests/test_embedding/test_embedding_edge_cases.py::TestLocalEmbeddingGeneratorEdgeCases::test_generate_batch_with_empty_list 
tests/test_embedding/test_embedding_edge_cases.py::TestLocalEmbeddingGeneratorEdgeCases::test_generate_batch_with_all_empty_strings 
[gw3] [ 23%] PASSED tests/test_embedding/test_embedding_edge_cases.py::TestLocalEmbeddingGeneratorEdgeCases::test_generate_batch_with_all_empty_strings 
tests/test_embedding/test_embedding_edge_cases.py::TestLocalEmbeddingGeneratorEdgeCases::test_model_property_creates_on_first_access 
[gw3] [ 24%] PASSED tests/test_embedding/test_embedding_edge_cases.py::TestLocalEmbeddingGeneratorEdgeCases::test_model_property_creates_on_first_access 
tests/test_embedding/test_embedding_edge_cases.py::TestLocalEmbeddingGeneratorEdgeCases::test_model_property_reuses_existing 
[gw3] [ 24%] PASSED tests/test_embedding/test_embedding_edge_cases.py::TestLocalEmbeddingGeneratorEdgeCases::test_model_property_reuses_existing 
tests/test_embedding/test_embedding_edge_cases.py::TestLocalEmbeddingGeneratorEdgeCases::test_init_with_custom_model_name 
[gw3] [ 24%] PASSED tests/test_embedding/test_embedding_edge_cases.py::TestLocalEmbeddingGeneratorEdgeCases::test_init_with_custom_model_name 
tests/test_embedding/test_local_generation.py::TestEmbeddingModelLoading::test_embedding_model_loading 
[gw3] [ 24%] PASSED tests/test_embedding/test_local_generation.py::TestEmbeddingModelLoading::test_embedding_model_loading 
tests/test_embedding/test_local_generation.py::TestEmbeddingModelLoading::test_model_property_loads_sentence_transformers 
[gw2] [ 24%] PASSED tests/test_document/test_ingestion.py::TestDocumentIngestorExtractText::test_extract_text_with_fallback 
tests/test_document/test_ingestion.py::TestDocumentIngestorExtractText::test_extract_text_file_not_found 
[gw2] [ 24%] PASSED tests/test_document/test_ingestion.py::TestDocumentIngestorExtractText::test_extract_text_file_not_found 
tests/test_document/test_ingestion.py::TestDocumentIngestorExtractText::test_extract_text_exception_handling 
[gw2] [ 24%] PASSED tests/test_document/test_ingestion.py::TestDocumentIngestorExtractText::test_extract_text_exception_handling 
tests/test_document/test_ingestion.py::TestDocumentIngestorExtractText::test_extract_text_text_item_without_text_attr 
[gw2] [ 24%] PASSED tests/test_document/test_ingestion.py::TestDocumentIngestorExtractText::test_extract_text_text_item_without_text_attr 
tests/test_document/test_ingestion.py::TestDocumentIngestorExtractText::test_extract_text_text_item_without_text_value 
[gw2] [ 24%] PASSED tests/test_document/test_ingestion.py::TestDocumentIngestorExtractText::test_extract_text_text_item_without_text_value 
tests/test_document/test_ingestion_edge_cases.py::TestDocumentIngestorCollectFiles::test_collect_from_directory_with_supported_files 
[gw3] [ 24%] PASSED tests/test_embedding/test_local_generation.py::TestEmbeddingModelLoading::test_model_property_loads_sentence_transformers 
tests/test_embedding/test_local_generation.py::TestEmbeddingModelLoading::test_model_property_reuses_loaded_model 
[gw3] [ 24%] PASSED tests/test_embedding/test_local_generation.py::TestEmbeddingModelLoading::test_model_property_reuses_loaded_model 
tests/test_embedding/test_local_generation.py::TestEmbeddingGenerate::test_embedding_generate_single 
[gw3] [ 25%] PASSED tests/test_embedding/test_local_generation.py::TestEmbeddingGenerate::test_embedding_generate_single 
tests/test_embedding/test_local_generation.py::TestEmbeddingGenerate::test_embedding_generate_batch 
[gw3] [ 25%] PASSED tests/test_embedding/test_local_generation.py::TestEmbeddingGenerate::test_embedding_generate_batch 
tests/test_embedding/test_local_generation.py::TestEmbeddingGenerate::test_embedding_generate_batch_empty_list 
[gw3] [ 25%] PASSED tests/test_embedding/test_local_generation.py::TestEmbeddingGenerate::test_embedding_generate_batch_empty_list 
tests/test_embedding/test_local_generation.py::TestEmbeddingGenerate::test_embedding_generate_batch_filters_empty_strings 
[gw3] [ 25%] PASSED tests/test_embedding/test_local_generation.py::TestEmbeddingGenerate::test_embedding_generate_batch_filters_empty_strings 
tests/test_embedding/test_local_generation.py::TestEmbeddingDimensions::test_embedding_dimensions_correct 
[gw3] [ 25%] PASSED tests/test_embedding/test_local_generation.py::TestEmbeddingDimensions::test_embedding_dimensions_correct 
tests/test_embedding/test_local_generation.py::TestEmbeddingDimensions::test_embedding_batch_dimensions_consistent 
[gw3] [ 25%] PASSED tests/test_embedding/test_local_generation.py::TestEmbeddingDimensions::test_embedding_batch_dimensions_consistent 
tests/test_embedding/test_local_generation.py::TestEmbeddingConsistency::test_embedding_consistency 
[gw3] [ 25%] PASSED tests/test_embedding/test_local_generation.py::TestEmbeddingConsistency::test_embedding_consistency 
tests/test_embedding/test_local_generation.py::TestEmbeddingEmptyText::test_embedding_empty_text 
[gw3] [ 25%] PASSED tests/test_embedding/test_local_generation.py::TestEmbeddingEmptyText::test_embedding_empty_text 
tests/test_embedding/test_local_generation.py::TestEmbeddingEmptyText::test_embedding_whitespace_only 
[gw3] [ 25%] PASSED tests/test_embedding/test_local_generation.py::TestEmbeddingEmptyText::test_embedding_whitespace_only 
tests/test_embedding/test_local_generation.py::TestEmbeddingLargeBatch::test_embedding_large_batch 
[gw3] [ 25%] PASSED tests/test_embedding/test_local_generation.py::TestEmbeddingLargeBatch::test_embedding_large_batch 
tests/test_embedding/test_local_generation.py::TestEmbeddingLargeBatch::test_embedding_very_large_batch 
[gw2] [ 25%] PASSED tests/test_document/test_ingestion_edge_cases.py::TestDocumentIngestorCollectFiles::test_collect_from_directory_with_supported_files 
tests/test_document/test_ingestion_edge_cases.py::TestDocumentIngestorCollectFiles::test_collect_from_directory_recursive 
[gw3] [ 25%] PASSED tests/test_embedding/test_local_generation.py::TestEmbeddingLargeBatch::test_embedding_very_large_batch 
tests/test_embedding/test_local_generation.py::TestEmbeddingCuda::test_embedding_cuda_available 
[gw3] [ 26%] PASSED tests/test_embedding/test_local_generation.py::TestEmbeddingCuda::test_embedding_cuda_available 
tests/test_embedding/test_local_generation.py::TestEmbeddingCuda::test_embedding_cuda_not_available 
[gw3] [ 26%] PASSED tests/test_embedding/test_local_generation.py::TestEmbeddingCuda::test_embedding_cuda_not_available 
tests/test_embedding/test_local_generation.py::TestValidateConnection::test_validate_connection_success 
[gw3] [ 26%] PASSED tests/test_embedding/test_local_generation.py::TestValidateConnection::test_validate_connection_success 
tests/test_embedding/test_local_generation.py::TestValidateConnection::test_validate_connection_failure 
[gw3] [ 26%] PASSED tests/test_embedding/test_local_generation.py::TestValidateConnection::test_validate_connection_failure 
tests/test_embedding/test_local_generation.py::TestValidateConnection::test_validate_connection_caching 
[gw3] [ 26%] PASSED tests/test_embedding/test_local_generation.py::TestValidateConnection::test_validate_connection_caching 
tests/test_embedding/test_local_generation.py::TestValidateConnection::test_validate_connection_force_revalidate 
[gw3] [ 26%] PASSED tests/test_embedding/test_local_generation.py::TestValidateConnection::test_validate_connection_force_revalidate 
tests/test_embedding/test_local_generation.py::TestEmbeddingClose::test_close_with_active_model 
[gw3] [ 26%] PASSED tests/test_embedding/test_local_generation.py::TestEmbeddingClose::test_close_with_active_model 
tests/test_embedding/test_local_generation.py::TestEmbeddingClose::test_close_with_none_model 
[gw3] [ 26%] PASSED tests/test_embedding/test_local_generation.py::TestEmbeddingClose::test_close_with_none_model 
tests/test_embedding/test_local_generation.py::TestEmbeddingClose::test_close_idempotent 
[gw3] [ 26%] PASSED tests/test_embedding/test_local_generation.py::TestEmbeddingClose::test_close_idempotent 
tests/test_examples/test_examples.py::TestBasicUsageExamples::test_example_basic_usage_ingest 
[gw2] [ 26%] PASSED tests/test_document/test_ingestion_edge_cases.py::TestDocumentIngestorCollectFiles::test_collect_from_directory_recursive 
tests/test_document/test_ingestion_edge_cases.py::TestDocumentIngestorCollectFiles::test_collect_from_directory_non_recursive 
[gw2] [ 26%] PASSED tests/test_document/test_ingestion_edge_cases.py::TestDocumentIngestorCollectFiles::test_collect_from_directory_non_recursive 
tests/test_document/test_ingestion_edge_cases.py::TestDocumentIngestorCollectFiles::test_collect_rejects_invalid_path 
[gw2] [ 27%] PASSED tests/test_document/test_ingestion_edge_cases.py::TestDocumentIngestorCollectFiles::test_collect_rejects_invalid_path 
tests/test_document/test_ingestion_edge_cases.py::TestDocumentIngestorIngestEdgeCases::test_ingest_empty_directory_returns_zeros 
[gw2] [ 27%] PASSED tests/test_document/test_ingestion_edge_cases.py::TestDocumentIngestorIngestEdgeCases::test_ingest_empty_directory_returns_zeros 
tests/test_document/test_ingestion_edge_cases.py::TestDocumentIngestorIngestEdgeCases::test_ingest_directory_with_no_supported_files 
[gw2] [ 27%] PASSED tests/test_document/test_ingestion_edge_cases.py::TestDocumentIngestorIngestEdgeCases::test_ingest_directory_with_no_supported_files 
tests/test_document/test_ingestion_edge_cases.py::TestDocumentIngestorBuildDocumentsEdgeCases::test_build_documents_with_sentence_transformers_unavailable_error 
[gw2] [ 27%] PASSED tests/test_document/test_ingestion_edge_cases.py::TestDocumentIngestorBuildDocumentsEdgeCases::test_build_documents_with_sentence_transformers_unavailable_error 
tests/test_document/test_ingestion_edge_cases.py::TestDocumentIngestorBuildDocumentsEdgeCases::test_build_documents_skips_chunks_without_embedding 
[gw2] [ 27%] PASSED tests/test_document/test_ingestion_edge_cases.py::TestDocumentIngestorBuildDocumentsEdgeCases::test_build_documents_skips_chunks_without_embedding 
tests/test_document/test_ingestion_edge_cases.py::TestDocumentIngestorBuildDocumentsEdgeCases::test_build_documents_with_multiple_pages 
[gw2] [ 27%] PASSED tests/test_document/test_ingestion_edge_cases.py::TestDocumentIngestorBuildDocumentsEdgeCases::test_build_documents_with_multiple_pages 
tests/test_document/test_ingestion_edge_cases.py::TestDocumentIngestorBuildDocumentsEdgeCases::test_build_documents_preserves_file_type_metadata 
[gw2] [ 27%] PASSED tests/test_document/test_ingestion_edge_cases.py::TestDocumentIngestorBuildDocumentsEdgeCases::test_build_documents_preserves_file_type_metadata 
tests/test_document/test_ingestion_edge_cases.py::TestDocumentIngestorBuildDocumentsEdgeCases::test_build_documents_with_large_number_of_chunks 
[gw2] [ 27%] PASSED tests/test_document/test_ingestion_edge_cases.py::TestDocumentIngestorBuildDocumentsEdgeCases::test_build_documents_with_large_number_of_chunks 
tests/test_document/test_ingestion_validation.py::TestDocumentIngestorValidation::test_init_rejects_zero_chunk_size 
[gw2] [ 27%] PASSED tests/test_document/test_ingestion_validation.py::TestDocumentIngestorValidation::test_init_rejects_zero_chunk_size 
tests/test_document/test_ingestion_validation.py::TestDocumentIngestorValidation::test_init_rejects_negative_chunk_size 
[gw2] [ 27%] PASSED tests/test_document/test_ingestion_validation.py::TestDocumentIngestorValidation::test_init_rejects_negative_chunk_size 
tests/test_document/test_ingestion_validation.py::TestDocumentIngestorValidation::test_init_rejects_negative_chunk_overlap 
[gw2] [ 27%] PASSED tests/test_document/test_ingestion_validation.py::TestDocumentIngestorValidation::test_init_rejects_negative_chunk_overlap 
tests/test_document/test_ingestion_validation.py::TestDocumentIngestorValidation::test_init_rejects_overlap_gte_chunk_size 
[gw2] [ 27%] PASSED tests/test_document/test_ingestion_validation.py::TestDocumentIngestorValidation::test_init_rejects_overlap_gte_chunk_size 
tests/test_document/test_ingestion_validation.py::TestDocumentIngestorValidation::test_init_rejects_overlap_exceeds_chunk_size 
[gw2] [ 28%] PASSED tests/test_document/test_ingestion_validation.py::TestDocumentIngestorValidation::test_init_rejects_overlap_exceeds_chunk_size 
tests/test_document/test_ingestion_validation.py::TestDocumentIngestorPathValidation::test_validate_file_path_rejects_traversal 
[gw2] [ 28%] PASSED tests/test_document/test_ingestion_validation.py::TestDocumentIngestorPathValidation::test_validate_file_path_rejects_traversal 
tests/test_document/test_ingestion_validation.py::TestDocumentIngestorPathValidation::test_validate_file_path_rejects_encoded_traversal 
[gw2] [ 28%] PASSED tests/test_document/test_ingestion_validation.py::TestDocumentIngestorPathValidation::test_validate_file_path_rejects_encoded_traversal 
tests/test_domain/test_entities.py::TestDocumentChunkValidation::test_chunk_id_required 
[gw2] [ 28%] PASSED tests/test_domain/test_entities.py::TestDocumentChunkValidation::test_chunk_id_required 
tests/test_domain/test_entities.py::TestDocumentChunkValidation::test_validation_errors 
[gw2] [ 28%] PASSED tests/test_domain/test_entities.py::TestDocumentChunkValidation::test_validation_errors 
tests/test_domain/test_entities.py::TestDocumentChunkProperties::test_char_count_calculation 
[gw2] [ 28%] PASSED tests/test_domain/test_entities.py::TestDocumentChunkProperties::test_char_count_calculation 
tests/test_domain/test_entities.py::TestDocumentChunkProperties::test_word_count_calculation 
[gw2] [ 28%] PASSED tests/test_domain/test_entities.py::TestDocumentChunkProperties::test_word_count_calculation 
tests/test_domain/test_entities.py::TestDocumentChunkProperties::test_accuracy 
[gw2] [ 28%] PASSED tests/test_domain/test_entities.py::TestDocumentChunkProperties::test_accuracy 
tests/test_domain/test_entities.py::TestDocumentChunkEmbeddingStatus::test_has_embedding_with_none_vector 
[gw2] [ 28%] PASSED tests/test_domain/test_entities.py::TestDocumentChunkEmbeddingStatus::test_has_embedding_with_none_vector 
tests/test_domain/test_entities.py::TestDocumentChunkEmbeddingStatus::test_has_embedding_with_valid_vector 
[gw2] [ 28%] PASSED tests/test_domain/test_entities.py::TestDocumentChunkEmbeddingStatus::test_has_embedding_with_valid_vector 
tests/test_domain/test_entities.py::TestDocumentChunkEmbeddingStatus::test_boolean_logic 
[gw2] [ 28%] PASSED tests/test_domain/test_entities.py::TestDocumentChunkEmbeddingStatus::test_boolean_logic 
tests/test_domain/test_entities.py::TestDocumentChunkToDict::test_serialization_to_storage_format 
[gw2] [ 29%] PASSED tests/test_domain/test_entities.py::TestDocumentChunkToDict::test_serialization_to_storage_format 
tests/test_domain/test_entities.py::TestDocumentChunkToDict::test_all_fields_included 
[gw2] [ 29%] PASSED tests/test_domain/test_entities.py::TestDocumentChunkToDict::test_all_fields_included 
tests/test_domain/test_entities.py::TestDocumentChunkToDict::test_embedding_vector_serialization 
[gw2] [ 29%] PASSED tests/test_domain/test_entities.py::TestDocumentChunkToDict::test_embedding_vector_serialization 
tests/test_domain/test_entities.py::TestDocumentChunkPageNone::test_chunk_without_page_number 
[gw2] [ 29%] PASSED tests/test_domain/test_entities.py::TestDocumentChunkPageNone::test_chunk_without_page_number 
tests/test_domain/test_entities.py::TestDocumentChunkPageNone::test_page_num_none_handled 
[gw2] [ 29%] PASSED tests/test_domain/test_entities.py::TestDocumentChunkPageNone::test_page_num_none_handled 
tests/test_domain/test_entities.py::TestDocumentChunkPageNone::test_serialization_with_none 
[gw2] [ 29%] PASSED tests/test_domain/test_entities.py::TestDocumentChunkPageNone::test_serialization_with_none 
tests/test_domain/test_value_objects.py::TestSourcePathValidation::test_valid_path_accepted 
[gw2] [ 29%] PASSED tests/test_domain/test_value_objects.py::TestSourcePathValidation::test_valid_path_accepted 
tests/test_domain/test_value_objects.py::TestSourcePathValidation::test_empty_path_accepted 
[gw2] [ 29%] PASSED tests/test_domain/test_value_objects.py::TestSourcePathValidation::test_empty_path_accepted 
tests/test_domain/test_value_objects.py::TestSourcePathValidation::test_type_checking_only 
[gw2] [ 29%] PASSED tests/test_domain/test_value_objects.py::TestSourcePathValidation::test_type_checking_only 
tests/test_domain/test_value_objects.py::TestSourcePathNormalization::test_path_as_is 
[gw2] [ 29%] PASSED tests/test_domain/test_value_objects.py::TestSourcePathNormalization::test_path_as_is 
tests/test_domain/test_value_objects.py::TestSourcePathNormalization::test_trailing_slashes_preserved 
[gw2] [ 29%] PASSED tests/test_domain/test_value_objects.py::TestSourcePathNormalization::test_trailing_slashes_preserved 
tests/test_domain/test_value_objects.py::TestSourcePathNormalization::test_relative_vs_absolute 
[gw2] [ 30%] PASSED tests/test_domain/test_value_objects.py::TestSourcePathNormalization::test_relative_vs_absolute 
tests/test_domain/test_value_objects.py::TestSourcePathEquality::test_equality_operator 
[gw2] [ 30%] PASSED tests/test_domain/test_value_objects.py::TestSourcePathEquality::test_equality_operator 
tests/test_domain/test_value_objects.py::TestSourcePathEquality::test_hash_consistency 
[gw2] [ 30%] PASSED tests/test_domain/test_value_objects.py::TestSourcePathEquality::test_hash_consistency 
tests/test_domain/test_value_objects.py::TestSourcePathEquality::test_different_paths_not_equal 
[gw2] [ 30%] PASSED tests/test_domain/test_value_objects.py::TestSourcePathEquality::test_different_paths_not_equal 
tests/test_domain/test_value_objects.py::TestEmbeddingVectorValidation::test_valid_vector_accepted 
[gw2] [ 30%] PASSED tests/test_domain/test_value_objects.py::TestEmbeddingVectorValidation::test_valid_vector_accepted 
tests/test_domain/test_value_objects.py::TestEmbeddingVectorValidation::test_empty_vector_accepted 
[gw2] [ 30%] PASSED tests/test_domain/test_value_objects.py::TestEmbeddingVectorValidation::test_empty_vector_accepted 
tests/test_domain/test_value_objects.py::TestEmbeddingVectorValidation::test_type_checking_only 
[gw2] [ 30%] PASSED tests/test_domain/test_value_objects.py::TestEmbeddingVectorValidation::test_type_checking_only 
tests/test_domain/test_value_objects.py::TestEmbeddingVectorProperties::test_vector_as_list 
[gw2] [ 30%] PASSED tests/test_domain/test_value_objects.py::TestEmbeddingVectorProperties::test_vector_as_list 
tests/test_domain/test_value_objects.py::TestEmbeddingVectorProperties::test_vector_mutable 
[gw2] [ 30%] PASSED tests/test_domain/test_value_objects.py::TestEmbeddingVectorProperties::test_vector_mutable 
tests/test_domain/test_value_objects.py::TestEmbeddingVectorProperties::test_vector_equality 
[gw2] [ 30%] PASSED tests/test_domain/test_value_objects.py::TestEmbeddingVectorProperties::test_vector_equality 
tests/test_domain/test_value_objects.py::TestChunkIdGeneration::test_unique_id_generation 
[gw2] [ 30%] PASSED tests/test_domain/test_value_objects.py::TestChunkIdGeneration::test_unique_id_generation 
tests/test_domain/test_value_objects.py::TestChunkIdGeneration::test_format_consistency 
[gw2] [ 30%] PASSED tests/test_domain/test_value_objects.py::TestChunkIdGeneration::test_format_consistency 
tests/test_domain/test_value_objects.py::TestChunkIdGeneration::test_uuid_based_generation 
[gw2] [ 31%] PASSED tests/test_domain/test_value_objects.py::TestChunkIdGeneration::test_uuid_based_generation 
tests/test_domain/test_value_objects.py::TestChunkIdValidation::test_valid_id_format 
[gw2] [ 31%] PASSED tests/test_domain/test_value_objects.py::TestChunkIdValidation::test_valid_id_format 
tests/test_domain/test_value_objects.py::TestChunkIdValidation::test_invalid_format_accepted 
[gw2] [ 31%] PASSED tests/test_domain/test_value_objects.py::TestChunkIdValidation::test_invalid_format_accepted 
tests/test_domain/test_value_objects.py::TestChunkIdValidation::test_parsing_logic 
[gw2] [ 31%] PASSED tests/test_domain/test_value_objects.py::TestChunkIdValidation::test_parsing_logic 
tests/test_domain/test_value_objects.py::TestFileSize::test_valid_size 
[gw2] [ 31%] PASSED tests/test_domain/test_value_objects.py::TestFileSize::test_valid_size 
tests/test_domain/test_value_objects.py::TestFileSize::test_negative_size_rejected 
[gw2] [ 31%] PASSED tests/test_domain/test_value_objects.py::TestFileSize::test_negative_size_rejected 
tests/test_domain/test_value_objects.py::TestFileSize::test_kilobytes_property 
[gw2] [ 31%] PASSED tests/test_domain/test_value_objects.py::TestFileSize::test_kilobytes_property 
tests/test_domain/test_value_objects.py::TestFileSize::test_megabytes_property 
[gw2] [ 31%] PASSED tests/test_domain/test_value_objects.py::TestFileSize::test_megabytes_property 
tests/test_domain/test_value_objects.py::TestFileSize::test_string_representation_mb 
[gw2] [ 31%] PASSED tests/test_domain/test_value_objects.py::TestFileSize::test_string_representation_mb 
tests/test_domain/test_value_objects.py::TestFileSize::test_string_representation_kb 
[gw2] [ 31%] PASSED tests/test_domain/test_value_objects.py::TestFileSize::test_string_representation_kb 
tests/test_domain/test_value_objects.py::TestFileSize::test_string_representation_bytes 
[gw2] [ 31%] PASSED tests/test_domain/test_value_objects.py::TestFileSize::test_string_representation_bytes 
tests/test_domain/test_value_objects.py::TestFileSize::test_zero_bytes 
[gw2] [ 32%] PASSED tests/test_domain/test_value_objects.py::TestFileSize::test_zero_bytes 
tests/test_domain/test_value_objects.py::TestPageNumber::test_valid_page_number 
[gw2] [ 32%] PASSED tests/test_domain/test_value_objects.py::TestPageNumber::test_valid_page_number 
tests/test_domain/test_value_objects.py::TestPageNumber::test_zero_page_rejected 
[gw2] [ 32%] PASSED tests/test_domain/test_value_objects.py::TestPageNumber::test_zero_page_rejected 
tests/test_logging/test_logging.py::TestHealthStatus::test_health_status_has_status_field 
[gw2] [ 32%] PASSED tests/test_logging/test_logging.py::TestHealthStatus::test_health_status_has_status_field 
tests/test_logging/test_logging.py::TestHealthStatus::test_health_status_has_services_field 
[gw2] [ 32%] PASSED tests/test_logging/test_logging.py::TestHealthStatus::test_health_status_has_services_field 
tests/test_logging/test_logging.py::TestJsonLogging::test_json_formatter_output 
[gw2] [ 32%] PASSED tests/test_logging/test_logging.py::TestJsonLogging::test_json_formatter_output 
tests/test_logging/test_logging.py::TestJsonLogging::test_json_formatter_includes_metadata 
[gw2] [ 32%] PASSED tests/test_logging/test_logging.py::TestJsonLogging::test_json_formatter_includes_metadata 
tests/test_logging/test_logging.py::TestRequestContext::test_get_request_id_default_empty 
[gw2] [ 32%] PASSED tests/test_logging/test_logging.py::TestRequestContext::test_get_request_id_default_empty 
tests/test_logging/test_logging.py::TestRequestContext::test_set_request_id_generates_uuid 
[gw2] [ 32%] PASSED tests/test_logging/test_logging.py::TestRequestContext::test_set_request_id_generates_uuid 
tests/test_logging/test_logging.py::TestRequestContext::test_set_request_id_with_custom_id 
[gw2] [ 32%] PASSED tests/test_logging/test_logging.py::TestRequestContext::test_set_request_id_with_custom_id 
tests/test_logging/test_logging.py::TestRequestContext::test_get_request_id_returns_set_value 
[gw2] [ 32%] PASSED tests/test_logging/test_logging.py::TestRequestContext::test_get_request_id_returns_set_value 
tests/test_logging/test_logging.py::TestRequestContext::test_request_id_isolation 
[gw2] [ 32%] PASSED tests/test_logging/test_logging.py::TestRequestContext::test_request_id_isolation 
tests/test_logging/test_logging.py::TestSetupJsonLogging::test_setup_json_logging_creates_formatter 
[gw2] [ 33%] PASSED tests/test_logging/test_logging.py::TestSetupJsonLogging::test_setup_json_logging_creates_formatter 
tests/test_logging/test_logging.py::TestSetupJsonLogging::test_setup_json_logging_sets_level 
[gw2] [ 33%] PASSED tests/test_logging/test_logging.py::TestSetupJsonLogging::test_setup_json_logging_sets_level 
tests/test_logging/test_logging.py::TestSetupJsonLogging::test_json_formatter_includes_request_id 
[gw2] [ 33%] PASSED tests/test_logging/test_logging.py::TestSetupJsonLogging::test_json_formatter_includes_request_id 
tests/test_logging/test_logging.py::TestSetupJsonLogging::test_setup_json_logging_formats_output 
[gw2] [ 33%] PASSED tests/test_logging/test_logging.py::TestSetupJsonLogging::test_setup_json_logging_formats_output 
tests/test_logging/test_logging.py::TestGetHealthStatus::test_get_health_status_structure 
[gw2] [ 33%] PASSED tests/test_logging/test_logging.py::TestGetHealthStatus::test_get_health_status_structure 
tests/test_logging/test_logging.py::TestGetHealthStatus::test_get_health_status_services_keys 
[gw2] [ 33%] PASSED tests/test_logging/test_logging.py::TestGetHealthStatus::test_get_health_status_services_keys 
tests/test_logging/test_logging.py::TestCheckServices::test_check_services_returns_dict 
[gw2] [ 33%] PASSED tests/test_logging/test_logging.py::TestCheckServices::test_check_services_returns_dict 
tests/test_logging/test_logging.py::TestCheckServices::test_check_services_has_required_keys 
[gw2] [ 33%] PASSED tests/test_logging/test_logging.py::TestCheckServices::test_check_services_has_required_keys 
tests/test_logging/test_logging.py::TestCheckServices::test_check_services_values_are_booleans 
[gw2] [ 33%] PASSED tests/test_logging/test_logging.py::TestCheckServices::test_check_services_values_are_booleans 
tests/test_management/test_management.py::TestBaseManager::test_init_default 
[gw2] [ 33%] PASSED tests/test_management/test_management.py::TestBaseManager::test_init_default 
tests/test_management/test_management.py::TestBaseManager::test_init_verbose 
[gw2] [ 33%] PASSED tests/test_management/test_management.py::TestBaseManager::test_init_verbose 
tests/test_management/test_management.py::TestBaseManager::test_close 
[gw2] [ 34%] PASSED tests/test_management/test_management.py::TestBaseManager::test_close 
tests/test_management/test_management.py::TestBaseManager::test_context_manager 
[gw2] [ 34%] PASSED tests/test_management/test_management.py::TestBaseManager::test_context_manager 
tests/test_management/test_management.py::TestBaseManager::test_ensure_storage_available_success 
[gw2] [ 34%] PASSED tests/test_management/test_management.py::TestBaseManager::test_ensure_storage_available_success 
tests/test_management/test_management.py::TestBaseManager::test_ensure_storage_available_failure 
[gw2] [ 34%] PASSED tests/test_management/test_management.py::TestBaseManager::test_ensure_storage_available_failure 
tests/test_management/test_management.py::TestLister::test_init_default 
[gw2] [ 34%] PASSED tests/test_management/test_management.py::TestLister::test_init_default 
tests/test_management/test_management.py::TestLister::test_init_verbose 
[gw2] [ 34%] PASSED tests/test_management/test_management.py::TestLister::test_init_verbose 
tests/test_management/test_management.py::TestLister::test_list_chunks_all 
[gw2] [ 34%] PASSED tests/test_management/test_management.py::TestLister::test_list_chunks_all 
tests/test_management/test_management.py::TestLister::test_list_chunks_with_source_filter 
[gw2] [ 34%] PASSED tests/test_management/test_management.py::TestLister::test_list_chunks_with_source_filter 
tests/test_management/test_management.py::TestLister::test_list_chunks_with_pagination 
[gw2] [ 34%] PASSED tests/test_management/test_management.py::TestLister::test_list_chunks_with_pagination 
tests/test_management/test_management.py::TestLister::test_list_chunks_connection_error 
[gw2] [ 34%] PASSED tests/test_management/test_management.py::TestLister::test_list_chunks_connection_error 
tests/test_management/test_management.py::TestDeleter::test_init_default 
[gw2] [ 34%] PASSED tests/test_management/test_management.py::TestDeleter::test_init_default 
tests/test_management/test_management.py::TestDeleter::test_delete_all 
[gw2] [ 35%] PASSED tests/test_management/test_management.py::TestDeleter::test_delete_all 
tests/test_management/test_management.py::TestDeleter::test_delete_by_source 
[gw2] [ 35%] PASSED tests/test_management/test_management.py::TestDeleter::test_delete_by_source 
tests/test_management/test_management.py::TestDeleter::test_delete_by_chunk_id 
[gw2] [ 35%] PASSED tests/test_management/test_management.py::TestDeleter::test_delete_by_chunk_id 
tests/test_management/test_management.py::TestDeleter::test_delete_no_params 
[gw2] [ 35%] PASSED tests/test_management/test_management.py::TestDeleter::test_delete_no_params 
tests/test_management/test_management.py::TestDeleter::test_delete_priority_all_over_chunk_id 
[gw2] [ 35%] PASSED tests/test_management/test_management.py::TestDeleter::test_delete_priority_all_over_chunk_id 
tests/test_management/test_management.py::TestDeleter::test_delete_priority_chunk_id_over_source 
[gw2] [ 35%] PASSED tests/test_management/test_management.py::TestDeleter::test_delete_priority_chunk_id_over_source 
tests/test_management/test_management.py::TestDeleter::test_delete_connection_error 
[gw2] [ 35%] PASSED tests/test_management/test_management.py::TestDeleter::test_delete_connection_error 
tests/test_management/test_management.py::TestStatusChecker::test_init_default 
[gw2] [ 35%] PASSED tests/test_management/test_management.py::TestStatusChecker::test_init_default 
tests/test_management/test_management.py::TestStatusChecker::test_get_status 
[gw2] [ 35%] PASSED tests/test_management/test_management.py::TestStatusChecker::test_get_status 
tests/test_management/test_management.py::TestStatusChecker::test_get_status_connection_error 
[gw2] [ 35%] PASSED tests/test_management/test_management.py::TestStatusChecker::test_get_status_connection_error 
tests/test_mcp/integration/test_mcp_integration.py::TestMCPIntegration::test_ingest_tool_basic 
[gw2] [ 35%] PASSED tests/test_mcp/integration/test_mcp_integration.py::TestMCPIntegration::test_ingest_tool_basic 
tests/test_mcp/integration/test_mcp_integration.py::TestMCPIntegration::test_search_tool_basic 
[gw2] [ 35%] PASSED tests/test_mcp/integration/test_mcp_integration.py::TestMCPIntegration::test_search_tool_basic 
tests/test_mcp/integration/test_mcp_integration.py::TestMCPIntegration::test_health_tool_basic 
[gw2] [ 36%] PASSED tests/test_mcp/integration/test_mcp_integration.py::TestMCPIntegration::test_health_tool_basic 
tests/test_mcp/integration/test_mcp_integration.py::TestMCPIntegration::test_status_tool_basic 
[gw2] [ 36%] PASSED tests/test_mcp/integration/test_mcp_integration.py::TestMCPIntegration::test_status_tool_basic 
tests/test_mcp/integration/test_mcp_integration.py::TestMCPIntegration::test_ls_tool_basic 
[gw0] [ 36%] PASSED tests/test_document/test_ingestion_validation.py::TestDocumentIngestorPathValidation::test_validate_file_path_accepts_valid_path 
tests/test_document/test_ingestion_validation.py::TestDocumentIngestorPathValidation::test_validate_file_size_rejects_oversized_file 
[gw0] [ 36%] PASSED tests/test_document/test_ingestion_validation.py::TestDocumentIngestorPathValidation::test_validate_file_size_rejects_oversized_file 
tests/test_document/test_ingestion_validation.py::TestDocumentIngestorPathValidation::test_validate_file_size_accepts_valid_file 
[gw0] [ 36%] PASSED tests/test_document/test_ingestion_validation.py::TestDocumentIngestorPathValidation::test_validate_file_size_accepts_valid_file 
tests/test_document/test_ingestion_validation.py::TestDocumentIngestorFileProcessing::test_process_file_for_storage_extraction_failure 
[gw0] [ 36%] PASSED tests/test_document/test_ingestion_validation.py::TestDocumentIngestorFileProcessing::test_process_file_for_storage_extraction_failure 
tests/test_document/test_ingestion_validation.py::TestDocumentIngestorFileProcessing::test_process_file_for_storage_unexpected_error 
[gw0] [ 36%] PASSED tests/test_document/test_ingestion_validation.py::TestDocumentIngestorFileProcessing::test_process_file_for_storage_unexpected_error 
tests/test_document/test_ingestion_validation.py::TestDocumentIngestorFileProcessing::test_build_documents_with_embeddings_success 
[gw0] [ 36%] PASSED tests/test_document/test_ingestion_validation.py::TestDocumentIngestorFileProcessing::test_build_documents_with_embeddings_success 
tests/test_document/test_ingestion_validation.py::TestDocumentIngestorFileProcessing::test_build_documents_with_embeddings_deduplication 
[gw0] [ 36%] PASSED tests/test_document/test_ingestion_validation.py::TestDocumentIngestorFileProcessing::test_build_documents_with_embeddings_deduplication 
tests/test_document/test_ingestion_validation.py::TestDocumentIngestorFileProcessing::test_build_documents_with_embeddings_embedding_failure 
[gw0] [ 36%] PASSED tests/test_document/test_ingestion_validation.py::TestDocumentIngestorFileProcessing::test_build_documents_with_embeddings_embedding_failure 
tests/test_document/test_ingestion_validation.py::TestDocumentIngestorFileProcessing::test_build_documents_with_embeddings_empty_text_skipped 
[gw0] [ 36%] PASSED tests/test_document/test_ingestion_validation.py::TestDocumentIngestorFileProcessing::test_build_documents_with_embeddings_empty_text_skipped 
tests/test_document/test_ingestion_validation.py::TestDocumentIngestorIngestErrorHandling::test_ingest_handles_file_exception 
[gw0] [ 37%] PASSED tests/test_document/test_ingestion_validation.py::TestDocumentIngestorIngestErrorHandling::test_ingest_handles_file_exception 
tests/test_document/test_ingestion_validation.py::TestDocumentIngestorExtractTextPageNumbers::test_extract_text_with_page_numbers 
[gw0] [ 37%] PASSED tests/test_document/test_ingestion_validation.py::TestDocumentIngestorExtractTextPageNumbers::test_extract_text_with_page_numbers 
tests/test_document/test_ingestion_validation.py::TestDocumentIngestorExtractTextPageNumbers::test_extract_text_without_prov_falls_back_to_default 
[gw0] [ 37%] PASSED tests/test_document/test_ingestion_validation.py::TestDocumentIngestorExtractTextPageNumbers::test_extract_text_without_prov_falls_back_to_default 
tests/test_document/test_multicore_ingestion.py::TestCoreCountValidation::test_core_count_validation_zero 
[gw0] [ 37%] PASSED tests/test_document/test_multicore_ingestion.py::TestCoreCountValidation::test_core_count_validation_zero 
tests/test_document/test_multicore_ingestion.py::TestCoreCountValidation::test_core_count_validation_negative 
[gw0] [ 37%] PASSED tests/test_document/test_multicore_ingestion.py::TestCoreCountValidation::test_core_count_validation_negative 
tests/test_document/test_multicore_ingestion.py::TestCoreCountValidation::test_core_count_validation_excessive 
[gw0] [ 37%] PASSED tests/test_document/test_multicore_ingestion.py::TestCoreCountValidation::test_core_count_validation_excessive 
tests/test_document/test_multicore_ingestion.py::TestCoreCountFallback::test_fallback_to_config_max_workers 
[gw0] [ 37%] PASSED tests/test_document/test_multicore_ingestion.py::TestCoreCountFallback::test_fallback_to_config_max_workers 
tests/test_document/test_multicore_ingestion.py::TestCoreCountFallback::test_fallback_to_cpu_count_auto_detection 
[gw0] [ 37%] PASSED tests/test_document/test_multicore_ingestion.py::TestCoreCountFallback::test_fallback_to_cpu_count_auto_detection 
tests/test_document/test_multicore_ingestion.py::TestWorkerFunction::test_worker_function_module_level 
[gw0] [ 37%] PASSED tests/test_document/test_multicore_ingestion.py::TestWorkerFunction::test_worker_function_module_level 
tests/test_document/test_multicore_ingestion.py::TestWorkerFunction::test_worker_function_returns_correct_structure 
[gw0] [ 37%] PASSED tests/test_document/test_multicore_ingestion.py::TestWorkerFunction::test_worker_function_returns_correct_structure 
tests/test_document/test_multicore_ingestion.py::TestWorkerFunction::test_worker_function_handles_extraction_errors 
[gw0] [ 37%] PASSED tests/test_document/test_multicore_ingestion.py::TestWorkerFunction::test_worker_function_handles_extraction_errors 
tests/test_document/test_multicore_ingestion.py::TestWorkerFunction::test_worker_function_chunks_text_correctly 
[gw0] [ 37%] PASSED tests/test_document/test_multicore_ingestion.py::TestWorkerFunction::test_worker_function_chunks_text_correctly 
tests/test_document/test_multicore_ingestion.py::TestMemoryManagement::test_max_memory_batch_size_constant_exists 
[gw0] [ 38%] PASSED tests/test_document/test_multicore_ingestion.py::TestMemoryManagement::test_max_memory_batch_size_constant_exists 
tests/test_document/test_multicore_ingestion.py::TestMemoryManagement::test_batch_splitting_logic 
[gw0] [ 38%] PASSED tests/test_document/test_multicore_ingestion.py::TestMemoryManagement::test_batch_splitting_logic 
tests/test_document/test_multicore_ingestion.py::TestCLIValidation::test_cli_validates_cores_positive 
[gw0] [ 38%] PASSED tests/test_document/test_multicore_ingestion.py::TestCLIValidation::test_cli_validates_cores_positive 
tests/test_document/test_multicore_ingestion.py::TestCLIValidation::test_cli_clamps_excessive_cores 
[gw0] [ 38%] PASSED tests/test_document/test_multicore_ingestion.py::TestCLIValidation::test_cli_clamps_excessive_cores 
tests/test_document/test_streaming.py::TestStreamingProcessing::test_streaming_enabled_by_config 
[gw0] [ 38%] PASSED tests/test_document/test_streaming.py::TestStreamingProcessing::test_streaming_enabled_by_config 
tests/test_document/test_streaming.py::TestStreamingProcessing::test_streaming_disabled_fallback 
[gw0] [ 38%] PASSED tests/test_document/test_streaming.py::TestStreamingProcessing::test_streaming_disabled_fallback 
tests/test_document/test_streaming.py::TestStreamingProcessing::test_streaming_batch_size_limit 
[gw0] [ 38%] PASSED tests/test_document/test_streaming.py::TestStreamingProcessing::test_streaming_batch_size_limit 
tests/test_document/test_streaming.py::TestStreamingProcessing::test_streaming_with_large_document 
[gw0] [ 38%] PASSED tests/test_document/test_streaming.py::TestStreamingProcessing::test_streaming_with_large_document 
tests/test_document/test_streaming.py::TestStreamingProcessing::test_streaming_deduplication 
[gw0] [ 38%] PASSED tests/test_document/test_streaming.py::TestStreamingProcessing::test_streaming_deduplication 
tests/test_document/test_streaming.py::TestStreamingProcessing::test_streaming_handles_extraction_errors 
[gw0] [ 38%] PASSED tests/test_document/test_streaming.py::TestStreamingProcessing::test_streaming_handles_extraction_errors 
tests/test_document/test_streaming.py::TestEmbeddingBatchGeneration::test_batch_embedding_generation 
[gw0] [ 38%] PASSED tests/test_document/test_streaming.py::TestEmbeddingBatchGeneration::test_batch_embedding_generation 
tests/test_document/test_streaming.py::TestEmbeddingBatchGeneration::test_batch_embedding_with_cache 
[gw0] [ 39%] PASSED tests/test_document/test_streaming.py::TestEmbeddingBatchGeneration::test_batch_embedding_with_cache 
tests/test_document/test_streaming.py::TestEmbeddingBatchGeneration::test_batch_embedding_generation_failure 
[gw0] [ 39%] PASSED tests/test_document/test_streaming.py::TestEmbeddingBatchGeneration::test_batch_embedding_generation_failure 
tests/test_document/test_streaming.py::TestEmbeddingBatchGeneration::test_embedding_batch_size_config 
[gw0] [ 39%] PASSED tests/test_document/test_streaming.py::TestEmbeddingBatchGeneration::test_embedding_batch_size_config 
tests/test_document/test_streaming.py::TestStoreEmbeddingBatch::test_store_embedding_batch 
[gw0] [ 39%] PASSED tests/test_document/test_streaming.py::TestStoreEmbeddingBatch::test_store_embedding_batch 
tests/test_document/test_streaming.py::TestStoreEmbeddingBatch::test_store_embedding_batch_with_cache 
[gw0] [ 39%] PASSED tests/test_document/test_streaming.py::TestStoreEmbeddingBatch::test_store_embedding_batch_with_cache 
tests/test_document/test_streaming.py::TestStoreEmbeddingBatch::test_store_embedding_batch_empty 
[gw0] [ 39%] PASSED tests/test_document/test_streaming.py::TestStoreEmbeddingBatch::test_store_embedding_batch_empty 
tests/test_document/test_streaming.py::TestMemoryEfficiency::test_streaming_constant_memory_usage 
[gw0] [ 39%] PASSED tests/test_document/test_streaming.py::TestMemoryEfficiency::test_streaming_constant_memory_usage 
tests/test_document/test_streaming.py::TestMemoryEfficiency::test_streaming_batch_reset 
[gw2] [ 39%] PASSED tests/test_mcp/integration/test_mcp_integration.py::TestMCPIntegration::test_ls_tool_basic 
tests/test_mcp/integration/test_mcp_integration.py::TestMCPIntegration::test_delete_tool_missing_params 
[gw2] [ 39%] PASSED tests/test_mcp/integration/test_mcp_integration.py::TestMCPIntegration::test_delete_tool_missing_params 
tests/test_mcp/integration/test_mcp_integration.py::TestMCPIntegration::test_metrics_tool_basic 
[gw2] [ 39%] PASSED tests/test_mcp/integration/test_mcp_integration.py::TestMCPIntegration::test_metrics_tool_basic 
tests/test_mcp/integration/test_mcp_integration.py::TestMCPIntegration::test_chat_tool_missing_query 
[gw0] [ 39%] PASSED tests/test_document/test_streaming.py::TestMemoryEfficiency::test_streaming_batch_reset 
tests/test_domain/test_entities.py::TestDocumentMetadataValidation::test_source_file_required 
[gw0] [ 40%] PASSED tests/test_domain/test_entities.py::TestDocumentMetadataValidation::test_source_file_required 
tests/test_domain/test_entities.py::TestDocumentMetadataValidation::test_file_type_required 
[gw0] [ 40%] PASSED tests/test_domain/test_entities.py::TestDocumentMetadataValidation::test_file_type_required 
tests/test_domain/test_entities.py::TestDocumentMetadataValidation::test_dataclass_validation 
[gw0] [ 40%] PASSED tests/test_domain/test_entities.py::TestDocumentMetadataValidation::test_dataclass_validation 
tests/test_domain/test_entities.py::TestDocumentMetadataDefaults::test_optional_fields_default 
[gw0] [ 40%] PASSED tests/test_domain/test_entities.py::TestDocumentMetadataDefaults::test_optional_fields_default 
tests/test_domain/test_entities.py::TestDocumentMetadataDefaults::test_metadata_dict_behavior 
[gw0] [ 40%] PASSED tests/test_domain/test_entities.py::TestDocumentMetadataDefaults::test_metadata_dict_behavior 
tests/test_domain/test_entities.py::TestDocumentMetadataImmutability::test_frozen_dataclass 
[gw0] [ 40%] PASSED tests/test_domain/test_entities.py::TestDocumentMetadataImmutability::test_frozen_dataclass 
tests/test_domain/test_entities.py::TestDocumentMetadataImmutability::test_cannot_modify_after_creation 
[gw0] [ 40%] PASSED tests/test_domain/test_entities.py::TestDocumentMetadataImmutability::test_cannot_modify_after_creation 
tests/test_domain/test_entities.py::TestDocumentChunkValidation::test_chunk_text_required 
[gw0] [ 40%] PASSED tests/test_domain/test_entities.py::TestDocumentChunkValidation::test_chunk_text_required 
tests/test_rag/test_ollama_provider.py::TestOllamaProviderGenerate::test_generate_server_unavailable 
[gw0] [ 40%] PASSED tests/test_rag/test_ollama_provider.py::TestOllamaProviderGenerate::test_generate_server_unavailable 
tests/test_rag/test_ollama_provider.py::TestOllamaProviderGenerate::test_generate_timeout 
[gw0] [ 40%] PASSED tests/test_rag/test_ollama_provider.py::TestOllamaProviderGenerate::test_generate_timeout 
tests/test_rag/test_ollama_provider.py::TestOllamaProviderGenerate::test_generate_model_not_found 
[gw0] [ 40%] PASSED tests/test_rag/test_ollama_provider.py::TestOllamaProviderGenerate::test_generate_model_not_found 
tests/test_rag/test_ollama_provider.py::TestOllamaProviderAGenerate::test_agenerate_success 
[gw0] [ 40%] PASSED tests/test_rag/test_ollama_provider.py::TestOllamaProviderAGenerate::test_agenerate_success 
tests/test_rag/test_ollama_provider.py::TestOllamaProviderAGenerate::test_agenerate_with_custom_params 
[gw0] [ 41%] PASSED tests/test_rag/test_ollama_provider.py::TestOllamaProviderAGenerate::test_agenerate_with_custom_params 
tests/test_rag/test_ollama_provider.py::TestOllamaProviderHealthCheck::test_health_check_success 
[gw0] [ 41%] PASSED tests/test_rag/test_ollama_provider.py::TestOllamaProviderHealthCheck::test_health_check_success 
tests/test_rag/test_ollama_provider.py::TestOllamaProviderHealthCheck::test_health_check_connection_error 
[gw0] [ 41%] PASSED tests/test_rag/test_ollama_provider.py::TestOllamaProviderHealthCheck::test_health_check_connection_error 
tests/test_rag/test_ollama_provider.py::TestOllamaProviderHealthCheck::test_health_check_timeout 
[gw0] [ 41%] PASSED tests/test_rag/test_ollama_provider.py::TestOllamaProviderHealthCheck::test_health_check_timeout 
tests/test_rag/test_ollama_provider.py::TestOllamaProviderChat::test_chat_success 
[gw0] [ 41%] PASSED tests/test_rag/test_ollama_provider.py::TestOllamaProviderChat::test_chat_success 
tests/test_rag/test_ollama_provider.py::TestOllamaProviderChat::test_chat_with_history 
[gw0] [ 41%] PASSED tests/test_rag/test_ollama_provider.py::TestOllamaProviderChat::test_chat_with_history 
tests/test_rag/test_ollama_provider.py::TestOllamaProviderChat::test_chat_server_unavailable 
[gw0] [ 41%] PASSED tests/test_rag/test_ollama_provider.py::TestOllamaProviderChat::test_chat_server_unavailable 
tests/test_rag/test_ollama_provider.py::TestOllamaProviderProperties::test_host_property 
[gw0] [ 41%] PASSED tests/test_rag/test_ollama_provider.py::TestOllamaProviderProperties::test_host_property 
tests/test_rag/test_ollama_provider.py::TestOllamaProviderProperties::test_model_property 
[gw0] [ 41%] PASSED tests/test_rag/test_ollama_provider.py::TestOllamaProviderProperties::test_model_property 
tests/test_rag/test_ollama_provider.py::TestOllamaProviderProperties::test_temperature_property 
[gw0] [ 41%] PASSED tests/test_rag/test_ollama_provider.py::TestOllamaProviderProperties::test_temperature_property 
tests/test_rag/test_ollama_provider.py::TestOllamaProviderProperties::test_max_tokens_property 
[gw0] [ 41%] PASSED tests/test_rag/test_ollama_provider.py::TestOllamaProviderProperties::test_max_tokens_property 
tests/test_rag/test_ollama_provider.py::TestOllamaProviderProperties::test_timeout_property 
[gw0] [ 42%] PASSED tests/test_rag/test_ollama_provider.py::TestOllamaProviderProperties::test_timeout_property 
tests/test_rag/test_pipeline.py::TestRAGPipelineInit::test_init_default_parameters 
[gw0] [ 42%] PASSED tests/test_rag/test_pipeline.py::TestRAGPipelineInit::test_init_default_parameters 
tests/test_rag/test_pipeline.py::TestRAGPipelineInit::test_init_custom_parameters 
[gw0] [ 42%] PASSED tests/test_rag/test_pipeline.py::TestRAGPipelineInit::test_init_custom_parameters 
tests/test_rag/test_pipeline.py::TestRAGPipelineQuery::test_query_single_turn_success 
[gw0] [ 42%] PASSED tests/test_rag/test_pipeline.py::TestRAGPipelineQuery::test_query_single_turn_success 
tests/test_rag/test_pipeline.py::TestRAGPipelineQuery::test_query_with_show_sources 
[gw0] [ 42%] PASSED tests/test_rag/test_pipeline.py::TestRAGPipelineQuery::test_query_with_show_sources 
tests/test_rag/test_pipeline.py::TestRAGPipelineQuery::test_query_with_custom_top_k 
[gw0] [ 42%] PASSED tests/test_rag/test_pipeline.py::TestRAGPipelineQuery::test_query_with_custom_top_k 
tests/test_rag/test_pipeline.py::TestRAGPipelineQuery::test_query_with_no_results_and_show_sources 
[gw0] [ 42%] PASSED tests/test_rag/test_pipeline.py::TestRAGPipelineQuery::test_query_with_no_results_and_show_sources 
tests/test_rag/test_pipeline.py::TestRAGPipelineQuery::test_query_handles_exception_gracefully 
[gw0] [ 42%] PASSED tests/test_rag/test_pipeline.py::TestRAGPipelineQuery::test_query_handles_exception_gracefully 
tests/test_rag/test_pipeline.py::TestRAGPipelineChat::test_chat_multi_turn_with_history 
[gw0] [ 42%] PASSED tests/test_rag/test_pipeline.py::TestRAGPipelineChat::test_chat_multi_turn_with_history 
tests/test_rag/test_pipeline.py::TestRAGPipelineChat::test_chat_without_rewriter 
[gw0] [ 42%] PASSED tests/test_rag/test_pipeline.py::TestRAGPipelineChat::test_chat_without_rewriter 
tests/test_rag/test_pipeline.py::TestRAGPipelineChat::test_chat_with_show_sources 
[gw0] [ 42%] PASSED tests/test_rag/test_pipeline.py::TestRAGPipelineChat::test_chat_with_show_sources 
tests/test_rag/test_pipeline.py::TestRAGPipelineChat::test_chat_with_no_results_and_show_sources 
[gw0] [ 42%] PASSED tests/test_rag/test_pipeline.py::TestRAGPipelineChat::test_chat_with_no_results_and_show_sources 
tests/test_rag/test_pipeline.py::TestRAGPipelineChat::test_chat_handles_exception_gracefully 
[gw0] [ 43%] PASSED tests/test_rag/test_pipeline.py::TestRAGPipelineChat::test_chat_handles_exception_gracefully 
tests/test_rag/test_pipeline.py::TestRAGPipelineFormatContext::test_format_context_single_chunk 
[gw0] [ 43%] PASSED tests/test_rag/test_pipeline.py::TestRAGPipelineFormatContext::test_format_context_single_chunk 
tests/test_rag/test_pipeline.py::TestRAGPipelineFormatContext::test_format_context_multiple_chunks 
[gw0] [ 43%] PASSED tests/test_rag/test_pipeline.py::TestRAGPipelineFormatContext::test_format_context_multiple_chunks 
tests/test_rag/test_pipeline.py::TestRAGPipelineFormatContext::test_format_context_empty_list 
[gw0] [ 43%] PASSED tests/test_rag/test_pipeline.py::TestRAGPipelineFormatContext::test_format_context_empty_list 
tests/test_rag/test_pipeline.py::TestRAGPipelineFormatContext::test_format_context_truncates_long_chunks 
[gw0] [ 43%] PASSED tests/test_rag/test_pipeline.py::TestRAGPipelineFormatContext::test_format_context_truncates_long_chunks 
tests/test_rag/test_pipeline.py::TestRAGPipelineFormatContext::test_format_context_respects_max_chars 
[gw0] [ 43%] PASSED tests/test_rag/test_pipeline.py::TestRAGPipelineFormatContext::test_format_context_respects_max_chars 
tests/test_rag/test_pipeline.py::TestRAGPipelineFormatContext::test_format_context_handles_alternative_keys 
[gw0] [ 43%] PASSED tests/test_rag/test_pipeline.py::TestRAGPipelineFormatContext::test_format_context_handles_alternative_keys 
tests/test_rag/test_pipeline.py::TestRAGPipelineBuildPrompt::test_build_prompt_basic 
[gw0] [ 43%] PASSED tests/test_rag/test_pipeline.py::TestRAGPipelineBuildPrompt::test_build_prompt_basic 
tests/test_rag/test_pipeline.py::TestRAGPipelineBuildPrompt::test_build_prompt_with_empty_context 
[gw0] [ 43%] PASSED tests/test_rag/test_pipeline.py::TestRAGPipelineBuildPrompt::test_build_prompt_with_empty_context 
tests/test_rag/test_pipeline.py::TestRAGPipelineBuildPrompt::test_build_prompt_with_conversation_history 
[gw0] [ 43%] PASSED tests/test_rag/test_pipeline.py::TestRAGPipelineBuildPrompt::test_build_prompt_with_conversation_history 
tests/test_rag/test_pipeline.py::TestRAGPipelineBuildPrompt::test_build_prompt_system_instruction_present 
[gw0] [ 43%] PASSED tests/test_rag/test_pipeline.py::TestRAGPipelineBuildPrompt::test_build_prompt_system_instruction_present 
tests/test_rag/test_pipeline.py::TestRAGPipelineHandleNoResults::test_handle_no_returns_fallback_message 
[gw0] [ 44%] PASSED tests/test_rag/test_pipeline.py::TestRAGPipelineHandleNoResults::test_handle_no_returns_fallback_message 
tests/test_rag/test_pipeline.py::TestRAGPipelineHandleNoResults::test_handle_no_results_various_queries 
[gw0] [ 44%] PASSED tests/test_rag/test_pipeline.py::TestRAGPipelineHandleNoResults::test_handle_no_results_various_queries 
tests/test_rag/test_pipeline.py::TestRAGPipelineQueryRewriting::test_rewrite_with_history_calls_rewriter 
[gw0] [ 44%] PASSED tests/test_rag/test_pipeline.py::TestRAGPipelineQueryRewriting::test_rewrite_with_history_calls_rewriter 
tests/test_rag/test_pipeline.py::TestRAGPipelineQueryRewriting::test_rewrite_without_rewriter_returns_original 
[gw0] [ 44%] PASSED tests/test_rag/test_pipeline.py::TestRAGPipelineQueryRewriting::test_rewrite_without_rewriter_returns_original 
tests/test_rag/test_pipeline.py::TestRAGPipelineQueryRewriting::test_rewrite_with_empty_history_returns_original 
[gw0] [ 44%] PASSED tests/test_rag/test_pipeline.py::TestRAGPipelineQueryRewriting::test_rewrite_with_empty_history_returns_original 
tests/test_rag/test_pipeline.py::TestRAGPipelineQueryRewriting::test_rewrite_handles_exception_gracefully 
[gw0] [ 44%] PASSED tests/test_rag/test_pipeline.py::TestRAGPipelineQueryRewriting::test_rewrite_handles_exception_gracefully 
tests/test_rag/test_pipeline.py::TestRAGPipelineFormatHistory::test_format_history_basic 
[gw0] [ 44%] PASSED tests/test_rag/test_pipeline.py::TestRAGPipelineFormatHistory::test_format_history_basic 
tests/test_rag/test_pipeline.py::TestRAGPipelineFormatHistory::test_format_history_empty 
[gw0] [ 44%] PASSED tests/test_rag/test_pipeline.py::TestRAGPipelineFormatHistory::test_format_history_empty 
tests/test_rag/test_pipeline.py::TestRAGPipelineFormatHistory::test_format_history_handles_missing_keys 
[gw0] [ 44%] PASSED tests/test_rag/test_pipeline.py::TestRAGPipelineFormatHistory::test_format_history_handles_missing_keys 
tests/test_rag/test_pipeline.py::TestRAGPipelineErrorHandling::test_query_error_creates_response 
[gw0] [ 44%] PASSED tests/test_rag/test_pipeline.py::TestRAGPipelineErrorHandling::test_query_error_creates_response 
tests/test_rag/test_pipeline.py::TestRAGPipelineErrorHandling::test_query_with_special_characters 
[gw0] [ 44%] PASSED tests/test_rag/test_pipeline.py::TestRAGPipelineErrorHandling::test_query_with_special_characters 
tests/test_rag/test_pipeline.py::TestRAGPipelineErrorHandling::test_query_various_retrieval_counts[no_results] 
[gw0] [ 45%] PASSED tests/test_rag/test_pipeline.py::TestRAGPipelineErrorHandling::test_query_various_retrieval_counts[no_results] 
tests/test_rag/test_pipeline.py::TestRAGPipelineErrorHandling::test_query_various_retrieval_counts[single] 
[gw0] [ 45%] PASSED tests/test_rag/test_pipeline.py::TestRAGPipelineErrorHandling::test_query_various_retrieval_counts[single] 
tests/test_rag/test_pipeline.py::TestRAGPipelineErrorHandling::test_query_various_retrieval_counts[few] 
[gw0] [ 45%] PASSED tests/test_rag/test_pipeline.py::TestRAGPipelineErrorHandling::test_query_various_retrieval_counts[few] 
tests/test_rag/test_pipeline.py::TestRAGPipelineErrorHandling::test_query_various_retrieval_counts[default] 
[gw0] [ 45%] PASSED tests/test_rag/test_pipeline.py::TestRAGPipelineErrorHandling::test_query_various_retrieval_counts[default] 
tests/test_rag/test_pipeline.py::TestRAGPipelineErrorHandling::test_query_various_retrieval_counts[many] 
[gw0] [ 45%] PASSED tests/test_rag/test_pipeline.py::TestRAGPipelineErrorHandling::test_query_various_retrieval_counts[many] 
tests/test_rag/test_pipeline.py::TestRAGPipelineThreeLayerArchitecture::test_presentation_to_retrieval_flow 
[gw0] [ 45%] PASSED tests/test_rag/test_pipeline.py::TestRAGPipelineThreeLayerArchitecture::test_presentation_to_retrieval_flow 
tests/test_rag/test_pipeline.py::TestRAGPipelineThreeLayerArchitecture::test_retrieval_to_generation_flow 
[gw0] [ 45%] PASSED tests/test_rag/test_pipeline.py::TestRAGPipelineThreeLayerArchitecture::test_retrieval_to_generation_flow 
tests/test_rag/test_pipeline.py::TestRAGPipelineThreeLayerArchitecture::test_context_formatting_between_layers 
[gw0] [ 45%] PASSED tests/test_rag/test_pipeline.py::TestRAGPipelineThreeLayerArchitecture::test_context_formatting_between_layers 
tests/test_search/test_async_patterns.py::TestAsyncClosePatterns::test_async_close_releases_resources 
[gw0] [ 45%] PASSED tests/test_search/test_async_patterns.py::TestAsyncClosePatterns::test_async_close_releases_resources 
tests/test_search/test_async_patterns.py::TestAsyncClosePatterns::test_async_close_idempotent 
[gw0] [ 45%] PASSED tests/test_search/test_async_patterns.py::TestAsyncClosePatterns::test_async_close_idempotent 
tests/test_search/test_async_patterns.py::TestAsyncClosePatterns::test_async_search_releases_resources 
[gw0] [ 45%] PASSED tests/test_search/test_async_patterns.py::TestAsyncClosePatterns::test_async_search_releases_resources 
tests/test_search/test_async_patterns.py::TestAsyncClosePatterns::test_context_manager_async 
[gw0] [ 45%] PASSED tests/test_search/test_async_patterns.py::TestAsyncClosePatterns::test_context_manager_async 
tests/test_search/test_async_patterns.py::TestAsyncClosePatterns::test_async_close_handles_missing_aclose 
[gw0] [ 46%] PASSED tests/test_search/test_async_patterns.py::TestAsyncClosePatterns::test_async_close_handles_missing_aclose 
tests/test_search/test_query_sanitization.py::TestQuerySanitizationXSS::test_sanitize_rejects_script_tags 
[gw0] [ 46%] PASSED tests/test_search/test_query_sanitization.py::TestQuerySanitizationXSS::test_sanitize_rejects_script_tags 
tests/test_search/test_query_sanitization.py::TestQuerySanitizationXSS::test_sanitize_rejects_script_with_spaces 
[gw0] [ 46%] PASSED tests/test_search/test_query_sanitization.py::TestQuerySanitizationXSS::test_sanitize_rejects_script_with_spaces 
tests/test_search/test_query_sanitization.py::TestQuerySanitizationXSS::test_sanitize_rejects_javascript_protocol 
[gw0] [ 46%] PASSED tests/test_search/test_query_sanitization.py::TestQuerySanitizationXSS::test_sanitize_rejects_javascript_protocol 
tests/test_search/test_query_sanitization.py::TestQuerySanitizationXSS::test_sanitize_rejects_javascript_protocol_uppercase 
[gw0] [ 46%] PASSED tests/test_search/test_query_sanitization.py::TestQuerySanitizationXSS::test_sanitize_rejects_javascript_protocol_uppercase 
tests/test_search/test_query_sanitization.py::TestQuerySanitizationXSS::test_sanitize_rejects_event_handlers 
[gw0] [ 46%] PASSED tests/test_search/test_query_sanitization.py::TestQuerySanitizationXSS::test_sanitize_rejects_event_handlers 
tests/test_search/test_query_sanitization.py::TestQuerySanitizationXSS::test_sanitize_allows_safe_html_entities 
[gw0] [ 46%] PASSED tests/test_search/test_query_sanitization.py::TestQuerySanitizationXSS::test_sanitize_allows_safe_html_entities 
tests/test_search/test_query_sanitization.py::TestQuerySanitizationXSS::test_sanitize_handles_nested_tags 
[gw0] [ 46%] PASSED tests/test_search/test_query_sanitization.py::TestQuerySanitizationXSS::test_sanitize_handles_nested_tags 
tests/test_search/test_query_sanitization.py::TestQuerySanitizationPathTraversal::test_sanitize_rejects_path_traversal 
[gw0] [ 46%] PASSED tests/test_search/test_query_sanitization.py::TestQuerySanitizationPathTraversal::test_sanitize_rejects_path_traversal 
tests/test_search/test_query_sanitization.py::TestQuerySanitizationPathTraversal::test_sanitize_rejects_path_traversal_double_encoded 
[gw0] [ 46%] PASSED tests/test_search/test_query_sanitization.py::TestQuerySanitizationPathTraversal::test_sanitize_rejects_path_traversal_double_encoded 
tests/test_search/test_query_sanitization.py::TestQuerySanitizationPathTraversal::test_sanitize_rejects_null_bytes 
[gw0] [ 46%] PASSED tests/test_search/test_query_sanitization.py::TestQuerySanitizationPathTraversal::test_sanitize_rejects_null_bytes 
tests/test_search/test_query_sanitization.py::TestQuerySanitizationPathTraversal::test_sanitize_rejects_absolute_paths 
[gw0] [ 47%] PASSED tests/test_search/test_query_sanitization.py::TestQuerySanitizationPathTraversal::test_sanitize_rejects_absolute_paths 
tests/test_search/test_query_sanitization.py::TestQueryLengthValidation::test_rejects_excessively_long_query 
[gw0] [ 47%] PASSED tests/test_search/test_query_sanitization.py::TestQueryLengthValidation::test_rejects_excessively_long_query 
tests/test_search/test_query_sanitization.py::TestQueryLengthValidation::test_accepts_max_length_query 
[gw0] [ 47%] PASSED tests/test_search/test_query_sanitization.py::TestQueryLengthValidation::test_accepts_max_length_query 
tests/test_search/test_query_sanitization.py::TestQueryLengthValidation::test_handles_empty_query 
[gw0] [ 47%] PASSED tests/test_search/test_query_sanitization.py::TestQueryLengthValidation::test_handles_empty_query 
tests/test_search/test_query_sanitization.py::TestQueryLengthValidation::test_handles_whitespace_only_query 
[gw0] [ 47%] PASSED tests/test_search/test_query_sanitization.py::TestQueryLengthValidation::test_handles_whitespace_only_query 
tests/test_search/test_query_sanitization.py::TestQueryLengthValidation::test_strips_leading_trailing_whitespace 
[gw0] [ 47%] PASSED tests/test_search/test_query_sanitization.py::TestQueryLengthValidation::test_strips_leading_trailing_whitespace 
tests/test_search/test_query_sanitization.py::TestQueryLengthValidation::test_strips_control_characters 
[gw0] [ 47%] PASSED tests/test_search/test_query_sanitization.py::TestQueryLengthValidation::test_strips_control_characters 
tests/test_search/test_query_sanitization.py::TestInjectionPatternDetection::test_detects_mongo_operator_injection 
[gw0] [ 47%] PASSED tests/test_search/test_query_sanitization.py::TestInjectionPatternDetection::test_detects_mongo_operator_injection 
tests/test_search/test_query_sanitization.py::TestInjectionPatternDetection::test_sanitization_preserves_valid_query 
[gw0] [ 47%] PASSED tests/test_search/test_query_sanitization.py::TestInjectionPatternDetection::test_sanitization_preserves_valid_query 
tests/test_search/test_query_sanitization.py::TestInjectionPatternDetection::test_sanitization_preserves_unicode 
[gw0] [ 47%] PASSED tests/test_search/test_query_sanitization.py::TestInjectionPatternDetection::test_sanitization_preserves_unicode 
tests/test_search/test_query_sanitization.py::TestInjectionPatternDetection::test_sanitization_preserves_special_safe_chars 
[gw0] [ 47%] PASSED tests/test_search/test_query_sanitization.py::TestInjectionPatternDetection::test_sanitization_preserves_special_safe_chars 
tests/test_search/test_query_sanitization.py::TestInjectionPatternDetection::test_sanitization_handles_mixed_case_injection 
[gw0] [ 47%] PASSED tests/test_search/test_query_sanitization.py::TestInjectionPatternDetection::test_sanitization_handles_mixed_case_injection 
tests/test_search/test_query_sanitization.py::TestInjectionPatternDetection::test_sanitization_handles_path_traversal_variants 
[gw0] [ 48%] PASSED tests/test_search/test_query_sanitization.py::TestInjectionPatternDetection::test_sanitization_handles_path_traversal_variants 
tests/test_search/test_sanitize.py::TestSanitizeQuery::test_sanitize_basic_query 
[gw0] [ 48%] PASSED tests/test_search/test_sanitize.py::TestSanitizeQuery::test_sanitize_basic_query 
tests/test_search/test_sanitize.py::TestSanitizeQuery::test_sanitize_query_with_leading_trailing_spaces 
[gw0] [ 48%] PASSED tests/test_search/test_sanitize.py::TestSanitizeQuery::test_sanitize_query_with_leading_trailing_spaces 
tests/test_search/test_sanitize.py::TestSanitizeQuery::test_sanitize_rejects_empty_query 
[gw0] [ 48%] PASSED tests/test_search/test_sanitize.py::TestSanitizeQuery::test_sanitize_rejects_empty_query 
tests/test_search/test_sanitize.py::TestSanitizeQuery::test_sanitize_handles_whitespace_only 
[gw0] [ 48%] PASSED tests/test_search/test_sanitize.py::TestSanitizeQuery::test_sanitize_handles_whitespace_only 
tests/test_search/test_sanitize.py::TestSanitizeQuery::test_sanitize_rejects_excessive_length 
[gw0] [ 48%] PASSED tests/test_search/test_sanitize.py::TestSanitizeQuery::test_sanitize_rejects_excessive_length 
tests/test_search/test_sanitize.py::TestSanitizeQuery::test_sanitize_blocks_path_traversal 
[gw0] [ 48%] PASSED tests/test_search/test_sanitize.py::TestSanitizeQuery::test_sanitize_blocks_path_traversal 
tests/test_search/test_sanitize.py::TestSanitizeQuery::test_sanitize_blocks_xss_attempts 
[gw0] [ 48%] PASSED tests/test_search/test_sanitize.py::TestSanitizeQuery::test_sanitize_blocks_xss_attempts 
tests/test_search/test_sanitize.py::TestSanitizeQuery::test_sanitize_blocks_javascript_protocol 
[gw0] [ 48%] PASSED tests/test_search/test_sanitize.py::TestSanitizeQuery::test_sanitize_blocks_javascript_protocol 
tests/test_search/test_sanitize.py::TestSanitizeQuery::test_sanitize_blocks_null_bytes 
[gw0] [ 48%] PASSED tests/test_search/test_sanitize.py::TestSanitizeQuery::test_sanitize_blocks_null_bytes 
tests/test_search/test_sanitize.py::TestSanitizeQuery::test_sanitize_removes_control_characters 
[gw0] [ 48%] PASSED tests/test_search/test_sanitize.py::TestSanitizeQuery::test_sanitize_removes_control_characters 
tests/test_search/test_sanitize.py::TestSanitizeQuery::test_sanitize_removes_del_characters 
[gw0] [ 49%] PASSED tests/test_search/test_sanitize.py::TestSanitizeQuery::test_sanitize_removes_del_characters 
tests/test_search/test_sanitize.py::TestSanitizeQuery::test_sanitize_removes_extended_ascii_controls 
[gw0] [ 49%] PASSED tests/test_search/test_sanitize.py::TestSanitizeQuery::test_sanitize_removes_extended_ascii_controls 
tests/test_search/test_sanitize.py::TestSanitizeQuery::test_sanitize_preserves_special_characters 
[gw0] [ 49%] PASSED tests/test_search/test_sanitize.py::TestSanitizeQuery::test_sanitize_preserves_special_characters 
tests/test_search/test_sanitize.py::TestSanitizeQuery::test_sanitize_preserves_unicode 
[gw0] [ 49%] PASSED tests/test_search/test_sanitize.py::TestSanitizeQuery::test_sanitize_preserves_unicode 
tests/test_search/test_sanitize.py::TestSanitizeQuery::test_sanitize_preserves_numbers 
[gw0] [ 49%] PASSED tests/test_search/test_sanitize.py::TestSanitizeQuery::test_sanitize_preserves_numbers 
tests/test_search/test_sanitize.py::TestSanitizeQuery::test_sanitize_preserves_punctuation 
[gw0] [ 49%] PASSED tests/test_search/test_sanitize.py::TestSanitizeQuery::test_sanitize_preserves_punctuation 
tests/test_search/test_sanitize.py::TestSearcherAsyncClose::test_aclose_with_async_support 
[gw0] [ 49%] PASSED tests/test_search/test_sanitize.py::TestSearcherAsyncClose::test_aclose_with_async_support 
tests/test_search/test_sanitize.py::TestSearcherAsyncClose::test_aclose_with_sync_only_components 
[gw0] [ 49%] PASSED tests/test_search/test_sanitize.py::TestSearcherAsyncClose::test_aclose_with_sync_only_components 
tests/test_search/test_sanitize.py::TestSearcherAsyncClose::test_searcher_context_manager 
[gw0] [ 49%] PASSED tests/test_search/test_sanitize.py::TestSearcherAsyncClose::test_searcher_context_manager 
tests/test_search/test_sanitize.py::TestSearcherAsyncClose::test_searcher_close_closes_both_components 
[gw0] [ 49%] PASSED tests/test_search/test_sanitize.py::TestSearcherAsyncClose::test_searcher_close_closes_both_components 
tests/test_search/test_sanitize.py::TestSearcherAsyncClose::test_searcher_search_validates_connections 
[gw0] [ 49%] PASSED tests/test_search/test_sanitize.py::TestSearcherAsyncClose::test_searcher_search_validates_connections 
tests/test_search/test_sanitize.py::TestSearcherAsyncClose::test_searcher_storage_connection_failure 
[gw0] [ 50%] PASSED tests/test_search/test_sanitize.py::TestSearcherAsyncClose::test_searcher_storage_connection_failure 
tests/test_search/test_search.py::TestVectorStorage::test_search_basic 
[gw0] [ 50%] PASSED tests/test_search/test_search.py::TestVectorStorage::test_search_basic 
tests/test_search/test_search.py::TestVectorStorage::test_search_with_source_filter 
[gw0] [ 50%] PASSED tests/test_search/test_search.py::TestVectorStorage::test_search_with_source_filter 
tests/test_search/test_searcher.py::TestSearcher::test_init_default 
[gw0] [ 50%] PASSED tests/test_search/test_searcher.py::TestSearcher::test_init_default 
tests/test_search/test_searcher.py::TestSearcher::test_search_basic 
[gw0] [ 50%] PASSED tests/test_search/test_searcher.py::TestSearcher::test_search_basic 
tests/test_search/test_searcher.py::TestSearcher::test_search_with_top_k 
[gw0] [ 50%] PASSED tests/test_search/test_searcher.py::TestSearcher::test_search_with_top_k 
tests/test_search/test_searcher.py::TestSearcher::test_search_with_source_filter 
[gw0] [ 50%] PASSED tests/test_search/test_searcher.py::TestSearcher::test_search_with_source_filter 
tests/test_search/test_searcher.py::TestSearcher::test_search_with_file_type_filter 
[gw0] [ 50%] PASSED tests/test_search/test_searcher.py::TestSearcher::test_search_with_file_type_filter 
tests/test_search/test_searcher.py::TestSearcher::test_search_sentence_transformers_unavailable 
[gw0] [ 50%] PASSED tests/test_search/test_searcher.py::TestSearcher::test_search_sentence_transformers_unavailable 
tests/test_search/test_searcher.py::TestSearcher::test_search_mongodb_unavailable 
[gw0] [ 50%] PASSED tests/test_search/test_searcher.py::TestSearcher::test_search_mongodb_unavailable 
tests/test_search/test_searcher.py::TestSemanticSearchSpecRequirements::test_search_uses_cosine_similarity 
[gw0] [ 50%] PASSED tests/test_search/test_searcher.py::TestSemanticSearchSpecRequirements::test_search_uses_cosine_similarity 
tests/test_search/test_searcher.py::TestSemanticSearchSpecRequirements::test_search_default_top_k 
[gw0] [ 50%] PASSED tests/test_search/test_searcher.py::TestSemanticSearchSpecRequirements::test_search_default_top_k 
tests/test_search/test_searcher.py::TestSemanticSearchSpecRequirements::test_search_results_include_score 
[gw0] [ 51%] PASSED tests/test_search/test_searcher.py::TestSemanticSearchSpecRequirements::test_search_results_include_score 
tests/test_search/test_searcher.py::TestSemanticSearchSpecRequirements::test_search_results_include_chunk_text 
[gw0] [ 51%] PASSED tests/test_search/test_searcher.py::TestSemanticSearchSpecRequirements::test_search_results_include_chunk_text 
tests/test_search/test_searcher.py::TestSemanticSearchSpecRequirements::test_search_results_include_source_file 
[gw0] [ 51%] PASSED tests/test_search/test_searcher.py::TestSemanticSearchSpecRequirements::test_search_results_include_source_file 
tests/test_search/test_searcher.py::TestSemanticSearchSpecRequirements::test_search_results_include_page_number 
[gw0] [ 51%] PASSED tests/test_search/test_searcher.py::TestSemanticSearchSpecRequirements::test_search_results_include_page_number 
tests/test_search/test_searcher.py::TestSemanticSearchSpecRequirements::test_search_empty_results 
[gw0] [ 51%] PASSED tests/test_search/test_searcher.py::TestSemanticSearchSpecRequirements::test_search_empty_results 
tests/test_search/test_searcher.py::TestSemanticSearchSpecRequirements::test_search_generates_embedding_via_sentence_transformers 
[gw0] [ 51%] PASSED tests/test_search/test_searcher.py::TestSemanticSearchSpecRequirements::test_search_generates_embedding_via_sentence_transformers 
tests/test_search/test_searcher.py::TestSemanticSearchSpecRequirements::test_search_uses_vector_index 
[gw0] [ 51%] PASSED tests/test_search/test_searcher.py::TestSemanticSearchSpecRequirements::test_search_uses_vector_index 
tests/test_storage/test_aggregation_edge_cases.py::TestFilterCombinations::test_search_with_both_filters 
[gw0] [ 51%] PASSED tests/test_storage/test_aggregation_edge_cases.py::TestFilterCombinations::test_search_with_both_filters 
tests/test_storage/test_aggregation_edge_cases.py::TestFilterCombinations::test_search_with_regex_source_filter 
[gw0] [ 51%] PASSED tests/test_storage/test_aggregation_edge_cases.py::TestFilterCombinations::test_search_with_regex_source_filter 
tests/test_storage/test_aggregation_edge_cases.py::TestFilterCombinations::test_search_with_empty_results_filter 
[gw0] [ 51%] PASSED tests/test_storage/test_aggregation_edge_cases.py::TestFilterCombinations::test_search_with_empty_results_filter 
tests/test_storage/test_aggregation_edge_cases.py::TestFilterCombinations::test_list_chunks_combined_filters 
[gw0] [ 51%] PASSED tests/test_storage/test_aggregation_edge_cases.py::TestFilterCombinations::test_list_chunks_combined_filters 
tests/test_storage/test_aggregation_edge_cases.py::TestFilterCombinations::test_filter_case_sensitivity 
[gw0] [ 52%] PASSED tests/test_storage/test_aggregation_edge_cases.py::TestFilterCombinations::test_filter_case_sensitivity 
tests/test_storage/test_aggregation_edge_cases.py::TestAggregationEdgeCases::test_aggregation_pipeline_order 
[gw0] [ 52%] PASSED tests/test_storage/test_aggregation_edge_cases.py::TestAggregationEdgeCases::test_aggregation_pipeline_order 
tests/test_storage/test_aggregation_edge_cases.py::TestAggregationEdgeCases::test_aggregation_with_large_resultset 
[gw0] [ 52%] PASSED tests/test_storage/test_aggregation_edge_cases.py::TestAggregationEdgeCases::test_aggregation_with_large_resultset 
tests/test_storage/test_aggregation_edge_cases.py::TestAggregationEdgeCases::test_aggregation_score_accuracy 
[gw0] [ 52%] PASSED tests/test_storage/test_aggregation_edge_cases.py::TestAggregationEdgeCases::test_aggregation_score_accuracy 
tests/test_storage/test_aggregation_edge_cases.py::TestAggregationEdgeCases::test_aggregation_null_field_handling 
[gw0] [ 52%] PASSED tests/test_storage/test_aggregation_edge_cases.py::TestAggregationEdgeCases::test_aggregation_null_field_handling 
tests/test_storage/test_aggregation_edge_cases.py::TestAggregationEdgeCases::test_aggregation_with_special_characters 
[gw0] [ 52%] PASSED tests/test_storage/test_aggregation_edge_cases.py::TestAggregationEdgeCases::test_aggregation_with_special_characters 
tests/test_storage/test_async_connection.py::TestAsyncConnection::test_async_validate_connection_timeout 
[gw0] [ 52%] PASSED tests/test_storage/test_async_connection.py::TestAsyncConnection::test_async_validate_connection_timeout 
tests/test_storage/test_async_connection.py::TestAsyncConnection::test_async_validate_connection_failure 
[gw0] [ 52%] PASSED tests/test_storage/test_async_connection.py::TestAsyncConnection::test_async_validate_connection_failure 
tests/test_storage/test_async_connection.py::TestAsyncConnection::test_async_close_idempotent 
[gw0] [ 52%] PASSED tests/test_storage/test_async_connection.py::TestAsyncConnection::test_async_close_idempotent 
tests/test_storage/test_async_connection.py::TestAsyncConnection::test_async_context_manager_exception 
[gw0] [ 52%] PASSED tests/test_storage/test_async_connection.py::TestAsyncConnection::test_async_context_manager_exception 
tests/test_storage/test_async_connection.py::TestAsyncConnection::test_async_batch_order_preservation 
[gw0] [ 52%] PASSED tests/test_storage/test_async_connection.py::TestAsyncConnection::test_async_batch_order_preservation 
tests/test_storage/test_async_connection.py::TestAsyncConnection::test_async_concurrent_searches 
[gw0] [ 52%] PASSED tests/test_storage/test_async_connection.py::TestAsyncConnection::test_async_concurrent_searches 
tests/test_storage/test_async_connection.py::TestAsyncConnection::test_async_memory_leak_detection 
[gw0] [ 53%] PASSED tests/test_storage/test_async_connection.py::TestAsyncConnection::test_async_memory_leak_detection 
tests/test_storage/test_async_storage.py::TestAsyncVectorStorage::test_init_with_defaults 
[gw0] [ 53%] PASSED tests/test_storage/test_async_storage.py::TestAsyncVectorStorage::test_init_with_defaults 
tests/test_storage/test_async_storage.py::TestAsyncVectorStorage::test_init_with_overrides 
[gw0] [ 53%] PASSED tests/test_storage/test_async_storage.py::TestAsyncVectorStorage::test_init_with_overrides 
tests/test_storage/test_async_storage.py::TestAsyncVectorStorage::test_async_client_property 
[gw0] [ 53%] PASSED tests/test_storage/test_async_storage.py::TestAsyncVectorStorage::test_async_client_property 
tests/test_storage/test_async_storage.py::TestAsyncVectorStorage::test_async_db_property 
[gw0] [ 53%] PASSED tests/test_storage/test_async_storage.py::TestAsyncVectorStorage::test_async_db_property 
tests/test_storage/test_async_storage.py::TestAsyncVectorStorage::test_async_collection_property 
[gw0] [ 53%] PASSED tests/test_storage/test_async_storage.py::TestAsyncVectorStorage::test_async_collection_property 
tests/test_storage/test_async_storage.py::TestAsyncVectorStorage::test_do_validate_async_success 
[gw0] [ 53%] PASSED tests/test_storage/test_async_storage.py::TestAsyncVectorStorage::test_do_validate_async_success 
tests/test_storage/test_async_storage.py::TestAsyncVectorStorage::test_do_validate_async_failure 
[gw0] [ 53%] PASSED tests/test_storage/test_async_storage.py::TestAsyncVectorStorage::test_do_validate_async_failure 
tests/test_storage/test_async_storage.py::TestAsyncVectorStorage::test_require_connection_async_success 
[gw0] [ 53%] PASSED tests/test_storage/test_async_storage.py::TestAsyncVectorStorage::test_require_connection_async_success 
tests/test_storage/test_async_storage.py::TestAsyncVectorStorage::test_require_connection_async_failure 
[gw0] [ 53%] PASSED tests/test_storage/test_async_storage.py::TestAsyncVectorStorage::test_require_connection_async_failure 
tests/test_storage/test_async_storage.py::TestAsyncVectorStorage::test_store_async_success 
[gw0] [ 53%] PASSED tests/test_storage/test_async_storage.py::TestAsyncVectorStorage::test_store_async_success 
tests/test_storage/test_async_storage.py::TestAsyncVectorStorage::test_store_async_adds_timestamp 
[gw0] [ 54%] PASSED tests/test_storage/test_async_storage.py::TestAsyncVectorStorage::test_store_async_adds_timestamp 
tests/test_storage/test_async_storage.py::TestAsyncVectorStorage::test_store_async_connection_failure 
[gw0] [ 54%] PASSED tests/test_storage/test_async_storage.py::TestAsyncVectorStorage::test_store_async_connection_failure 
tests/test_storage/test_async_storage.py::TestAsyncVectorStorage::test_store_batch_async_success 
[gw0] [ 54%] PASSED tests/test_storage/test_async_storage.py::TestAsyncVectorStorage::test_store_batch_async_success 
tests/test_storage/test_async_storage.py::TestAsyncVectorStorage::test_store_batch_async_adds_timestamps 
[gw0] [ 54%] PASSED tests/test_storage/test_async_storage.py::TestAsyncVectorStorage::test_store_batch_async_adds_timestamps 
tests/test_storage/test_async_storage.py::TestAsyncVectorStorage::test_search_async_success 
[gw2] [ 54%] PASSED tests/test_mcp/integration/test_mcp_integration.py::TestMCPIntegration::test_chat_tool_missing_query 
tests/test_mcp/test_ingest.py::TestIngestTool::test_ingest_missing_path 
[gw2] [ 54%] PASSED tests/test_mcp/test_ingest.py::TestIngestTool::test_ingest_missing_path 
tests/test_mcp/test_ingest.py::TestIngestTool::test_ingest_with_valid_path 
[gw2] [ 54%] PASSED tests/test_mcp/test_ingest.py::TestIngestTool::test_ingest_with_valid_path 
tests/test_mcp/test_ingest.py::TestIngestTool::test_ingest_with_options 
[gw2] [ 54%] PASSED tests/test_mcp/test_ingest.py::TestIngestTool::test_ingest_with_options 
tests/test_mcp/test_ingest.py::TestIngestTool::test_ingest_with_failures 
[gw2] [ 54%] PASSED tests/test_mcp/test_ingest.py::TestIngestTool::test_ingest_with_failures 
tests/test_mcp/test_ingest.py::TestIngestTool::test_ingest_handles_exceptions 
[gw2] [ 54%] PASSED tests/test_mcp/test_ingest.py::TestIngestTool::test_ingest_handles_exceptions 
tests/test_mcp/test_search.py::TestSearchTool::test_search_missing_query 
[gw2] [ 54%] PASSED tests/test_mcp/test_search.py::TestSearchTool::test_search_missing_query 
tests/test_mcp/test_search.py::TestSearchTool::test_search_with_valid_query 
[gw2] [ 55%] PASSED tests/test_mcp/test_search.py::TestSearchTool::test_search_with_valid_query 
tests/test_mcp/test_search.py::TestSearchTool::test_search_with_top_k 
[gw2] [ 55%] PASSED tests/test_mcp/test_search.py::TestSearchTool::test_search_with_top_k 
tests/test_mcp/test_search.py::TestSearchTool::test_search_with_min_score_filter 
[gw2] [ 55%] PASSED tests/test_mcp/test_search.py::TestSearchTool::test_search_with_min_score_filter 
tests/test_mcp/test_search.py::TestSearchTool::test_search_no_results 
[gw2] [ 55%] PASSED tests/test_mcp/test_search.py::TestSearchTool::test_search_no_results 
tests/test_mcp/test_search.py::TestSearchTool::test_search_handles_exceptions 
[gw2] [ 55%] PASSED tests/test_mcp/test_search.py::TestSearchTool::test_search_handles_exceptions 
tests/test_mcp/test_server.py::TestMCPToolList::test_list_tools_returns_all_tools 
[gw2] [ 55%] PASSED tests/test_mcp/test_server.py::TestMCPToolList::test_list_tools_returns_all_tools 
tests/test_mcp/test_server.py::TestMCPToolList::test_list_tools_has_required_schema 
[gw2] [ 55%] PASSED tests/test_mcp/test_server.py::TestMCPToolList::test_list_tools_has_required_schema 
tests/test_mcp/test_server.py::TestMCPToolList::test_ingest_tool_schema 
[gw2] [ 55%] PASSED tests/test_mcp/test_server.py::TestMCPToolList::test_ingest_tool_schema 
tests/test_mcp/test_server.py::TestMCPToolList::test_search_tool_schema 
[gw2] [ 55%] PASSED tests/test_mcp/test_server.py::TestMCPToolList::test_search_tool_schema 
tests/test_mcp/test_server.py::TestMCPToolList::test_chat_tool_schema 
[gw2] [ 55%] PASSED tests/test_mcp/test_server.py::TestMCPToolList::test_chat_tool_schema 
tests/test_mcp/test_server.py::TestMCPToolHandlers::test_all_tools_registered 
[gw2] [ 55%] PASSED tests/test_mcp/test_server.py::TestMCPToolHandlers::test_all_tools_registered 
tests/test_mcp/test_server.py::TestMCPToolHandlers::test_handler_callable 
[gw2] [ 55%] PASSED tests/test_mcp/test_server.py::TestMCPToolHandlers::test_handler_callable 
tests/test_mcp/test_server.py::TestMCPToolCall::test_call_unknown_tool_returns_error 
[gw2] [ 56%] PASSED tests/test_mcp/test_server.py::TestMCPToolCall::test_call_unknown_tool_returns_error 
tests/test_mcp/test_server.py::TestMCPToolCall::test_call_tool_with_none_arguments 
[gw2] [ 56%] PASSED tests/test_mcp/test_server.py::TestMCPToolCall::test_call_tool_with_none_arguments 
tests/test_mcp/test_server.py::TestMCPInitialization::test_server_instance_created 
[gw2] [ 56%] PASSED tests/test_mcp/test_server.py::TestMCPInitialization::test_server_instance_created 
tests/test_property_based/test_properties.py::TestQuerySanitization::test_sanitize_preserves_valid_input 
[gw2] [ 56%] PASSED tests/test_property_based/test_properties.py::TestQuerySanitization::test_sanitize_preserves_valid_input 
tests/test_property_based/test_properties.py::TestQuerySanitization::test_sanitize_removes_control_characters 
[gw2] [ 56%] PASSED tests/test_property_based/test_properties.py::TestQuerySanitization::test_sanitize_removes_control_characters 
tests/test_property_based/test_properties.py::TestQuerySanitization::test_sanitize_strips_whitespace 
[gw2] [ 56%] PASSED tests/test_property_based/test_properties.py::TestQuerySanitization::test_sanitize_strips_whitespace 
tests/test_property_based/test_properties.py::TestConfigValidation::test_chunk_size_greater_than_overlap 
[gw2] [ 56%] PASSED tests/test_property_based/test_properties.py::TestConfigValidation::test_chunk_size_greater_than_overlap 
tests/test_property_based/test_properties.py::TestConfigValidation::test_embedding_dimensions_positive 
[gw2] [ 56%] PASSED tests/test_property_based/test_properties.py::TestConfigValidation::test_embedding_dimensions_positive 
tests/test_property_based/test_properties.py::TestConfigValidation::test_embedding_batch_size_in_range 
[gw2] [ 56%] PASSED tests/test_property_based/test_properties.py::TestConfigValidation::test_embedding_batch_size_in_range 
tests/test_property_based/test_properties.py::TestConfigValidation::test_streaming_batch_size_in_range 
[gw2] [ 56%] PASSED tests/test_property_based/test_properties.py::TestConfigValidation::test_streaming_batch_size_in_range 
tests/test_rag/test_conversation.py::TestMultiTurnChat::test_multi_turn_chat_sequential_queries 
[gw2] [ 56%] PASSED tests/test_rag/test_conversation.py::TestMultiTurnChat::test_multi_turn_chat_sequential_queries 
tests/test_rag/test_conversation.py::TestMultiTurnChat::test_multi_turn_chat_accumulates_context 
[gw2] [ 57%] PASSED tests/test_rag/test_conversation.py::TestMultiTurnChat::test_multi_turn_chat_accumulates_context 
tests/test_rag/test_conversation.py::TestContextWindowManagement::test_context_window_limits_history 
[gw2] [ 57%] PASSED tests/test_rag/test_conversation.py::TestContextWindowManagement::test_context_window_limits_history 
tests/test_rag/test_conversation.py::TestContextWindowManagement::test_context_window_get_context_messages 
[gw2] [ 57%] PASSED tests/test_rag/test_conversation.py::TestContextWindowManagement::test_context_window_get_context_messages 
tests/test_rag/test_conversation.py::TestSessionPersistence::test_session_persistence_add_message 
[gw2] [ 57%] PASSED tests/test_rag/test_conversation.py::TestSessionPersistence::test_session_persistence_add_message 
tests/test_rag/test_conversation.py::TestSessionPersistence::test_session_persistence_load_session 
[gw2] [ 57%] PASSED tests/test_rag/test_conversation.py::TestSessionPersistence::test_session_persistence_load_session 
tests/test_rag/test_conversation.py::TestSessionPersistence::test_session_persistence_load_nonexistent 
[gw2] [ 57%] PASSED tests/test_rag/test_conversation.py::TestSessionPersistence::test_session_persistence_load_nonexistent 
tests/test_rag/test_conversation.py::TestQueryRewritingIntegration::test_query_rewriting_with_history 
[gw2] [ 57%] PASSED tests/test_rag/test_conversation.py::TestQueryRewritingIntegration::test_query_rewriting_with_history 
tests/test_rag/test_conversation.py::TestQueryRewritingIntegration::test_query_rewriting_without_history 
[gw2] [ 57%] PASSED tests/test_rag/test_conversation.py::TestQueryRewritingIntegration::test_query_rewriting_without_history 
tests/test_rag/test_conversation.py::TestQueryRewritingIntegration::test_query_rewriting_fallback_on_error 
[gw2] [ 57%] PASSED tests/test_rag/test_conversation.py::TestQueryRewritingIntegration::test_query_rewriting_fallback_on_error 
tests/test_rag/test_conversation.py::TestSessionCRUD::test_session_create_new 
[gw2] [ 57%] PASSED tests/test_rag/test_conversation.py::TestSessionCRUD::test_session_create_new 
tests/test_rag/test_conversation.py::TestSessionCRUD::test_session_read_existing 
[gw2] [ 57%] PASSED tests/test_rag/test_conversation.py::TestSessionCRUD::test_session_read_existing 
tests/test_rag/test_conversation.py::TestSessionCRUD::test_session_update_messages 
[gw2] [ 57%] PASSED tests/test_rag/test_conversation.py::TestSessionCRUD::test_session_update_messages 
tests/test_rag/test_conversation.py::TestSessionCRUD::test_session_clear_history 
[gw2] [ 58%] PASSED tests/test_rag/test_conversation.py::TestSessionCRUD::test_session_clear_history 
tests/test_rag/test_conversation.py::TestSessionCRUD::test_session_trimming_on_update 
[gw2] [ 58%] PASSED tests/test_rag/test_conversation.py::TestSessionCRUD::test_session_trimming_on_update 
tests/test_rag/test_factory.py::TestLLMProviderFactory::test_create_ollama_default 
[gw2] [ 58%] PASSED tests/test_rag/test_factory.py::TestLLMProviderFactory::test_create_ollama_default 
tests/test_rag/test_factory.py::TestLLMProviderFactory::test_create_ollama_custom 
[gw2] [ 58%] PASSED tests/test_rag/test_factory.py::TestLLMProviderFactory::test_create_ollama_custom 
tests/test_rag/test_factory.py::TestLLMProviderFactory::test_create_from_config 
[gw2] [ 58%] PASSED tests/test_rag/test_factory.py::TestLLMProviderFactory::test_create_from_config 
tests/test_rag/test_integration.py::TestQueryRewriterIntegration::test_query_rewriter_integration 
[gw0] [ 58%] PASSED tests/test_storage/test_async_storage.py::TestAsyncVectorStorage::test_search_async_success 
tests/test_storage/test_async_storage.py::TestAsyncVectorStorage::test_search_async_with_filters 
[gw2] [ 58%] PASSED tests/test_rag/test_integration.py::TestQueryRewriterIntegration::test_query_rewriter_integration 
tests/test_rag/test_integration.py::TestQueryRewriterIntegration::test_query_rewriter_with_empty_history 
[gw2] [ 58%] PASSED tests/test_rag/test_integration.py::TestQueryRewriterIntegration::test_query_rewriter_with_empty_history 
tests/test_rag/test_integration.py::TestOllamaHealthCheck::test_ollama_health_check 
[gw2] [ 58%] PASSED tests/test_rag/test_integration.py::TestOllamaHealthCheck::test_ollama_health_check 
tests/test_rag/test_integration.py::TestOllamaHealthCheck::test_ollama_generation 
[gw2] [ 58%] PASSED tests/test_rag/test_integration.py::TestOllamaHealthCheck::test_ollama_generation 
tests/test_rag/test_integration.py::TestRAGPipelineIntegration::test_rag_pipeline_with_real_ollama 
[gw0] [ 58%] PASSED tests/test_storage/test_async_storage.py::TestAsyncVectorStorage::test_search_async_with_filters 
tests/test_storage/test_async_storage.py::TestAsyncVectorStorage::test_list_chunks_async_success 
[gw0] [ 59%] PASSED tests/test_storage/test_async_storage.py::TestAsyncVectorStorage::test_list_chunks_async_success 
tests/test_storage/test_async_storage.py::TestAsyncVectorStorage::test_list_chunks_async_with_filters 
[gw0] [ 59%] PASSED tests/test_storage/test_async_storage.py::TestAsyncVectorStorage::test_list_chunks_async_with_filters 
tests/test_storage/test_async_storage.py::TestAsyncVectorStorage::test_delete_by_source_async_success 
[gw0] [ 59%] PASSED tests/test_storage/test_async_storage.py::TestAsyncVectorStorage::test_delete_by_source_async_success 
tests/test_storage/test_async_storage.py::TestAsyncVectorStorage::test_delete_by_chunk_id_async_success 
[gw0] [ 59%] PASSED tests/test_storage/test_async_storage.py::TestAsyncVectorStorage::test_delete_by_chunk_id_async_success 
tests/test_storage/test_async_storage.py::TestAsyncVectorStorage::test_delete_all_async_success 
[gw0] [ 59%] PASSED tests/test_storage/test_async_storage.py::TestAsyncVectorStorage::test_delete_all_async_success 
tests/test_storage/test_async_storage.py::TestAsyncVectorStorage::test_get_stats_async_success 
[gw0] [ 59%] PASSED tests/test_storage/test_async_storage.py::TestAsyncVectorStorage::test_get_stats_async_success 
tests/test_storage/test_async_storage.py::TestAsyncVectorStorage::test_aclose_closes_client 
[gw0] [ 59%] PASSED tests/test_storage/test_async_storage.py::TestAsyncVectorStorage::test_aclose_closes_client 
tests/test_storage/test_async_storage.py::TestAsyncVectorStorage::test_aclose_handles_missing_client 
[gw0] [ 59%] PASSED tests/test_storage/test_async_storage.py::TestAsyncVectorStorage::test_aclose_handles_missing_client 
tests/test_storage/test_async_storage.py::TestAsyncVectorStorage::test_context_manager_sync 
[gw0] [ 59%] PASSED tests/test_storage/test_async_storage.py::TestAsyncVectorStorage::test_context_manager_sync 
tests/test_storage/test_async_storage.py::TestAsyncVectorStorage::test_context_manager_async 
[gw0] [ 59%] PASSED tests/test_storage/test_async_storage.py::TestAsyncVectorStorage::test_context_manager_async 
tests/test_storage/test_async_storage.py::TestAsyncVectorStorage::test_wait_for_index_ready_async_success 
[gw0] [ 59%] PASSED tests/test_storage/test_async_storage.py::TestAsyncVectorStorage::test_wait_for_index_ready_async_success 
tests/test_storage/test_async_storage.py::TestAsyncVectorStorage::test_wait_for_index_ready_async_timeout 
[gw2] [ 60%] PASSED tests/test_rag/test_integration.py::TestRAGPipelineIntegration::test_rag_pipeline_with_real_ollama 
tests/test_rag/test_ollama_provider.py::TestOllamaProviderInit::test_init_with_defaults 
[gw2] [ 60%] PASSED tests/test_rag/test_ollama_provider.py::TestOllamaProviderInit::test_init_with_defaults 
tests/test_rag/test_ollama_provider.py::TestOllamaProviderInit::test_init_with_custom_values 
[gw2] [ 60%] PASSED tests/test_rag/test_ollama_provider.py::TestOllamaProviderInit::test_init_with_custom_values 
tests/test_rag/test_ollama_provider.py::TestOllamaProviderGenerate::test_generate_success 
[gw2] [ 60%] PASSED tests/test_rag/test_ollama_provider.py::TestOllamaProviderGenerate::test_generate_success 
tests/test_rag/test_ollama_provider.py::TestOllamaProviderGenerate::test_generate_with_custom_temperature 
[gw2] [ 60%] PASSED tests/test_rag/test_ollama_provider.py::TestOllamaProviderGenerate::test_generate_with_custom_temperature 
tests/test_rag/test_ollama_provider.py::TestOllamaProviderGenerate::test_generate_with_custom_max_tokens 
[gw2] [ 60%] PASSED tests/test_rag/test_ollama_provider.py::TestOllamaProviderGenerate::test_generate_with_custom_max_tokens 
tests/test_storage/test_async_validation.py::TestAsyncValidation::test_async_search_empty_results 
[gw2] [ 60%] PASSED tests/test_storage/test_async_validation.py::TestAsyncValidation::test_async_search_empty_results 
tests/test_storage/test_async_validation.py::TestAsyncValidation::test_async_delete_by_source_empty 
[gw2] [ 60%] PASSED tests/test_storage/test_async_validation.py::TestAsyncValidation::test_async_delete_by_source_empty 
tests/test_storage/test_async_validation.py::TestAsyncValidation::test_async_delete_all_empty_db 
[gw2] [ 60%] PASSED tests/test_storage/test_async_validation.py::TestAsyncValidation::test_async_delete_all_empty_db 
tests/test_storage/test_async_validation.py::TestAsyncValidation::test_async_get_stats_empty_db 
[gw2] [ 60%] PASSED tests/test_storage/test_async_validation.py::TestAsyncValidation::test_async_get_stats_empty_db 
tests/test_storage/test_batch_operations.py::TestVectorStorageBatchOperations::test_store_batch_empty_list 
[gw2] [ 60%] PASSED tests/test_storage/test_batch_operations.py::TestVectorStorageBatchOperations::test_store_batch_empty_list 
tests/test_storage/test_batch_operations.py::TestVectorStorageBatchOperations::test_store_batch_single_document 
[gw2] [ 60%] PASSED tests/test_storage/test_batch_operations.py::TestVectorStorageBatchOperations::test_store_batch_single_document 
tests/test_storage/test_batch_operations.py::TestVectorStorageBatchOperations::test_store_batch_large_batch 
[gw2] [ 61%] PASSED tests/test_storage/test_batch_operations.py::TestVectorStorageBatchOperations::test_store_batch_large_batch 
tests/test_storage/test_batch_operations.py::TestVectorStorageBatchOperations::test_store_batch_timestamps_consistent 
[gw2] [ 61%] PASSED tests/test_storage/test_batch_operations.py::TestVectorStorageBatchOperations::test_store_batch_timestamps_consistent 
tests/test_storage/test_batch_operations.py::TestVectorStorageBatchOperations::test_store_batch_preserves_metadata 
[gw2] [ 61%] PASSED tests/test_storage/test_batch_operations.py::TestVectorStorageBatchOperations::test_store_batch_preserves_metadata 
tests/test_storage/test_batch_operations.py::TestVectorStorageBatchOperations::test_store_batch_connection_error 
[gw2] [ 61%] PASSED tests/test_storage/test_batch_operations.py::TestVectorStorageBatchOperations::test_store_batch_connection_error 
tests/test_storage/test_batch_operations.py::TestVectorStorageBatchOperations::test_store_batch_returns_correct_count 
[gw2] [ 61%] PASSED tests/test_storage/test_batch_operations.py::TestVectorStorageBatchOperations::test_store_batch_returns_correct_count 
tests/test_storage/test_batch_operations.py::TestVectorStorageBatchOperations::test_store_batch_with_missing_metadata 
[gw2] [ 61%] PASSED tests/test_storage/test_batch_operations.py::TestVectorStorageBatchOperations::test_store_batch_with_missing_metadata 
tests/test_storage/test_batch_operations.py::TestVectorStorageBatchOperations::test_store_batch_preserves_original_documents 
[gw2] [ 61%] PASSED tests/test_storage/test_batch_operations.py::TestVectorStorageBatchOperations::test_store_batch_preserves_original_documents 
tests/test_storage/test_connection_recovery.py::TestConnectionRecovery::test_connection_failure_recovery 
[gw2] [ 61%] PASSED tests/test_storage/test_connection_recovery.py::TestConnectionRecovery::test_connection_failure_recovery 
tests/test_storage/test_connection_recovery.py::TestConnectionRecovery::test_connection_cache_invalidation 
[gw2] [ 61%] PASSED tests/test_storage/test_connection_recovery.py::TestConnectionRecovery::test_connection_cache_invalidation 
tests/test_storage/test_connection_recovery.py::TestConnectionRecovery::test_async_connection_recovery 
[gw2] [ 61%] PASSED tests/test_storage/test_connection_recovery.py::TestConnectionRecovery::test_async_connection_recovery 
tests/test_storage/test_connection_recovery.py::TestConnectionRecovery::test_connection_pool_exhaustion 
[gw2] [ 61%] PASSED tests/test_storage/test_connection_recovery.py::TestConnectionRecovery::test_connection_pool_exhaustion 
tests/test_storage/test_connection_recovery.py::TestConnectionRecovery::test_reconnection_after_close 
[gw2] [ 62%] PASSED tests/test_storage/test_connection_recovery.py::TestConnectionRecovery::test_reconnection_after_close 
tests/test_storage/test_connection_recovery.py::TestConnectionRecovery::test_context_manager_connection 
[gw2] [ 62%] PASSED tests/test_storage/test_connection_recovery.py::TestConnectionRecovery::test_context_manager_connection 
tests/test_storage/test_conversation_storage.py::TestConversationStorageListSessions::test_list_sessions_with_data 
[gw2] [ 62%] PASSED tests/test_storage/test_conversation_storage.py::TestConversationStorageListSessions::test_list_sessions_with_data 
tests/test_storage/test_conversation_storage.py::TestConversationStorageListSessions::test_list_sessions_with_limit 
[gw2] [ 62%] PASSED tests/test_storage/test_conversation_storage.py::TestConversationStorageListSessions::test_list_sessions_with_limit 
tests/test_storage/test_conversation_storage.py::TestConversationStorageContextManager::test_context_manager_closes_connection 
[gw2] [ 62%] PASSED tests/test_storage/test_conversation_storage.py::TestConversationStorageContextManager::test_context_manager_closes_connection 
tests/test_storage/test_conversation_storage.py::TestConversationStorageClose::test_close_sets_attributes_to_none 
[gw2] [ 62%] PASSED tests/test_storage/test_conversation_storage.py::TestConversationStorageClose::test_close_sets_attributes_to_none 
tests/test_storage/test_delete_operations.py::TestDeleteBySource::test_delete_by_source_success 
[gw2] [ 62%] PASSED tests/test_storage/test_delete_operations.py::TestDeleteBySource::test_delete_by_source_success 
tests/test_storage/test_delete_operations.py::TestDeleteBySource::test_delete_by_source_no_matches 
[gw2] [ 62%] PASSED tests/test_storage/test_delete_operations.py::TestDeleteBySource::test_delete_by_source_no_matches 
tests/test_storage/test_delete_operations.py::TestDeleteBySource::test_delete_by_source_connection_failure 
[gw2] [ 62%] PASSED tests/test_storage/test_delete_operations.py::TestDeleteBySource::test_delete_by_source_connection_failure 
tests/test_storage/test_delete_operations.py::TestDeleteBySource::test_delete_by_source_large_batch 
[gw2] [ 62%] PASSED tests/test_storage/test_delete_operations.py::TestDeleteBySource::test_delete_by_source_large_batch 
tests/test_storage/test_delete_operations.py::TestDeleteByChunkId::test_delete_by_chunk_id_success 
[gw2] [ 62%] PASSED tests/test_storage/test_delete_operations.py::TestDeleteByChunkId::test_delete_by_chunk_id_success 
tests/test_storage/test_delete_operations.py::TestDeleteByChunkId::test_delete_by_chunk_id_not_found 
[gw2] [ 62%] PASSED tests/test_storage/test_delete_operations.py::TestDeleteByChunkId::test_delete_by_chunk_id_not_found 
tests/test_storage/test_delete_operations.py::TestDeleteByChunkId::test_delete_by_chunk_id_connection_failure 
[gw2] [ 63%] PASSED tests/test_storage/test_delete_operations.py::TestDeleteByChunkId::test_delete_by_chunk_id_connection_failure 
tests/test_storage/test_delete_operations.py::TestDeleteByChunkId::test_delete_by_chunk_id_uuid_format 
[gw2] [ 63%] PASSED tests/test_storage/test_delete_operations.py::TestDeleteByChunkId::test_delete_by_chunk_id_uuid_format 
tests/test_storage/test_delete_operations.py::TestDeleteAll::test_delete_all_success 
[gw2] [ 63%] PASSED tests/test_storage/test_delete_operations.py::TestDeleteAll::test_delete_all_success 
tests/test_storage/test_delete_operations.py::TestDeleteAll::test_delete_all_empty_database 
[gw2] [ 63%] PASSED tests/test_storage/test_delete_operations.py::TestDeleteAll::test_delete_all_empty_database 
tests/test_storage/test_delete_operations.py::TestDeleteAll::test_delete_all_connection_failure 
[gw2] [ 63%] PASSED tests/test_storage/test_delete_operations.py::TestDeleteAll::test_delete_all_connection_failure 
tests/test_storage/test_delete_operations.py::TestDeleteAll::test_delete_all_large_dataset 
[gw2] [ 63%] PASSED tests/test_storage/test_delete_operations.py::TestDeleteAll::test_delete_all_large_dataset 
tests/test_storage/test_delete_operations.py::TestDeleteEdgeCases::test_delete_by_source_with_special_characters 
[gw2] [ 63%] PASSED tests/test_storage/test_delete_operations.py::TestDeleteEdgeCases::test_delete_by_source_with_special_characters 
tests/test_storage/test_delete_operations.py::TestDeleteEdgeCases::test_delete_by_chunk_id_empty_string 
[gw2] [ 63%] PASSED tests/test_storage/test_delete_operations.py::TestDeleteEdgeCases::test_delete_by_chunk_id_empty_string 
tests/test_storage/test_delete_operations.py::TestDeleteEdgeCases::test_delete_operations_return_int_type 
[gw2] [ 63%] PASSED tests/test_storage/test_delete_operations.py::TestDeleteEdgeCases::test_delete_operations_return_int_type 
tests/test_storage/test_delete_operations.py::TestAsyncDeleteOperations::test_delete_by_source_async_success 
[gw2] [ 63%] PASSED tests/test_storage/test_delete_operations.py::TestAsyncDeleteOperations::test_delete_by_source_async_success 
tests/test_storage/test_delete_operations.py::TestAsyncDeleteOperations::test_delete_by_chunk_id_async_success 
[gw2] [ 63%] PASSED tests/test_storage/test_delete_operations.py::TestAsyncDeleteOperations::test_delete_by_chunk_id_async_success 
tests/test_storage/test_delete_operations.py::TestAsyncDeleteOperations::test_delete_all_async_success 
[gw2] [ 64%] PASSED tests/test_storage/test_delete_operations.py::TestAsyncDeleteOperations::test_delete_all_async_success 
tests/test_storage/test_delete_operations.py::TestAsyncDeleteOperations::test_delete_by_source_async_connection_failure 
[gw2] [ 64%] PASSED tests/test_storage/test_delete_operations.py::TestAsyncDeleteOperations::test_delete_by_source_async_connection_failure 
tests/test_storage/test_delete_operations.py::TestAsyncDeleteOperations::test_delete_by_chunk_id_async_connection_failure 
[gw2] [ 64%] PASSED tests/test_storage/test_delete_operations.py::TestAsyncDeleteOperations::test_delete_by_chunk_id_async_connection_failure 
tests/test_storage/test_delete_operations.py::TestAsyncDeleteOperations::test_delete_all_async_connection_failure 
[gw2] [ 64%] PASSED tests/test_storage/test_delete_operations.py::TestAsyncDeleteOperations::test_delete_all_async_connection_failure 
tests/test_storage/test_delete_operations.py::TestDeleteIntegrationScenarios::test_delete_by_source_then_verify_count 
[gw2] [ 64%] PASSED tests/test_storage/test_delete_operations.py::TestDeleteIntegrationScenarios::test_delete_by_source_then_verify_count 
tests/test_storage/test_delete_operations.py::TestDeleteIntegrationScenarios::test_sequential_delete_operations 
[gw2] [ 64%] PASSED tests/test_storage/test_delete_operations.py::TestDeleteIntegrationScenarios::test_sequential_delete_operations 
tests/test_storage/test_search_pipeline.py::TestBuildSearchPipeline::test_basic_pipeline_no_filters 
[gw2] [ 64%] PASSED tests/test_storage/test_search_pipeline.py::TestBuildSearchPipeline::test_basic_pipeline_no_filters 
tests/test_storage/test_search_pipeline.py::TestBuildSearchPipeline::test_pipeline_with_source_filter 
[gw2] [ 64%] PASSED tests/test_storage/test_search_pipeline.py::TestBuildSearchPipeline::test_pipeline_with_source_filter 
tests/test_storage/test_search_pipeline.py::TestBuildSearchPipeline::test_pipeline_with_file_type_filter 
[gw2] [ 64%] PASSED tests/test_storage/test_search_pipeline.py::TestBuildSearchPipeline::test_pipeline_with_file_type_filter 
tests/test_storage/test_search_pipeline.py::TestBuildSearchPipeline::test_pipeline_with_both_filters 
[gw2] [ 64%] PASSED tests/test_storage/test_search_pipeline.py::TestBuildSearchPipeline::test_pipeline_with_both_filters 
tests/test_storage/test_search_pipeline.py::TestBuildSearchPipeline::test_pipeline_numcandidates_scaling 
[gw2] [ 64%] PASSED tests/test_storage/test_search_pipeline.py::TestBuildSearchPipeline::test_pipeline_numcandidates_scaling 
tests/test_storage/test_search_pipeline.py::TestBuildSearchPipeline::test_projection_includes_score 
[gw2] [ 65%] PASSED tests/test_storage/test_search_pipeline.py::TestBuildSearchPipeline::test_projection_includes_score 
tests/test_storage/test_search_pipeline.py::TestBuildSearchPipeline::test_pipeline_order 
[gw2] [ 65%] PASSED tests/test_storage/test_search_pipeline.py::TestBuildSearchPipeline::test_pipeline_order 
tests/test_storage/test_search_pipeline.py::TestBuildSearchPipeline::test_pipeline_with_different_top_k_values 
[gw2] [ 65%] PASSED tests/test_storage/test_search_pipeline.py::TestBuildSearchPipeline::test_pipeline_with_different_top_k_values 
tests/test_storage/test_search_pipeline.py::TestBuildSearchPipeline::test_pipeline_filter_regex_pattern 
[gw2] [ 65%] PASSED tests/test_storage/test_search_pipeline.py::TestBuildSearchPipeline::test_pipeline_filter_regex_pattern 
tests/test_storage/test_search_pipeline.py::TestBuildSearchPipeline::test_pipeline_field_selection 
[gw2] [ 65%] PASSED tests/test_storage/test_search_pipeline.py::TestBuildSearchPipeline::test_pipeline_field_selection 
tests/test_storage/test_storage.py::TestVectorStorage::test_init_default 
[gw2] [ 65%] PASSED tests/test_storage/test_storage.py::TestVectorStorage::test_init_default 
tests/test_storage/test_storage.py::TestVectorStorage::test_init_custom 
[gw2] [ 65%] PASSED tests/test_storage/test_storage.py::TestVectorStorage::test_init_custom 
tests/test_storage/test_storage.py::TestVectorStorage::test_validate_connection_success 
[gw2] [ 65%] PASSED tests/test_storage/test_storage.py::TestVectorStorage::test_validate_connection_success 
tests/test_storage/test_storage.py::TestVectorStorage::test_validate_connection_failure 
[gw2] [ 65%] PASSED tests/test_storage/test_storage.py::TestVectorStorage::test_validate_connection_failure 
tests/test_storage/test_storage.py::TestVectorStorage::test_ensure_index_success 
[gw2] [ 65%] PASSED tests/test_storage/test_storage.py::TestVectorStorage::test_ensure_index_success 
tests/test_storage/test_storage.py::TestVectorStorage::test_ensure_index_already_created 
[gw2] [ 65%] PASSED tests/test_storage/test_storage.py::TestVectorStorage::test_ensure_index_already_created 
tests/test_storage/test_storage.py::TestVectorStorage::test_ensure_index_catches_exception 
[gw2] [ 65%] PASSED tests/test_storage/test_storage.py::TestVectorStorage::test_ensure_index_catches_exception 
tests/test_storage/test_storage.py::TestVectorStorage::test_store_success 
[gw2] [ 66%] PASSED tests/test_storage/test_storage.py::TestVectorStorage::test_store_success 
tests/test_storage/test_storage.py::TestVectorStorage::test_store_connection_error 
[gw2] [ 66%] PASSED tests/test_storage/test_storage.py::TestVectorStorage::test_store_connection_error 
tests/test_storage/test_storage.py::TestVectorStorage::test_store_batch_success 
[gw2] [ 66%] PASSED tests/test_storage/test_storage.py::TestVectorStorage::test_store_batch_success 
tests/test_storage/test_storage.py::TestVectorStorage::test_get_stats_success 
[gw2] [ 66%] PASSED tests/test_storage/test_storage.py::TestVectorStorage::test_get_stats_success 
tests/test_storage/test_storage.py::TestVectorStorage::test_delete_by_source_success 
[gw2] [ 66%] PASSED tests/test_storage/test_storage.py::TestVectorStorage::test_delete_by_source_success 
tests/test_storage/test_storage.py::TestVectorStorage::test_delete_by_chunk_id_success 
[gw2] [ 66%] PASSED tests/test_storage/test_storage.py::TestVectorStorage::test_delete_by_chunk_id_success 
tests/test_storage/test_storage.py::TestVectorStorage::test_delete_all_success 
[gw2] [ 66%] PASSED tests/test_storage/test_storage.py::TestVectorStorage::test_delete_all_success 
tests/test_storage/test_storage.py::TestVectorStorage::test_list_chunks_success 
[gw2] [ 66%] PASSED tests/test_storage/test_storage.py::TestVectorStorage::test_list_chunks_success 
tests/test_storage/test_storage.py::TestStatisticsAndMetadata::test_get_stats_empty_database 
[gw2] [ 66%] PASSED tests/test_storage/test_storage.py::TestStatisticsAndMetadata::test_get_stats_empty_database 
tests/test_storage/test_storage.py::TestStatisticsAndMetadata::test_get_stats_with_many_sources 
[gw2] [ 66%] PASSED tests/test_storage/test_storage.py::TestStatisticsAndMetadata::test_get_stats_with_many_sources 
tests/test_storage/test_storage.py::TestStatisticsAndMetadata::test_statistics_consistency 
[gw2] [ 66%] PASSED tests/test_storage/test_storage.py::TestStatisticsAndMetadata::test_statistics_consistency 
tests/test_storage/test_storage.py::TestStatisticsAndMetadata::test_metadata_ingestion_timestamp 
[gw2] [ 67%] PASSED tests/test_storage/test_storage.py::TestStatisticsAndMetadata::test_metadata_ingestion_timestamp 
tests/test_storage/test_storage.py::TestStatisticsAndMetadata::test_metadata_preservation 
[gw2] [ 67%] PASSED tests/test_storage/test_storage.py::TestStatisticsAndMetadata::test_metadata_preservation 
tests/test_storage/test_storage.py::TestIndexReadyTimeout::test_wait_for_index_timeout_after_max_retries 
[gw2] [ 67%] PASSED tests/test_storage/test_storage.py::TestIndexReadyTimeout::test_wait_for_index_timeout_after_max_retries 
tests/test_storage/test_storage.py::TestIndexReadyTimeout::test_wait_for_index_success_before_timeout 
[gw2] [ 67%] PASSED tests/test_storage/test_storage.py::TestIndexReadyTimeout::test_wait_for_index_success_before_timeout 
tests/test_storage/test_storage.py::TestIndexReadyTimeout::test_wait_for_index_retry_logic 
[gw2] [ 67%] PASSED tests/test_storage/test_storage.py::TestIndexReadyTimeout::test_wait_for_index_retry_logic 
tests/test_storage/test_storage.py::TestIndexReadyTimeout::test_wait_for_index_exception_handling 
[gw2] [ 67%] PASSED tests/test_storage/test_storage.py::TestIndexReadyTimeout::test_wait_for_index_exception_handling 
tests/test_storage/test_storage_async.py::TestVectorStorageAsync::test_validate_connection_async_success 
[gw2] [ 67%] PASSED tests/test_storage/test_storage_async.py::TestVectorStorageAsync::test_validate_connection_async_success 
tests/test_storage/test_storage_async.py::TestVectorStorageAsync::test_validate_connection_async_failure 
[gw2] [ 67%] PASSED tests/test_storage/test_storage_async.py::TestVectorStorageAsync::test_validate_connection_async_failure 
tests/test_storage/test_storage_async.py::TestVectorStorageAsync::test_validate_connection_async_caching 
[gw2] [ 67%] PASSED tests/test_storage/test_storage_async.py::TestVectorStorageAsync::test_validate_connection_async_caching 
tests/test_storage/test_storage_async.py::TestVectorStorageAsync::test_validate_connection_async_force 
[gw2] [ 67%] PASSED tests/test_storage/test_storage_async.py::TestVectorStorageAsync::test_validate_connection_async_force 
tests/test_storage/test_storage_async.py::TestVectorStorageAsync::test_store_async_success 
[gw2] [ 67%] PASSED tests/test_storage/test_storage_async.py::TestVectorStorageAsync::test_store_async_success 
tests/test_storage/test_storage_async.py::TestVectorStorageAsync::test_store_async_adds_timestamp 
[gw2] [ 67%] PASSED tests/test_storage/test_storage_async.py::TestVectorStorageAsync::test_store_async_adds_timestamp 
tests/test_storage/test_storage_async.py::TestVectorStorageAsync::test_store_async_connection_failure 
[gw2] [ 68%] PASSED tests/test_storage/test_storage_async.py::TestVectorStorageAsync::test_store_async_connection_failure 
tests/test_storage/test_storage_async.py::TestVectorStorageAsync::test_store_batch_async_success 
[gw2] [ 68%] PASSED tests/test_storage/test_storage_async.py::TestVectorStorageAsync::test_store_batch_async_success 
tests/test_storage/test_storage_async.py::TestVectorStorageAsync::test_store_batch_async_adds_timestamps 
[gw2] [ 68%] PASSED tests/test_storage/test_storage_async.py::TestVectorStorageAsync::test_store_batch_async_adds_timestamps 
tests/test_storage/test_storage_async.py::TestVectorStorageAsync::test_search_async_success 
[gw2] [ 68%] PASSED tests/test_storage/test_storage_async.py::TestVectorStorageAsync::test_search_async_success 
tests/test_storage/test_storage_async.py::TestVectorStorageAsync::test_search_async_with_filters 
[gw2] [ 68%] PASSED tests/test_storage/test_storage_async.py::TestVectorStorageAsync::test_search_async_with_filters 
tests/test_storage/test_storage_async.py::TestVectorStorageAsync::test_list_chunks_async_success 
[gw2] [ 68%] PASSED tests/test_storage/test_storage_async.py::TestVectorStorageAsync::test_list_chunks_async_success 
tests/test_storage/test_storage_async.py::TestVectorStorageAsync::test_list_chunks_async_with_filters 
[gw2] [ 68%] PASSED tests/test_storage/test_storage_async.py::TestVectorStorageAsync::test_list_chunks_async_with_filters 
tests/test_storage/test_storage_async.py::TestVectorStorageAsync::test_aclose_closes_both_clients 
[gw2] [ 68%] PASSED tests/test_storage/test_storage_async.py::TestVectorStorageAsync::test_aclose_closes_both_clients 
tests/test_storage/test_storage_async.py::TestVectorStorageAsync::test_require_connection_async_success 
[gw2] [ 68%] PASSED tests/test_storage/test_storage_async.py::TestVectorStorageAsync::test_require_connection_async_success 
tests/test_storage/test_storage_async.py::TestVectorStorageAsync::test_require_connection_async_failure 
[gw2] [ 68%] PASSED tests/test_storage/test_storage_async.py::TestVectorStorageAsync::test_require_connection_async_failure 
tests/test_storage/test_storage_async.py::TestVectorStorageAsync::test_wait_for_index_ready_async_success 
[gw2] [ 68%] PASSED tests/test_storage/test_storage_async.py::TestVectorStorageAsync::test_wait_for_index_ready_async_success 
tests/test_storage/test_storage_async.py::TestVectorStorageAsync::test_wait_for_index_ready_async_timeout 
[gw1] [ 69%] PASSED tests/test_cli/test_ingest_commands.py::TestIngestCoresValidation::test_ingest_cores_validation 
tests/test_cli/test_ingest_commands.py::TestIngestStreamingEnabled::test_ingest_streaming_enabled 
[gw2] [ 69%] PASSED tests/test_storage/test_storage_async.py::TestVectorStorageAsync::test_wait_for_index_ready_async_timeout 
tests/test_storage/test_storage_async.py::TestVectorStorageAsync::test_wait_for_index_ready_async_exception_handling 
[gw2] [ 69%] PASSED tests/test_storage/test_storage_async.py::TestVectorStorageAsync::test_wait_for_index_ready_async_exception_handling 
tests/test_storage/test_storage_async.py::TestVectorStorageAsync::test_delete_by_source_async_success 
[gw2] [ 69%] PASSED tests/test_storage/test_storage_async.py::TestVectorStorageAsync::test_delete_by_source_async_success 
tests/test_storage/test_storage_async.py::TestVectorStorageAsync::test_delete_by_source_async_connection_failure 
[gw2] [ 69%] PASSED tests/test_storage/test_storage_async.py::TestVectorStorageAsync::test_delete_by_source_async_connection_failure 
tests/test_storage/test_storage_async.py::TestVectorStorageAsync::test_delete_by_chunk_id_async_success 
[gw2] [ 69%] PASSED tests/test_storage/test_storage_async.py::TestVectorStorageAsync::test_delete_by_chunk_id_async_success 
tests/test_storage/test_storage_async.py::TestVectorStorageAsync::test_delete_by_chunk_id_async_connection_failure 
[gw2] [ 69%] PASSED tests/test_storage/test_storage_async.py::TestVectorStorageAsync::test_delete_by_chunk_id_async_connection_failure 
[gw1] [ 69%] PASSED tests/test_cli/test_ingest_commands.py::TestIngestStreamingEnabled::test_ingest_streaming_enabled 
tests/test_storage/test_storage_async.py::TestVectorStorageAsync::test_delete_all_async_success 
tests/test_cli/test_ingest_commands.py::TestIngestFileValidation::test_ingest_file_validation 
[gw2] [ 69%] PASSED tests/test_storage/test_storage_async.py::TestVectorStorageAsync::test_delete_all_async_success 
tests/test_storage/test_storage_async.py::TestVectorStorageAsync::test_delete_all_async_connection_failure 
[gw2] [ 69%] PASSED tests/test_storage/test_storage_async.py::TestVectorStorageAsync::test_delete_all_async_connection_failure 
tests/test_storage/test_storage_async.py::TestVectorStorageAsync::test_do_validate_async_success 
[gw2] [ 69%] PASSED tests/test_storage/test_storage_async.py::TestVectorStorageAsync::test_do_validate_async_success 
tests/test_storage/test_storage_async.py::TestVectorStorageAsync::test_do_validate_async_failure 
[gw2] [ 70%] PASSED tests/test_storage/test_storage_async.py::TestVectorStorageAsync::test_do_validate_async_failure 
tests/test_storage/test_storage_async.py::TestVectorStorageAsync::test_request_async 
[gw2] [ 70%] PASSED tests/test_storage/test_storage_async.py::TestVectorStorageAsync::test_request_async 
tests/test_storage/test_storage_async.py::TestVectorStorageAsync::test_aclose_handles_missing_async_client 
[gw2] [ 70%] PASSED tests/test_storage/test_storage_async.py::TestVectorStorageAsync::test_aclose_handles_missing_async_client 
tests/test_storage/test_storage_async.py::TestVectorStorageAsync::test_search_async_connection_failure 
[gw2] [ 70%] PASSED tests/test_storage/test_storage_async.py::TestVectorStorageAsync::test_search_async_connection_failure 
tests/test_storage/test_storage_async.py::TestVectorStorageAsync::test_list_chunks_async_connection_failure 
[gw2] [ 70%] PASSED tests/test_storage/test_storage_async.py::TestVectorStorageAsync::test_list_chunks_async_connection_failure 
tests/test_storage/test_storage_async.py::TestVectorStorageAsync::test_store_batch_async_connection_failure 
[gw2] [ 70%] PASSED tests/test_storage/test_storage_async.py::TestVectorStorageAsync::test_store_batch_async_connection_failure 
tests/test_storage/test_storage_batch.py::TestVectorStorageBatchOperations::test_store_batch_success 
[gw2] [ 70%] PASSED tests/test_storage/test_storage_batch.py::TestVectorStorageBatchOperations::test_store_batch_success 
tests/test_storage/test_storage_batch.py::TestVectorStorageBatchOperations::test_store_batch_empty_list 
[gw2] [ 70%] PASSED tests/test_storage/test_storage_batch.py::TestVectorStorageBatchOperations::test_store_batch_empty_list 
tests/test_storage/test_storage_batch.py::TestVectorStorageBatchOperations::test_store_batch_preserves_existing_metadata 
[gw2] [ 70%] PASSED tests/test_storage/test_storage_batch.py::TestVectorStorageBatchOperations::test_store_batch_preserves_existing_metadata 
tests/test_storage/test_storage_batch.py::TestVectorStorageBatchOperations::test_store_batch_with_connection_failure 
[gw2] [ 70%] PASSED tests/test_storage/test_storage_batch.py::TestVectorStorageBatchOperations::test_store_batch_with_connection_failure 
tests/test_storage/test_storage_batch.py::TestVectorStorageIndexTimeout::test_wait_for_index_ready_success 
[gw2] [ 70%] PASSED tests/test_storage/test_storage_batch.py::TestVectorStorageIndexTimeout::test_wait_for_index_ready_success 
tests/test_storage/test_storage_batch.py::TestVectorStorageIndexTimeout::test_wait_for_index_ready_multiple_retries 
[gw1] [ 70%] PASSED tests/test_cli/test_ingest_commands.py::TestIngestFileValidation::test_ingest_file_validation 
tests/test_cli/test_ingest_commands.py::TestIngestEmptyDirectory::test_ingest_empty_directory 
[gw1] [ 71%] PASSED tests/test_cli/test_ingest_commands.py::TestIngestEmptyDirectory::test_ingest_empty_directory 
tests/test_cli/test_ingest_commands.py::TestIngestMixedSuccessFailure::test_ingest_mixed_success_failure 
[gw1] [ 71%] PASSED tests/test_cli/test_ingest_commands.py::TestIngestMixedSuccessFailure::test_ingest_mixed_success_failure 
tests/test_cli/test_list_delete_fixed.py::TestListWithLimitParameter::test_list_with_limit_parameter 
[gw1] [ 71%] PASSED tests/test_cli/test_list_delete_fixed.py::TestListWithLimitParameter::test_list_with_limit_parameter 
tests/test_cli/test_list_delete_fixed.py::TestListWithLimitParameter::test_list_with_offset_parameter 
[gw1] [ 71%] PASSED tests/test_cli/test_list_delete_fixed.py::TestListWithLimitParameter::test_list_with_offset_parameter 
tests/test_cli/test_list_delete_fixed.py::TestListWithLimitParameter::test_list_pagination_combined 
[gw0] [ 71%] PASSED tests/test_storage/test_async_storage.py::TestAsyncVectorStorage::test_wait_for_index_ready_async_timeout 
tests/test_storage/test_async_storage.py::TestAsyncVectorStorage::test_ensure_index_async_creates_index 
[gw0] [ 71%] PASSED tests/test_storage/test_async_storage.py::TestAsyncVectorStorage::test_ensure_index_async_creates_index 
tests/test_storage/test_async_storage.py::TestAsyncVectorStorage::test_ensure_index_async_skips_existing 
[gw0] [ 71%] PASSED tests/test_storage/test_async_storage.py::TestAsyncVectorStorage::test_ensure_index_async_skips_existing 
tests/test_storage/test_async_storage.py::TestAsyncVectorStorage::test_encode_decode_embedding 
[gw0] [ 71%] PASSED tests/test_storage/test_async_storage.py::TestAsyncVectorStorage::test_encode_decode_embedding 
tests/test_storage/test_async_storage.py::TestAsyncVectorStorage::test_prepare_document_for_storage 
[gw0] [ 71%] PASSED tests/test_storage/test_async_storage.py::TestAsyncVectorStorage::test_prepare_document_for_storage 
tests/test_storage/test_async_validation.py::TestAsyncValidation::test_async_store_validation 
[gw0] [ 71%] PASSED tests/test_storage/test_async_validation.py::TestAsyncValidation::test_async_store_validation 
tests/test_storage/test_async_validation.py::TestAsyncValidation::test_async_store_empty_batch 
[gw0] [ 71%] PASSED tests/test_storage/test_async_validation.py::TestAsyncValidation::test_async_store_empty_batch 
tests/test_storage/test_async_validation.py::TestAsyncValidation::test_async_store_large_batch 
[gw1] [ 72%] PASSED tests/test_cli/test_list_delete_fixed.py::TestListWithLimitParameter::test_list_pagination_combined 
tests/test_cli/test_list_delete_fixed.py::TestListWithLimitParameter::test_list_all_flag_bypasses_limit 
[gw0] [ 72%] PASSED tests/test_storage/test_async_validation.py::TestAsyncValidation::test_async_store_large_batch 
tests/test_storage/test_async_validation.py::TestAsyncValidation::test_async_search_timeout 
[gw1] [ 72%] PASSED tests/test_cli/test_list_delete_fixed.py::TestListWithLimitParameter::test_list_all_flag_bypasses_limit 
tests/test_cli/test_list_delete_fixed.py::TestListWithLimitParameter::test_list_validation_negative_limit 
[gw1] [ 72%] PASSED tests/test_cli/test_list_delete_fixed.py::TestListWithLimitParameter::test_list_validation_negative_limit 
tests/test_cli/test_list_delete_fixed.py::TestListWithLimitParameter::test_list_validation_negative_offset 
[gw0] [ 72%] PASSED tests/test_storage/test_async_validation.py::TestAsyncValidation::test_async_search_timeout 
tests/test_storage/test_connection_recovery.py::TestConnectionRecovery::test_validate_connection_caching 
[gw0] [ 72%] PASSED tests/test_storage/test_connection_recovery.py::TestConnectionRecovery::test_validate_connection_caching 
tests/test_storage/test_connection_recovery.py::TestConnectionRecovery::test_connection_error_message_includes_context 
[gw0] [ 72%] PASSED tests/test_storage/test_connection_recovery.py::TestConnectionRecovery::test_connection_error_message_includes_context 
tests/test_storage/test_conversation_storage.py::TestConversationStorageCreateSession::test_create_session_success 
[gw0] [ 72%] PASSED tests/test_storage/test_conversation_storage.py::TestConversationStorageCreateSession::test_create_session_success 
tests/test_storage/test_conversation_storage.py::TestConversationStorageCreateSession::test_create_session_with_special_characters 
[gw0] [ 72%] PASSED tests/test_storage/test_conversation_storage.py::TestConversationStorageCreateSession::test_create_session_with_special_characters 
tests/test_storage/test_conversation_storage.py::TestConversationStorageCreateSession::test_create_session_connection_error 
[gw0] [ 72%] PASSED tests/test_storage/test_conversation_storage.py::TestConversationStorageCreateSession::test_create_session_connection_error 
tests/test_storage/test_conversation_storage.py::TestConversationStorageGetHistory::test_get_history_empty_session 
[gw0] [ 72%] PASSED tests/test_storage/test_conversation_storage.py::TestConversationStorageGetHistory::test_get_history_empty_session 
tests/test_storage/test_conversation_storage.py::TestConversationStorageGetHistory::test_get_history_with_messages 
[gw0] [ 72%] PASSED tests/test_storage/test_conversation_storage.py::TestConversationStorageGetHistory::test_get_history_with_messages 
tests/test_storage/test_conversation_storage.py::TestConversationStorageGetHistory::test_get_history_with_limit 
[gw0] [ 73%] PASSED tests/test_storage/test_conversation_storage.py::TestConversationStorageGetHistory::test_get_history_with_limit 
tests/test_storage/test_conversation_storage.py::TestConversationStorageGetHistory::test_get_history_session_not_found 
[gw0] [ 73%] PASSED tests/test_storage/test_conversation_storage.py::TestConversationStorageGetHistory::test_get_history_session_not_found 
tests/test_storage/test_conversation_storage.py::TestConversationStorageSaveMessage::test_save_message_success 
[gw0] [ 73%] PASSED tests/test_storage/test_conversation_storage.py::TestConversationStorageSaveMessage::test_save_message_success 
tests/test_storage/test_conversation_storage.py::TestConversationStorageSaveMessage::test_save_message_with_system_role 
[gw0] [ 73%] PASSED tests/test_storage/test_conversation_storage.py::TestConversationStorageSaveMessage::test_save_message_with_system_role 
tests/test_storage/test_conversation_storage.py::TestConversationStorageSaveMessage::test_save_message_updates_timestamp 
[gw0] [ 73%] PASSED tests/test_storage/test_conversation_storage.py::TestConversationStorageSaveMessage::test_save_message_updates_timestamp 
[gw1] [ 73%] PASSED tests/test_cli/test_list_delete_fixed.py::TestListWithLimitParameter::test_list_validation_negative_offset 
tests/test_cli/test_list_delete_fixed.py::TestDeleteConfirmation::test_delete_requires_confirmation 
tests/test_storage/test_conversation_storage.py::TestConversationStorageUpdateMessages::test_update_messages_replaces_all 
[gw0] [ 73%] PASSED tests/test_storage/test_conversation_storage.py::TestConversationStorageUpdateMessages::test_update_messages_replaces_all 
tests/test_storage/test_conversation_storage.py::TestConversationStorageUpdateMessages::test_update_messages_empty_list 
[gw0] [ 73%] PASSED tests/test_storage/test_conversation_storage.py::TestConversationStorageUpdateMessages::test_update_messages_empty_list 
tests/test_storage/test_conversation_storage.py::TestConversationStorageDeleteSession::test_delete_session_success 
[gw0] [ 73%] PASSED tests/test_storage/test_conversation_storage.py::TestConversationStorageDeleteSession::test_delete_session_success 
tests/test_storage/test_conversation_storage.py::TestConversationStorageDeleteSession::test_delete_session_not_found 
[gw0] [ 73%] PASSED tests/test_storage/test_conversation_storage.py::TestConversationStorageDeleteSession::test_delete_session_not_found 
tests/test_storage/test_conversation_storage.py::TestConversationStorageDeleteSession::test_delete_session_connection_error 
[gw0] [ 73%] PASSED tests/test_storage/test_conversation_storage.py::TestConversationStorageDeleteSession::test_delete_session_connection_error 
tests/test_storage/test_conversation_storage.py::TestConversationStorageListSessions::test_list_sessions_empty 
[gw1] [ 74%] PASSED tests/test_cli/test_list_delete_fixed.py::TestDeleteConfirmation::test_delete_requires_confirmation 
[gw0] [ 74%] PASSED tests/test_storage/test_conversation_storage.py::TestConversationStorageListSessions::test_list_sessions_empty 
tests/test_cli/test_list_delete_fixed.py::TestDeleteConfirmation::test_delete_with_yes_flag 
tests/test_storage/test_storage_batch.py::TestVectorStorageStatistics::test_list_chunks_by_chunk_id 
[gw0] [ 74%] PASSED tests/test_storage/test_storage_batch.py::TestVectorStorageStatistics::test_list_chunks_by_chunk_id 
tests/test_storage/test_storage_batch.py::TestVectorStorageStatistics::test_list_chunks_with_pagination 
[gw0] [ 74%] PASSED tests/test_storage/test_storage_batch.py::TestVectorStorageStatistics::test_list_chunks_with_pagination 
tests/test_storage/test_storage_edge_cases.py::TestStorageEdgeCases::test_close_closes_sync_only 
[gw0] [ 74%] PASSED tests/test_storage/test_storage_edge_cases.py::TestStorageEdgeCases::test_close_closes_sync_only 
tests/test_storage/test_storage_edge_cases.py::TestStorageEdgeCases::test_close_closes_both_clients 
[gw0] [ 74%] PASSED tests/test_storage/test_storage_edge_cases.py::TestStorageEdgeCases::test_close_closes_both_clients 
tests/test_storage/test_storage_edge_cases.py::TestStorageEdgeCases::test_async_client_property_creates_client 
[gw2] [ 74%] PASSED tests/test_storage/test_storage_batch.py::TestVectorStorageIndexTimeout::test_wait_for_index_ready_multiple_retries 
tests/test_storage/test_storage_batch.py::TestVectorStorageIndexTimeout::test_wait_for_index_ready_timeout_warning 
[gw2] [ 74%] PASSED tests/test_storage/test_storage_batch.py::TestVectorStorageIndexTimeout::test_wait_for_index_ready_timeout_warning 
tests/test_storage/test_storage_batch.py::TestVectorStorageIndexTimeout::test_wait_for_index_ready_with_exception 
[gw0] [ 74%] PASSED tests/test_storage/test_storage_edge_cases.py::TestStorageEdgeCases::test_async_client_property_creates_client 
tests/test_storage/test_storage_edge_cases.py::TestStorageEdgeCases::test_async_client_property_reuses_client 
[gw0] [ 74%] PASSED tests/test_storage/test_storage_edge_cases.py::TestStorageEdgeCases::test_async_client_property_reuses_client 
tests/test_storage/test_storage_edge_cases.py::TestStorageEdgeCases::test_do_validate_async_handles_exception 
[gw1] [ 74%] PASSED tests/test_cli/test_list_delete_fixed.py::TestDeleteConfirmation::test_delete_with_yes_flag 
tests/test_cli/test_list_delete_fixed.py::TestDeleteConfirmation::test_delete_all_confirmation 
[gw0] [ 75%] PASSED tests/test_storage/test_storage_edge_cases.py::TestStorageEdgeCases::test_do_validate_async_handles_exception 
tests/test_storage/test_storage_edge_cases.py::TestStorageEdgeCases::test_store_batch_async_preserves_ingested_at 
[gw0] [ 75%] PASSED tests/test_storage/test_storage_edge_cases.py::TestStorageEdgeCases::test_store_batch_async_preserves_ingested_at 
tests/test_storage/test_storage_edge_cases.py::TestStorageEdgeCases::test_require_connection_async_raises_on_failure 
[gw0] [ 75%] PASSED tests/test_storage/test_storage_edge_cases.py::TestStorageEdgeCases::test_require_connection_async_raises_on_failure 
tests/test_storage/test_storage_optimizations.py::TestEmbeddingEncoding::test_encode_embedding_float32 
[gw2] [ 75%] PASSED tests/test_storage/test_storage_batch.py::TestVectorStorageIndexTimeout::test_wait_for_index_ready_with_exception 
tests/test_storage/test_storage_batch.py::TestVectorStorageFilterCombinations::test_search_with_both_filters 
[gw0] [ 75%] PASSED tests/test_storage/test_storage_optimizations.py::TestEmbeddingEncoding::test_encode_embedding_float32 
tests/test_storage/test_storage_optimizations.py::TestEmbeddingEncoding::test_decode_embedding_restores_values 
[gw0] [ 75%] PASSED tests/test_storage/test_storage_optimizations.py::TestEmbeddingEncoding::test_decode_embedding_restores_values 
tests/test_storage/test_storage_optimizations.py::TestEmbeddingEncoding::test_encode_decode_roundtrip 
[gw2] [ 75%] PASSED tests/test_storage/test_storage_batch.py::TestVectorStorageFilterCombinations::test_search_with_both_filters 
tests/test_storage/test_storage_batch.py::TestVectorStorageFilterCombinations::test_search_with_only_source_filter 
[gw0] [ 75%] PASSED tests/test_storage/test_storage_optimizations.py::TestEmbeddingEncoding::test_encode_decode_roundtrip 
tests/test_storage/test_storage_optimizations.py::TestEmbeddingEncoding::test_prepare_embedding_binary_format 
[gw2] [ 75%] PASSED tests/test_storage/test_storage_batch.py::TestVectorStorageFilterCombinations::test_search_with_only_source_filter 
tests/test_storage/test_storage_batch.py::TestVectorStorageFilterCombinations::test_search_with_only_file_type_filter 
[gw0] [ 75%] PASSED tests/test_storage/test_storage_optimizations.py::TestEmbeddingEncoding::test_prepare_embedding_binary_format 
tests/test_storage/test_storage_optimizations.py::TestEmbeddingEncoding::test_prepare_embedding_array_format 
[gw2] [ 75%] PASSED tests/test_storage/test_storage_batch.py::TestVectorStorageFilterCombinations::test_search_with_only_file_type_filter 
tests/test_storage/test_storage_batch.py::TestVectorStorageFilterCombinations::test_search_with_no_filters 
[gw0] [ 75%] PASSED tests/test_storage/test_storage_optimizations.py::TestEmbeddingEncoding::test_prepare_embedding_array_format 
tests/test_storage/test_storage_optimizations.py::TestEmbeddingEncoding::test_normalize_embedding_from_binary 
[gw0] [ 76%] PASSED tests/test_storage/test_storage_optimizations.py::TestEmbeddingEncoding::test_normalize_embedding_from_binary 
tests/test_storage/test_storage_optimizations.py::TestEmbeddingEncoding::test_normalize_embedding_from_bytes 
[gw2] [ 76%] PASSED tests/test_storage/test_storage_batch.py::TestVectorStorageFilterCombinations::test_search_with_no_filters 
tests/test_storage/test_storage_batch.py::TestVectorStorageConnectionRecovery::test_connection_reestablished_after_close 
[gw0] [ 76%] PASSED tests/test_storage/test_storage_optimizations.py::TestEmbeddingEncoding::test_normalize_embedding_from_bytes 
tests/test_storage/test_storage_optimizations.py::TestEmbeddingEncoding::test_normalize_embedding_already_list 
[gw0] [ 76%] PASSED tests/test_storage/test_storage_optimizations.py::TestEmbeddingEncoding::test_normalize_embedding_already_list 
tests/test_storage/test_storage_optimizations.py::TestDocumentPreparation::test_prepare_document_encodes_embedding 
[gw0] [ 76%] PASSED tests/test_storage/test_storage_optimizations.py::TestDocumentPreparation::test_prepare_document_encodes_embedding 
tests/test_storage/test_storage_optimizations.py::TestDocumentPreparation::test_prepare_document_preserves_flattened_fields 
[gw0] [ 76%] PASSED tests/test_storage/test_storage_optimizations.py::TestDocumentPreparation::test_prepare_document_preserves_flattened_fields 
tests/test_storage/test_storage_optimizations.py::TestDocumentPreparation::test_prepare_document_batch 
[gw0] [ 76%] PASSED tests/test_storage/test_storage_optimizations.py::TestDocumentPreparation::test_prepare_document_batch 
tests/test_utils/test_circuit_breaker_coverage.py::TestCircuitBreakerEnabledService::test_is_circuit_breaker_enabled_property 
[gw0] [ 76%] PASSED tests/test_utils/test_circuit_breaker_coverage.py::TestCircuitBreakerEnabledService::test_is_circuit_breaker_enabled_property 
tests/test_utils/test_circuit_breaker_coverage.py::TestValidateConnectionWithCircuitBreaker::test_validate_connection_with_cb_open 
[gw0] [ 76%] PASSED tests/test_utils/test_circuit_breaker_coverage.py::TestValidateConnectionWithCircuitBreaker::test_validate_connection_with_cb_open 
tests/test_utils/test_circuit_breaker_coverage.py::TestValidateConnectionWithCircuitBreaker::test_validate_connection_with_cb_closed 
[gw0] [ 76%] PASSED tests/test_utils/test_circuit_breaker_coverage.py::TestValidateConnectionWithCircuitBreaker::test_validate_connection_with_cb_closed 
tests/test_utils/test_circuit_breaker_coverage.py::TestAsyncValidationWithCircuitBreaker::test_validate_connection_async_with_cb_open 
[gw0] [ 76%] PASSED tests/test_utils/test_circuit_breaker_coverage.py::TestAsyncValidationWithCircuitBreaker::test_validate_connection_async_with_cb_open 
tests/test_utils/test_circuit_breaker_coverage.py::TestAsyncValidationWithCircuitBreaker::test_validate_connection_async_with_cb_closed 
[gw0] [ 77%] PASSED tests/test_utils/test_circuit_breaker_coverage.py::TestAsyncValidationWithCircuitBreaker::test_validate_connection_async_with_cb_closed 
tests/test_utils/test_connections.py::TestServiceUnavailableError::test_exception_default_message 
[gw0] [ 77%] PASSED tests/test_utils/test_connections.py::TestServiceUnavailableError::test_exception_default_message 
tests/test_utils/test_connections.py::TestServiceUnavailableError::test_exception_custom_message 
[gw0] [ 77%] PASSED tests/test_utils/test_connections.py::TestServiceUnavailableError::test_exception_custom_message 
tests/test_utils/test_connections.py::TestServiceUnavailableError::test_exception_service_name_attribute 
[gw0] [ 77%] PASSED tests/test_utils/test_connections.py::TestServiceUnavailableError::test_exception_service_name_attribute 
tests/test_utils/test_connections.py::TestEnsureServiceAvailable::test_service_available 
[gw0] [ 77%] PASSED tests/test_utils/test_connections.py::TestEnsureServiceAvailable::test_service_available 
tests/test_utils/test_connections.py::TestEnsureServiceAvailable::test_service_unavailable_raises 
[gw0] [ 77%] PASSED tests/test_utils/test_connections.py::TestEnsureServiceAvailable::test_service_unavailable_raises 
tests/test_utils/test_connections.py::TestRateLimitedRetry::test_retry_on_failure 
[gw0] [ 77%] PASSED tests/test_utils/test_connections.py::TestRateLimitedRetry::test_retry_on_failure 
tests/test_utils/test_connections.py::TestRateLimitedRetry::test_success_on_first_attempt 
[gw0] [ 77%] PASSED tests/test_utils/test_connections.py::TestRateLimitedRetry::test_success_on_first_attempt 
tests/test_utils/test_connections.py::TestRateLimitedRetry::test_retry_with_exception 
[gw0] [ 77%] PASSED tests/test_utils/test_connections.py::TestRateLimitedRetry::test_retry_with_exception 
tests/test_utils/test_connections.py::TestRateLimitedRetry::test_retry_resets_after_success 
[gw1] [ 77%] PASSED tests/test_cli/test_list_delete_fixed.py::TestDeleteConfirmation::test_delete_all_confirmation 
tests/test_cli/test_list_delete_fixed.py::TestDeleteConfirmation::test_delete_mutually_exclusive_options                     DEBUG    {"timestamp": "2026-03-25             logger.py:108
                             00:54:22,711", "level": "DEBUG",                   
                             "logger": "pymongo.topology",                      
                             "message": "{\"message\": \"Server                 
                             heartbeat started\", \"topologyId\":               
                             {\"$oid\":                                         
                             \"69c3788eb0974cf2819264f0\"},                     
                             \"driverConnectionId\": 1,                         
                             \"serverHost\": \"localhost\",                     
                             \"serverPort\": 27017, \"awaited\":                
                             false}", "module": "logger",                       
                             "function": "_debug_log", "line":                  
                             108, "request_id": ""}                             

[gw2] [ 77%] PASSED tests/test_storage/test_storage_batch.py::TestVectorStorageConnectionRecovery::test_connection_reestablished_after_close                     DEBUG    {"timestamp": "2026-03-25             logger.py:108
                             00:54:22,713", "level": "DEBUG",                   
                             "logger": "pymongo.topology",                      
                             "message": "{\"message\": \"Server                 
                             heartbeat succeeded\",                             
                             \"topologyId\": {\"$oid\":                         
                             \"69c3788eb0974cf2819264f0\"},                     
                             \"driverConnectionId\": 1,                         
                             \"serverConnectionId\": 50401,                     
                             \"serverHost\": \"localhost\",                     
                             \"serverPort\": 27017, \"awaited\":                
                             false, \"durationMS\":                             
                             0.46356001985259354, \"reply\":                    
                             \"{\\\"helloOk\\\": true,                          
                             \\\"topologyVersion\\\":                           
                             {\\\"processId\\\": {\\\"$oid\\\":                 
                             \\\"69c2c71d62e96e4cef0a46d8\\\"},                 
                             \\\"counter\\\": 6}, \\\"hosts\\\":                
                             [\\\"mongodb:27017\\\"],                           
                             \\\"setName\\\": \\\"mongodb\\\",                  
                             \\\"setVersion\\\": 1,                             
                             \\\"ismaster\\\": true,                            
                             \\\"primary\\\":                                   
                             \\\"mongodb:27017\\\", \\\"me\\\":                 
                             \\\"mongodb:27017\\\",                             
                             \\\"electionId\\\": {\\\"$oid\\\":                 
                             \\\"7fffffff0000000000000003\\\"},                 
                             \\\"lastWrite\\\": {\\\"opTime\\\":                
                             {\\\"ts\\\": {\\\"$timestamp\\\":                  
                             {\\\"t\\\": 1774418054, \\\"i\\\":                 
                             23}}, \\\"t\\\": 3},                               
                             \\\"lastWriteDate\\\":                             
                             {\\\"$date\\\":                                    
                             \\\"2026-03-25T05:54:14Z\\\"},                     
                             \\\"majorityOpTime\\\": {\\\"ts\\\":               
                             {\\\"$timestamp\\\": {\\\"t\\\":                   
                             1774418054, \\\"i\\\": 23}},                       
                             \\\"t\\\": 3},                                     
                             \\\"majorityWriteDate\\\":                         
                             {\\\"$date\\\":                                    
                             \\\"2026-03-25T05:54:14Z\\\"}},                    
                             \\\"maxBsonObjectSize\\\": 16777216,               
                             \\\"maxMessageSizeBytes\\\":                       
                             48000000, \\\"maxWriteBatchSize\\\":               
                             100000, \\\"localTime\\\":                         
                             {\\\"$date\\\":                                    
                             \\\"2026-03-25T05:54:22.713Z\\\"},                 
                             \\\"logicalSessionTimeoutMinutes\\\":              
                             30, \\\"connectionId\\\": 50401,                   
                             \\\"maxWireVersion\\\": 27,                        
                             \\\"ok\\\": 1.0,                                   
                             \\\"$clusterTime\\\":                              
                             {\\\"clusterTime\\\":                              
                             {\\\"$timestamp\\\": {\\\"t\\\":                   
                             1774418054, \\\"i\\\": 23}},                       
                             \\\"signature\\\": {\\\"hash\\\":                  
                             {\\\"$binary\\\": {\\\"base64\\\":                 
                             \\\"Jwjf10NZ+0PB/jPr8hvTs/nJrDE=\\\",              
                             \\\"subType\\\": \\\"00\\\"}},                     
                             \\\"keyId\\\":                                     
                             7620872433947377666...\"}", "module":              
                             "logger", "function": "_debug_log",                
                             "line": 108, "request_id": ""}                     
                    DEBUG    {"timestamp": "2026-03-25             logger.py:108
                             00:54:22,717", "level": "DEBUG",                   
                             "logger": "pymongo.connection",                    
                             "message": "{\"message\":                          
                             \"Connection pool ready\",                         
                             \"clientId\": {\"$oid\":                           
                             \"69c3788eb0974cf2819264f0\"},                     
                             \"serverHost\": \"localhost\",                     
                             \"serverPort\": 27017}", "module":                 
                             "logger", "function": "_debug_log",                
                             "line": 108, "request_id": ""}                     
                    DEBUG    {"timestamp": "2026-03-25             logger.py:108
                             00:54:22,718", "level": "DEBUG",                   
                             "logger": "pymongo.topology",                      
                             "message": "{\"message\": \"Topology               
                             description changed\",                             
                             \"topologyId\": {\"$oid\":                         
                             \"69c3788eb0974cf2819264f0\"},                     
                             \"previousDescription\":                           
                             \"<TopologyDescription id:                         
                             69c3788eb0974cf2819264f0,                          
                             topology_type: Single, servers:                    
                             [<ServerDescription ('localhost',                  
                             27017) server_type: Unknown, rtt:                  
                             None>]>\", \"newDescription\":                     
                             \"<TopologyDescription id:                         
                             69c3788eb0974cf2819264f0,                          
                             topology_type: Single, servers:                    
                             [<ServerDescription ('localhost',                  
                             27017) server_type: RSPrimary, rtt:                
                             0.00046356001985259354>]>\"}",                     
                             "module": "logger", "function":                    
                             "_debug_log", "line": 108,                         
                             "request_id": ""}                                  

tests/test_storage/test_storage_batch.py::TestVectorStorageConnectionRecovery::test_validate_connection_with_retry                     DEBUG    {"timestamp": "2026-03-25             logger.py:108
                             00:54:22,721", "level": "DEBUG",                   
                             "logger": "pymongo.topology",                      
                             "message": "{\"message\": \"Server                 
                             heartbeat started\", \"topologyId\":               
                             {\"$oid\":                                         
                             \"69c3788eb0974cf2819264f0\"},                     
                             \"driverConnectionId\": 1,                         
                             \"serverConnectionId\": 50401,                     
                             \"serverHost\": \"localhost\",                     
                             \"serverPort\": 27017, \"awaited\":                
                             true}", "module": "logger",                        
                             "function": "_debug_log", "line":                  
                             108, "request_id": ""}                             

[gw2] [ 77%] PASSED tests/test_storage/test_storage_batch.py::TestVectorStorageConnectionRecovery::test_validate_connection_with_retry 
tests/test_storage/test_storage_batch.py::TestVectorStorageConnectionRecovery::test_storage_context_manager 
[gw2] [ 78%] PASSED tests/test_storage/test_storage_batch.py::TestVectorStorageConnectionRecovery::test_storage_context_manager 
tests/test_storage/test_storage_batch.py::TestVectorStorageStatistics::test_get_database_statistics 
[gw2] [ 78%] PASSED tests/test_storage/test_storage_batch.py::TestVectorStorageStatistics::test_get_database_statistics 
tests/test_storage/test_storage_batch.py::TestVectorStorageStatistics::test_list_chunks_with_filters 
[gw2] [ 78%] PASSED tests/test_storage/test_storage_batch.py::TestVectorStorageStatistics::test_list_chunks_with_filters 
tests/test_storage/test_storage_optimizations.py::TestSchemaChanges::test_document_has_no_metadata_nested_object 
[gw2] [ 78%] PASSED tests/test_storage/test_storage_optimizations.py::TestSchemaChanges::test_document_has_no_metadata_nested_object 
tests/test_storage/test_storage_optimizations.py::TestSchemaChanges::test_document_has_no_chunk_index 
[gw2] [ 78%] PASSED tests/test_storage/test_storage_optimizations.py::TestSchemaChanges::test_document_has_no_chunk_index 
tests/test_storage/test_storage_optimizations.py::TestSchemaChanges::test_storage_config_has_new_fields 
[gw2] [ 78%] PASSED tests/test_storage/test_storage_optimizations.py::TestSchemaChanges::test_storage_config_has_new_fields 
tests/test_storage/test_storage_optimizations.py::TestSchemaChanges::test_config_defaults 
[gw2] [ 78%] PASSED tests/test_storage/test_storage_optimizations.py::TestSchemaChanges::test_config_defaults 
tests/test_storage/test_storage_optimizations.py::TestStorageConfigValidation::test_config_validation 
[gw2] [ 78%] PASSED tests/test_storage/test_storage_optimizations.py::TestStorageConfigValidation::test_config_validation 
tests/test_utils/test_circuit_breaker_coverage.py::TestCircuitBreakerEdgeCases::test_call_returns_false 
[gw2] [ 78%] PASSED tests/test_utils/test_circuit_breaker_coverage.py::TestCircuitBreakerEdgeCases::test_call_returns_false 
tests/test_utils/test_circuit_breaker_coverage.py::TestCircuitBreakerEdgeCases::test_call_raises_exception 
[gw1] [ 78%] PASSED tests/test_cli/test_list_delete_fixed.py::TestDeleteConfirmation::test_delete_mutually_exclusive_options 
tests/test_cli/test_list_delete_fixed.py::TestDeleteConfirmation::test_delete_by_chunk_id 
[gw2] [ 78%] PASSED tests/test_utils/test_circuit_breaker_coverage.py::TestCircuitBreakerEdgeCases::test_call_raises_exception 
tests/test_utils/test_circuit_breaker_coverage.py::TestCircuitBreakerEnabledService::test_circuit_breaker_enabled_service_init 
[gw0] [ 79%] PASSED tests/test_utils/test_connections.py::TestRateLimitedRetry::test_retry_resets_after_success 
tests/test_utils/test_connections.py::TestRateLimitedRetryEdgeCases::test_calculate_delay_with_jitter 
[gw2] [ 79%] PASSED tests/test_utils/test_circuit_breaker_coverage.py::TestCircuitBreakerEnabledService::test_circuit_breaker_enabled_service_init 
tests/test_utils/test_circuit_breaker_coverage.py::TestCircuitBreakerEnabledService::test_circuit_breaker_property 
[gw2] [ 79%] PASSED tests/test_utils/test_circuit_breaker_coverage.py::TestCircuitBreakerEnabledService::test_circuit_breaker_property 
tests/test_utils/test_connections.py::TestValidatableServiceAsync::test_validate_connection_async_cache_miss 
[gw0] [ 79%] PASSED tests/test_utils/test_connections.py::TestRateLimitedRetryEdgeCases::test_calculate_delay_with_jitter 
tests/test_utils/test_connections.py::TestRateLimitedRetryEdgeCases::test_can_retry_exhausted 
[gw0] [ 79%] PASSED tests/test_utils/test_connections.py::TestRateLimitedRetryEdgeCases::test_can_retry_exhausted 
tests/test_utils/test_connections.py::TestRateLimitedRetryEdgeCases::test_wait_before_retry_elapsed 
[gw0] [ 79%] PASSED tests/test_utils/test_connections.py::TestRateLimitedRetryEdgeCases::test_wait_before_retry_elapsed 
tests/test_utils/test_connections.py::TestValidatableService::test_validate_connection_cache_hit 
[gw0] [ 79%] PASSED tests/test_utils/test_connections.py::TestValidatableService::test_validate_connection_cache_hit 
tests/test_utils/test_connections.py::TestValidatableService::test_validate_connection_cache_miss 
[gw1] [ 79%] PASSED tests/test_cli/test_list_delete_fixed.py::TestDeleteConfirmation::test_delete_by_chunk_id 
tests/test_cli/test_list_delete_fixed.py::TestDeleteConfirmation::test_delete_by_source 
[gw1] [ 79%] PASSED tests/test_cli/test_list_delete_fixed.py::TestDeleteConfirmation::test_delete_by_source 
tests/test_cli/test_search_commands.py::TestSearchFilters::test_search_with_source_filter 
[gw1] [ 79%] PASSED tests/test_cli/test_search_commands.py::TestSearchFilters::test_search_with_source_filter 
tests/test_cli/test_search_commands.py::TestSearchFilters::test_search_with_file_type_filter 
[gw1] [ 79%] PASSED tests/test_cli/test_search_commands.py::TestSearchFilters::test_search_with_file_type_filter 
tests/test_cli/test_search_commands.py::TestSearchFilters::test_search_with_min_score_filter 
[gw2] [ 80%] PASSED tests/test_utils/test_connections.py::TestValidatableServiceAsync::test_validate_connection_async_cache_miss 
[gw0] [ 80%] PASSED tests/test_utils/test_connections.py::TestValidatableService::test_validate_connection_cache_miss 
tests/test_utils/test_connections.py::TestValidatableService::test_validate_connection_exception_handling 
tests/test_utils/test_connections.py::TestValidatableServiceAsync::test_validate_connection_async_exception_handling 
[gw0] [ 80%] PASSED tests/test_utils/test_connections.py::TestValidatableService::test_validate_connection_exception_handling 
tests/test_utils/test_connections.py::TestValidatableService::test_invalidate_connection_cache 
[gw0] [ 80%] PASSED tests/test_utils/test_connections.py::TestValidatableService::test_invalidate_connection_cache 
tests/test_utils/test_connections.py::TestValidatableService::test_on_service_recovery 
[gw0] [ 80%] PASSED tests/test_utils/test_connections.py::TestValidatableService::test_on_service_recovery 
tests/test_utils/test_connections.py::TestValidatableServiceAsync::test_validate_connection_async_cache_hit 
[gw0] [ 80%] PASSED tests/test_utils/test_connections.py::TestValidatableServiceAsync::test_validate_connection_async_cache_hit 
tests/test_utils/test_connections_coverage.py::TestValidateConnectionWithCircuitBreaker::test_validate_connection_with_cb_open 
[gw2] [ 80%] PASSED tests/test_utils/test_connections.py::TestValidatableServiceAsync::test_validate_connection_async_exception_handling 
tests/test_utils/test_connections.py::TestValidatableServiceAsync::test_do_validate_async_default_implementation 
[gw0] [ 80%] PASSED tests/test_utils/test_connections_coverage.py::TestValidateConnectionWithCircuitBreaker::test_validate_connection_with_cb_open 
tests/test_utils/test_connections_coverage.py::TestValidateConnectionWithCircuitBreaker::test_validate_connection_with_cb_closed_success 
[gw0] [ 80%] PASSED tests/test_utils/test_connections_coverage.py::TestValidateConnectionWithCircuitBreaker::test_validate_connection_with_cb_closed_success 
tests/test_utils/test_connections_coverage.py::TestValidateConnectionWithCircuitBreaker::test_validate_connection_with_cb_closed_failure 
[gw0] [ 80%] PASSED tests/test_utils/test_connections_coverage.py::TestValidateConnectionWithCircuitBreaker::test_validate_connection_with_cb_closed_failure 
tests/test_utils/test_connections_coverage.py::TestAsyncValidationWithCircuitBreaker::test_validate_connection_async_with_cb_open 
[gw2] [ 80%] PASSED tests/test_utils/test_connections.py::TestValidatableServiceAsync::test_do_validate_async_default_implementation 
[gw0] [ 80%] PASSED tests/test_utils/test_connections_coverage.py::TestAsyncValidationWithCircuitBreaker::test_validate_connection_async_with_cb_open 
tests/test_utils/test_connections_coverage.py::TestAsyncValidationWithCircuitBreaker::test_validate_connection_async_with_cb_closed 
tests/test_utils/test_connections_coverage.py::TestRateLimitedRetryEdgeCases::test_rate_limited_retry_no_retry_on_success 
[gw2] [ 81%] PASSED tests/test_utils/test_connections_coverage.py::TestRateLimitedRetryEdgeCases::test_rate_limited_retry_no_retry_on_success 
tests/test_utils/test_connections_coverage.py::TestValidatableServiceWithCircuitBreaker::test_validatable_service_init_with_cb 
[gw2] [ 81%] PASSED tests/test_utils/test_connections_coverage.py::TestValidatableServiceWithCircuitBreaker::test_validatable_service_init_with_cb 
tests/test_utils/test_connections_coverage.py::TestValidatableServiceWithCircuitBreaker::test_validatable_service_circuit_breaker_property 
[gw2] [ 81%] PASSED tests/test_utils/test_connections_coverage.py::TestValidatableServiceWithCircuitBreaker::test_validatable_service_circuit_breaker_property 
tests/test_utils/test_connections_coverage.py::TestValidatableServiceWithCircuitBreaker::test_validatable_service_is_cb_enabled_property 
[gw0] [ 81%] PASSED tests/test_utils/test_connections_coverage.py::TestAsyncValidationWithCircuitBreaker::test_validate_connection_async_with_cb_closed 
tests/test_utils/test_docker_manager.py::TestDockerManagerBasic::test_init_default_values 
[gw1] [ 81%] PASSED tests/test_cli/test_search_commands.py::TestSearchFilters::test_search_with_min_score_filter 
tests/test_cli/test_search_commands.py::TestSearchFilters::test_search_with_multiple_filters 
[gw2] [ 81%] PASSED tests/test_utils/test_connections_coverage.py::TestValidatableServiceWithCircuitBreaker::test_validatable_service_is_cb_enabled_property 
tests/test_utils/test_docker_manager.py::TestDockerInstallationChecks::test_check_docker_compose_installed_true 
[gw0] [ 81%] PASSED tests/test_utils/test_docker_manager.py::TestDockerManagerBasic::test_init_default_values 
tests/test_utils/test_docker_manager.py::TestDockerManagerBasic::test_init_custom_compose_file 
[gw2] [ 81%] PASSED tests/test_utils/test_docker_manager.py::TestDockerInstallationChecks::test_check_docker_compose_installed_true 
tests/test_utils/test_docker_manager.py::TestDockerInstallationChecks::test_check_docker_compose_installed_false 
[gw0] [ 81%] PASSED tests/test_utils/test_docker_manager.py::TestDockerManagerBasic::test_init_custom_compose_file 
tests/test_utils/test_docker_manager.py::TestDockerManagerBasic::test_is_local_mongodb_true 
[gw0] [ 81%] PASSED tests/test_utils/test_docker_manager.py::TestDockerManagerBasic::test_is_local_mongodb_true 
tests/test_utils/test_docker_manager.py::TestDockerManagerBasic::test_is_local_mongodb_false 
[gw2] [ 81%] PASSED tests/test_utils/test_docker_manager.py::TestDockerInstallationChecks::test_check_docker_compose_installed_false 
tests/test_utils/test_docker_manager.py::TestCheckMongoRunning::test_check_mongo_running_true 
[gw0] [ 82%] PASSED tests/test_utils/test_docker_manager.py::TestDockerManagerBasic::test_is_local_mongodb_false 
tests/test_utils/test_docker_manager.py::TestDockerManagerBasic::test_is_local_mongodb_127_0_0_1 
[gw2] [ 82%] PASSED tests/test_utils/test_docker_manager.py::TestCheckMongoRunning::test_check_mongo_running_true 
tests/test_utils/test_docker_manager.py::TestCheckMongoRunning::test_check_mongo_running_false 
[gw0] [ 82%] PASSED tests/test_utils/test_docker_manager.py::TestDockerManagerBasic::test_is_local_mongodb_127_0_0_1 
tests/test_utils/test_docker_manager.py::TestDockerManagerBasic::test_is_local_mongodb_static_method 
[gw0] [ 82%] PASSED tests/test_utils/test_docker_manager.py::TestDockerManagerBasic::test_is_local_mongodb_static_method 
tests/test_utils/test_docker_manager.py::TestDockerInstallationChecks::test_check_docker_installed_true 
[gw2] [ 82%] PASSED tests/test_utils/test_docker_manager.py::TestCheckMongoRunning::test_check_mongo_running_false 
tests/test_utils/test_docker_manager.py::TestCheckMongoRunning::test_check_mongo_running_docker_not_installed 
[gw0] [ 82%] PASSED tests/test_utils/test_docker_manager.py::TestDockerInstallationChecks::test_check_docker_installed_true 
tests/test_utils/test_docker_manager.py::TestDockerInstallationChecks::test_check_docker_installed_false 
[gw0] [ 82%] PASSED tests/test_utils/test_docker_manager.py::TestDockerInstallationChecks::test_check_docker_installed_false 
tests/test_utils/test_docker_manager.py::TestWaitForMongoReady::test_wait_for_mongo_ready_timeout 
[gw2] [ 82%] PASSED tests/test_utils/test_docker_manager.py::TestCheckMongoRunning::test_check_mongo_running_docker_not_installed 
tests/test_utils/test_docker_manager.py::TestStartMongo::test_start_mongo_docker_not_installed 
[gw2] [ 82%] PASSED tests/test_utils/test_docker_manager.py::TestStartMongo::test_start_mongo_docker_not_installed 
tests/test_utils/test_docker_manager.py::TestStartMongo::test_start_mongo_compose_not_installed 
[gw2] [ 82%] PASSED tests/test_utils/test_docker_manager.py::TestStartMongo::test_start_mongo_compose_not_installed 
tests/test_utils/test_docker_manager.py::TestStartMongo::test_start_mongo_compose_file_not_found 
[gw2] [ 82%] PASSED tests/test_utils/test_docker_manager.py::TestStartMongo::test_start_mongo_compose_file_not_found 
tests/test_utils/test_docker_manager.py::TestStartMongo::test_start_mongo_success 
[gw2] [ 82%] PASSED tests/test_utils/test_docker_manager.py::TestStartMongo::test_start_mongo_success 
tests/test_utils/test_docker_manager.py::TestWaitForMongoReady::test_wait_for_mongo_ready_skips_remote 
[gw2] [ 83%] PASSED tests/test_utils/test_docker_manager.py::TestWaitForMongoReady::test_wait_for_mongo_ready_skips_remote 
tests/test_utils/test_docker_manager.py::TestWaitForMongoReady::test_wait_for_mongo_ready_success 
[gw2] [ 83%] PASSED tests/test_utils/test_docker_manager.py::TestWaitForMongoReady::test_wait_for_mongo_ready_success 
tests/test_utils/test_docker_manager.py::TestConvenienceFunctions::test_check_mongo_running_convenience 
[gw2] [ 83%] PASSED tests/test_utils/test_docker_manager.py::TestConvenienceFunctions::test_check_mongo_running_convenience 
tests/test_utils/test_docker_manager.py::TestConvenienceFunctions::test_ensure_mongo_running_convenience 
[gw2] [ 83%] PASSED tests/test_utils/test_docker_manager.py::TestConvenienceFunctions::test_ensure_mongo_running_convenience 
tests/test_utils/test_embedding_cache_detailed.py::TestEmbeddingCacheBasic::test_cache_hit_exact_match 
[gw2] [ 83%] PASSED tests/test_utils/test_embedding_cache_detailed.py::TestEmbeddingCacheBasic::test_cache_hit_exact_match 
tests/test_utils/test_embedding_cache_detailed.py::TestEmbeddingCacheBasic::test_cache_miss_new_text 
[gw2] [ 83%] PASSED tests/test_utils/test_embedding_cache_detailed.py::TestEmbeddingCacheBasic::test_cache_miss_new_text 
tests/test_utils/test_embedding_cache_detailed.py::TestEmbeddingCacheBasic::test_cache_set_embedding 
[gw2] [ 83%] PASSED tests/test_utils/test_embedding_cache_detailed.py::TestEmbeddingCacheBasic::test_cache_set_embedding 
tests/test_utils/test_embedding_cache_detailed.py::TestEmbeddingCacheBasic::test_cache_get_nonexistent 
[gw2] [ 83%] PASSED tests/test_utils/test_embedding_cache_detailed.py::TestEmbeddingCacheBasic::test_cache_get_nonexistent 
tests/test_utils/test_embedding_cache_detailed.py::TestEmbeddingCacheBatchOperations::test_cache_batch_get 
[gw2] [ 83%] PASSED tests/test_utils/test_embedding_cache_detailed.py::TestEmbeddingCacheBatchOperations::test_cache_batch_get 
tests/test_utils/test_embedding_cache_detailed.py::TestEmbeddingCacheBatchOperations::test_cache_batch_set 
[gw2] [ 83%] PASSED tests/test_utils/test_embedding_cache_detailed.py::TestEmbeddingCacheBatchOperations::test_cache_batch_set 
tests/test_utils/test_embedding_cache_detailed.py::TestEmbeddingCacheLRU::test_cache_size_limit 
[gw2] [ 83%] PASSED tests/test_utils/test_embedding_cache_detailed.py::TestEmbeddingCacheLRU::test_cache_size_limit 
tests/test_utils/test_embedding_cache_detailed.py::TestEmbeddingCacheLRU::test_cache_update_existing_key 
[gw2] [ 84%] PASSED tests/test_utils/test_embedding_cache_detailed.py::TestEmbeddingCacheLRU::test_cache_update_existing_key 
tests/test_utils/test_embedding_cache_detailed.py::TestEmbeddingCacheGetOrCreate::test_get_or_create_cache_hit 
[gw2] [ 84%] PASSED tests/test_utils/test_embedding_cache_detailed.py::TestEmbeddingCacheGetOrCreate::test_get_or_create_cache_hit 
tests/test_utils/test_embedding_cache_detailed.py::TestEmbeddingCacheGetOrCreate::test_get_or_create_cache_miss 
[gw2] [ 84%] PASSED tests/test_utils/test_embedding_cache_detailed.py::TestEmbeddingCacheGetOrCreate::test_get_or_create_cache_miss 
tests/test_utils/test_embedding_cache_detailed.py::TestEmbeddingCacheAsync::test_get_or_create_async_cache_hit 
[gw2] [ 84%] PASSED tests/test_utils/test_embedding_cache_detailed.py::TestEmbeddingCacheAsync::test_get_or_create_async_cache_hit 
tests/test_utils/test_embedding_cache_detailed.py::TestEmbeddingCacheAsync::test_get_or_create_async_cache_miss 
[gw1] [ 84%] PASSED tests/test_cli/test_search_commands.py::TestSearchFilters::test_search_with_multiple_filters 
[gw2] [ 84%] PASSED tests/test_utils/test_embedding_cache_detailed.py::TestEmbeddingCacheAsync::test_get_or_create_async_cache_miss 
tests/test_utils/test_embedding_cache_detailed.py::TestEmbeddingCacheClear::test_cache_clear 
tests/test_cli/test_search_commands.py::TestSearchJsonOutput::test_search_json_output_format 
[gw2] [ 84%] PASSED tests/test_utils/test_embedding_cache_detailed.py::TestEmbeddingCacheClear::test_cache_clear 
tests/test_utils/test_embedding_cache_detailed.py::TestEmbeddingCacheStats::test_cache_stats 
[gw2] [ 84%] PASSED tests/test_utils/test_embedding_cache_detailed.py::TestEmbeddingCacheStats::test_cache_stats 
tests/test_utils/test_embedding_cache_detailed.py::TestEmbeddingCacheStats::test_cache_stats_after_clear 
[gw2] [ 84%] PASSED tests/test_utils/test_embedding_cache_detailed.py::TestEmbeddingCacheStats::test_cache_stats_after_clear 
tests/test_utils/test_embedding_cache_detailed.py::TestEmbeddingCacheEdgeCases::test_cache_zero_max_size 
[gw2] [ 84%] PASSED tests/test_utils/test_embedding_cache_detailed.py::TestEmbeddingCacheEdgeCases::test_cache_zero_max_size 
tests/test_utils/test_embedding_cache_detailed.py::TestEmbeddingCacheEdgeCases::test_cache_contains_operator 
[gw2] [ 84%] PASSED tests/test_utils/test_embedding_cache_detailed.py::TestEmbeddingCacheEdgeCases::test_cache_contains_operator 
tests/test_utils/test_embedding_cache_detailed.py::TestEmbeddingCacheEdgeCases::test_cache_len_operator 
[gw2] [ 85%] PASSED tests/test_utils/test_embedding_cache_detailed.py::TestEmbeddingCacheEdgeCases::test_cache_len_operator 
tests/test_utils/test_embedding_cache_detailed.py::TestEmbeddingCacheEdgeCases::test_cache_hash_consistency 
[gw2] [ 85%] PASSED tests/test_utils/test_embedding_cache_detailed.py::TestEmbeddingCacheEdgeCases::test_cache_hash_consistency 
tests/test_utils/test_embedding_cache_detailed.py::TestEmbeddingCacheEdgeCases::test_cache_update_same_key 
[gw2] [ 85%] PASSED tests/test_utils/test_embedding_cache_detailed.py::TestEmbeddingCacheEdgeCases::test_cache_update_same_key 
tests/test_utils/test_embedding_cache_detailed.py::TestEmbeddingCacheThreadSafety::test_concurrent_get_set 
[gw2] [ 85%] PASSED tests/test_utils/test_embedding_cache_detailed.py::TestEmbeddingCacheThreadSafety::test_concurrent_get_set 
tests/test_utils/test_embedding_cache_detailed.py::TestEmbeddingCacheThreadSafety::test_concurrent_get_or_create 
[gw2] [ 85%] PASSED tests/test_utils/test_embedding_cache_detailed.py::TestEmbeddingCacheThreadSafety::test_concurrent_get_or_create 
tests/test_utils/test_perf_monitor.py::TestPerfMetrics::test_record_adds_duration 
[gw2] [ 85%] PASSED tests/test_utils/test_perf_monitor.py::TestPerfMetrics::test_record_adds_duration 
tests/test_utils/test_perf_monitor.py::TestPerfMetrics::test_get_stats_returns_none_for_unknown_metric 
[gw2] [ 85%] PASSED tests/test_utils/test_perf_monitor.py::TestPerfMetrics::test_get_stats_returns_none_for_unknown_metric 
tests/test_utils/test_perf_monitor.py::TestPerfMetrics::test_get_stats_calculates_correct_statistics 
[gw2] [ 85%] PASSED tests/test_utils/test_perf_monitor.py::TestPerfMetrics::test_get_stats_calculates_correct_statistics 
tests/test_utils/test_perf_monitor.py::TestPerfMetrics::test_get_stats_empty_metrics 
[gw2] [ 85%] PASSED tests/test_utils/test_perf_monitor.py::TestPerfMetrics::test_get_stats_empty_metrics 
tests/test_utils/test_perf_monitor.py::TestPerfMetrics::test_reset_specific_metric 
[gw2] [ 85%] PASSED tests/test_utils/test_perf_monitor.py::TestPerfMetrics::test_reset_specific_metric 
tests/test_utils/test_perf_monitor.py::TestPerfMetrics::test_reset_all_metrics 
[gw2] [ 85%] PASSED tests/test_utils/test_perf_monitor.py::TestPerfMetrics::test_reset_all_metrics 
tests/test_utils/test_perf_monitor.py::TestPerfMetrics::test_thread_safety 
[gw2] [ 85%] PASSED tests/test_utils/test_perf_monitor.py::TestPerfMetrics::test_thread_safety 
tests/test_utils/test_perf_monitor.py::TestTimingDecorator::test_timing_decorator_records_duration 
[gw1] [ 86%] PASSED tests/test_cli/test_search_commands.py::TestSearchJsonOutput::test_search_json_output_format 
tests/test_cli/test_search_commands.py::TestSearchJsonOutput::test_search_json_empty_results 
[gw2] [ 86%] PASSED tests/test_utils/test_perf_monitor.py::TestTimingDecorator::test_timing_decorator_records_duration 
tests/test_utils/test_perf_monitor.py::TestTimingDecorator::test_timing_decorator_handles_exceptions 
[gw2] [ 86%] PASSED tests/test_utils/test_perf_monitor.py::TestTimingDecorator::test_timing_decorator_handles_exceptions 
tests/test_utils/test_perf_monitor.py::TestTimingDecorator::test_timing_decorator_preserves_function_metadata 
[gw2] [ 86%] PASSED tests/test_utils/test_perf_monitor.py::TestTimingDecorator::test_timing_decorator_preserves_function_metadata 
tests/test_utils/test_perf_monitor.py::TestAsyncTimingDecorator::test_async_timing_decorator_records_duration 
[gw1] [ 86%] PASSED tests/test_cli/test_search_commands.py::TestSearchJsonOutput::test_search_json_empty_results 
tests/test_cli/test_search_commands.py::TestSearchJsonOutput::test_search_json_serialization 
[gw2] [ 86%] PASSED tests/test_utils/test_perf_monitor.py::TestAsyncTimingDecorator::test_async_timing_decorator_records_duration 
tests/test_utils/test_perf_monitor.py::TestAsyncTimingDecorator::test_async_timing_decorator_handles_exceptions 
[gw2] [ 86%] PASSED tests/test_utils/test_perf_monitor.py::TestAsyncTimingDecorator::test_async_timing_decorator_handles_exceptions 
tests/test_utils/test_perf_monitor.py::TestAsyncTimingDecorator::test_async_timing_decorator_preserves_function_metadata 
[gw2] [ 86%] PASSED tests/test_utils/test_perf_monitor.py::TestAsyncTimingDecorator::test_async_timing_decorator_preserves_function_metadata 
tests/test_utils/test_tracing.py::TestIsTracingEnabled::test_returns_false_when_not_set 
[gw1] [ 86%] PASSED tests/test_cli/test_search_commands.py::TestSearchJsonOutput::test_search_json_serialization 
[gw2] [ 86%] PASSED tests/test_utils/test_tracing.py::TestIsTracingEnabled::test_returns_false_when_not_set 
tests/test_cli/test_search_commands.py::TestSearchNoResults::test_search_empty_result_set 
tests/test_utils/test_tracing.py::TestIsTracingEnabled::test_returns_true_when_set_to_true 
[gw2] [ 86%] PASSED tests/test_utils/test_tracing.py::TestIsTracingEnabled::test_returns_true_when_set_to_true 
tests/test_utils/test_tracing.py::TestIsTracingEnabled::test_returns_true_when_set_to_true_uppercase 
[gw2] [ 87%] PASSED tests/test_utils/test_tracing.py::TestIsTracingEnabled::test_returns_true_when_set_to_true_uppercase 
tests/test_utils/test_tracing.py::TestIsTracingEnabled::test_returns_false_when_set_to_false 
[gw2] [ 87%] PASSED tests/test_utils/test_tracing.py::TestIsTracingEnabled::test_returns_false_when_set_to_false 
tests/test_utils/test_tracing.py::TestSetupTracing::test_noop_when_opentelemetry_not_available 
[gw2] [ 87%] PASSED tests/test_utils/test_tracing.py::TestSetupTracing::test_noop_when_opentelemetry_not_available 
tests/test_utils/test_tracing.py::TestSetupTracing::test_noop_when_tracing_not_enabled 
[gw2] [ 87%] PASSED tests/test_utils/test_tracing.py::TestSetupTracing::test_noop_when_tracing_not_enabled 
tests/test_utils/test_tracing.py::TestSetupTracing::test_sets_up_tracing_when_enabled 
[gw2] [ 87%] PASSED tests/test_utils/test_tracing.py::TestSetupTracing::test_sets_up_tracing_when_enabled 
tests/test_utils/test_tracing.py::TestGetTracer::test_returns_noop_tracer_when_opentelemetry_not_available 
[gw2] [ 87%] PASSED tests/test_utils/test_tracing.py::TestGetTracer::test_returns_noop_tracer_when_opentelemetry_not_available 
tests/test_utils/test_tracing.py::TestGetTracer::test_returns_noop_tracer_when_not_initialized 
[gw2] [ 87%] PASSED tests/test_utils/test_tracing.py::TestGetTracer::test_returns_noop_tracer_when_not_initialized 
tests/test_utils/test_tracing.py::TestTraceOperation::test_yields_none_when_opentelemetry_not_available 
[gw2] [ 87%] PASSED tests/test_utils/test_tracing.py::TestTraceOperation::test_yields_none_when_opentelemetry_not_available 
tests/test_utils/test_tracing.py::TestTraceOperation::test_yields_none_when_tracing_not_enabled 
[gw2] [ 87%] PASSED tests/test_utils/test_tracing.py::TestTraceOperation::test_yields_none_when_tracing_not_enabled 
tests/test_utils/test_tracing.py::TestTraceOperation::test_executes_context_normally 
[gw2] [ 87%] PASSED tests/test_utils/test_tracing.py::TestTraceOperation::test_executes_context_normally 
tests/test_utils/test_tracing.py::TestNoOpTracer::test_start_as_current_span_returns_noop_span 
[gw2] [ 87%] PASSED tests/test_utils/test_tracing.py::TestNoOpTracer::test_start_as_current_span_returns_noop_span 
tests/test_utils/test_tracing.py::TestNoOpTracer::test_getattr_returns_callable 
[gw2] [ 87%] PASSED tests/test_utils/test_tracing.py::TestNoOpTracer::test_getattr_returns_callable 
tests/test_utils/test_tracing.py::TestNoOpSpan::test_set_attribute_is_noop 
[gw2] [ 88%] PASSED tests/test_utils/test_tracing.py::TestNoOpSpan::test_set_attribute_is_noop 
tests/test_utils/test_tracing.py::TestNoOpSpan::test_set_status_is_noop 
[gw2] [ 88%] PASSED tests/test_utils/test_tracing.py::TestNoOpSpan::test_set_status_is_noop 
tests/test_utils/test_tracing.py::TestNoOpSpan::test_record_exception_is_noop 
[gw2] [ 88%] PASSED tests/test_utils/test_tracing.py::TestNoOpSpan::test_record_exception_is_noop 
tests/test_utils/test_tracing.py::TestNoOpSpan::test_add_event_is_noop 
[gw2] [ 88%] PASSED tests/test_utils/test_tracing.py::TestNoOpSpan::test_add_event_is_noop 
tests/test_utils/test_tracing.py::TestNoOpSpan::test_context_manager_works 
[gw2] [ 88%] PASSED tests/test_utils/test_tracing.py::TestNoOpSpan::test_context_manager_works 
tests/test_utils/test_tracing.py::TestShutdownTracing::test_noop_when_opentelemetry_not_available 
[gw2] [ 88%] PASSED tests/test_utils/test_tracing.py::TestShutdownTracing::test_noop_when_opentelemetry_not_available 
tests/test_utils/test_tracing.py::TestShutdownTracing::test_resets_internal_state 
[gw2] [ 88%] PASSED tests/test_utils/test_tracing.py::TestShutdownTracing::test_resets_internal_state                     DEBUG    {"timestamp": "2026-03-25             logger.py:108
                             00:54:22,962", "level": "DEBUG",                   
                             "logger": "pymongo.topology",                      
                             "message": "{\"message\": \"Starting               
                             topology monitoring\",                             
                             \"topologyId\": {\"$oid\":                         
                             \"69c3788eb0974cf2819264f1\"}}",                   
                             "module": "logger", "function":                    
                             "_debug_log", "line": 108,                         
                             "request_id": "test-request-id"}                   
                    DEBUG    {"timestamp": "2026-03-25             logger.py:108
                             00:54:22,963", "level": "DEBUG",                   
                             "logger": "pymongo.topology",                      
                             "message": "{\"message\": \"Topology               
                             description changed\",                             
                             \"topologyId\": {\"$oid\":                         
                             \"69c3788eb0974cf2819264f1\"},                     
                             \"previousDescription\":                           
                             \"<TopologyDescription id:                         
                             69c3788eb0974cf2819264f1,                          
                             topology_type: Unknown, servers:                   
                             []>\", \"newDescription\":                         
                             \"<TopologyDescription id:                         
                             69c3788eb0974cf2819264f1,                          
                             topology_type: Unknown, servers:                   
                             [<ServerDescription ('localhost',                  
                             27017) server_type: Unknown, rtt:                  
                             None>]>\"}", "module": "logger",                   
                             "function": "_debug_log", "line":                  
                             108, "request_id": "test-request-id"}              
                    DEBUG    {"timestamp": "2026-03-25             logger.py:108
                             00:54:22,964", "level": "DEBUG",                   
                             "logger": "pymongo.topology",                      
                             "message": "{\"message\": \"Starting               
                             server monitoring\", \"topologyId\":               
                             {\"$oid\":                                         
                             \"69c3788eb0974cf2819264f1\"},                     
                             \"serverHost\": \"localhost\",                     
                             \"serverPort\": 27017}", "module":                 
                             "logger", "function": "_debug_log",                
                             "line": 108, "request_id":                         
                             "test-request-id"}                                 
                    DEBUG    {"timestamp": "2026-03-25             logger.py:108
                             00:54:22,965", "level": "DEBUG",                   
                             "logger": "pymongo.connection",                    
                             "message": "{\"message\":                          
                             \"Connection pool created\",                       
                             \"clientId\": {\"$oid\":                           
                             \"69c3788eb0974cf2819264f1\"},                     
                             \"serverHost\": \"localhost\",                     
                             \"serverPort\": 27017}", "module":                 
                             "logger", "function": "_debug_log",                
                             "line": 108, "request_id":                         
                             "test-request-id"}                                 

[gw1] [ 88%] PASSED tests/test_cli/test_search_commands.py::TestSearchNoResults::test_search_empty_result_set 
tests/test_cli/test_search_commands.py::TestSearchNoResults::test_search_empty_result_below_threshold                     DEBUG    {"timestamp": "2026-03-25             logger.py:108
                             00:54:22,966", "level": "DEBUG",                   
                             "logger": "pymongo.serverSelection",               
                             "message": "{\"message\": \"Server                 
                             selection started\", \"selector\":                 
                             \"<function writable_server_selector               
                             at 0xe0330da2bec0>\", \"operation\":               
                             \"dropDatabase\",                                  
                             \"topologyDescription\":                           
                             \"<TopologyDescription id:                         
                             69c3788eb0974cf2819264f1,                          
                             topology_type: Unknown, servers:                   
                             [<ServerDescription ('localhost',                  
                             27017) server_type: Unknown, rtt:                  
                             None>]>\", \"clientId\": {\"$oid\":                
                             \"69c3788eb0974cf2819264f1\"}}",                   
                             "module": "logger", "function":                    
                             "_debug_log", "line": 108,                         
                             "request_id": "test-request-id"}                   
                    DEBUG    {"timestamp": "2026-03-25             logger.py:108
                             00:54:22,967", "level": "DEBUG",                   
                             "logger": "pymongo.serverSelection",               
                             "message": "{\"message\": \"Waiting                
                             for suitable server to become                      
                             available\", \"selector\":                         
                             \"<function writable_server_selector               
                             at 0xe0330da2bec0>\", \"operation\":               
                             \"dropDatabase\",                                  
                             \"topologyDescription\":                           
                             \"<TopologyDescription id:                         
                             69c3788eb0974cf2819264f1,                          
                             topology_type: Unknown, servers:                   
                             [<ServerDescription ('localhost',                  
                             27017) server_type: Unknown, rtt:                  
                             None>]>\", \"clientId\": {\"$oid\":                
                             \"69c3788eb0974cf2819264f1\"},                     
                             \"remainingTimeMS\": 999}", "module":              
                             "logger", "function": "_debug_log",                
                             "line": 108, "request_id":                         
                             "test-request-id"}                                 
                    DEBUG    {"timestamp": "2026-03-25             logger.py:108
                             00:54:22,967", "level": "DEBUG",                   
                             "logger": "pymongo.topology",                      
                             "message": "{\"message\": \"Server                 
                             heartbeat started\", \"topologyId\":               
                             {\"$oid\":                                         
                             \"69c3788eb0974cf2819264f1\"},                     
                             \"driverConnectionId\": 1,                         
                             \"serverHost\": \"localhost\",                     
                             \"serverPort\": 27017, \"awaited\":                
                             false}", "module": "logger",                       
                             "function": "_debug_log", "line":                  
                             108, "request_id": ""}                             
                    DEBUG    {"timestamp": "2026-03-25             logger.py:108
                             00:54:22,970", "level": "DEBUG",                   
                             "logger": "pymongo.topology",                      
                             "message": "{\"message\": \"Server                 
                             heartbeat succeeded\",                             
                             \"topologyId\": {\"$oid\":                         
                             \"69c3788eb0974cf2819264f1\"},                     
                             \"driverConnectionId\": 1,                         
                             \"serverConnectionId\": 50404,                     
                             \"serverHost\": \"localhost\",                     
                             \"serverPort\": 27017, \"awaited\":                
                             false, \"durationMS\":                             
                             0.4178629897069186, \"reply\":                     
                             \"{\\\"helloOk\\\": true,                          
                             \\\"topologyVersion\\\":                           
                             {\\\"processId\\\": {\\\"$oid\\\":                 
                             \\\"69c2c71d62e96e4cef0a46d8\\\"},                 
                             \\\"counter\\\": 6}, \\\"hosts\\\":                
                             [\\\"mongodb:27017\\\"],                           
                             \\\"setName\\\": \\\"mongodb\\\",                  
                             \\\"setVersion\\\": 1,                             
                             \\\"ismaster\\\": true,                            
                             \\\"primary\\\":                                   
                             \\\"mongodb:27017\\\", \\\"me\\\":                 
                             \\\"mongodb:27017\\\",                             
                             \\\"electionId\\\": {\\\"$oid\\\":                 
                             \\\"7fffffff0000000000000003\\\"},                 
                             \\\"lastWrite\\\": {\\\"opTime\\\":                
                             {\\\"ts\\\": {\\\"$timestamp\\\":                  
                             {\\\"t\\\": 1774418054, \\\"i\\\":                 
                             23}}, \\\"t\\\": 3},                               
                             \\\"lastWriteDate\\\":                             
                             {\\\"$date\\\":                                    
                             \\\"2026-03-25T05:54:14Z\\\"},                     
                             \\\"majorityOpTime\\\": {\\\"ts\\\":               
                             {\\\"$timestamp\\\": {\\\"t\\\":                   
                             1774418054, \\\"i\\\": 23}},                       
                             \\\"t\\\": 3},                                     
                             \\\"majorityWriteDate\\\":                         
                             {\\\"$date\\\":                                    
                             \\\"2026-03-25T05:54:14Z\\\"}},                    
                             \\\"maxBsonObjectSize\\\": 16777216,               
                             \\\"maxMessageSizeBytes\\\":                       
                             48000000, \\\"maxWriteBatchSize\\\":               
                             100000, \\\"localTime\\\":                         
                             {\\\"$date\\\":                                    
                             \\\"2026-03-25T05:54:22.969Z\\\"},                 
                             \\\"logicalSessionTimeoutMinutes\\\":              
                             30, \\\"connectionId\\\": 50404,                   
                             \\\"maxWireVersion\\\": 27,                        
                             \\\"ok\\\": 1.0,                                   
                             \\\"$clusterTime\\\":                              
                             {\\\"clusterTime\\\":                              
                             {\\\"$timestamp\\\": {\\\"t\\\":                   
                             1774418054, \\\"i\\\": 23}},                       
                             \\\"signature\\\": {\\\"hash\\\":                  
                             {\\\"$binary\\\": {\\\"base64\\\":                 
                             \\\"Jwjf10NZ+0PB/jPr8hvTs/nJrDE=\\\",              
                             \\\"subType\\\": \\\"00\\\"}},                     
                             \\\"keyId\\\":                                     
                             7620872433947377666...\"}", "module":              
                             "logger", "function": "_debug_log",                
                             "line": 108, "request_id": ""}                     
                    DEBUG    {"timestamp": "2026-03-25             logger.py:108
                             00:54:22,971", "level": "DEBUG",                   
                             "logger": "pymongo.connection",                    
                             "message": "{\"message\":                          
                             \"Connection pool ready\",                         
                             \"clientId\": {\"$oid\":                           
                             \"69c3788eb0974cf2819264f1\"},                     
                             \"serverHost\": \"localhost\",                     
                             \"serverPort\": 27017}", "module":                 
                             "logger", "function": "_debug_log",                
                             "line": 108, "request_id": ""}                     
                    DEBUG    {"timestamp": "2026-03-25             logger.py:108
                             00:54:22,972", "level": "DEBUG",                   
                             "logger": "pymongo.connection",                    
                             "message": "{\"message\":                          
                             \"Connection pool created\",                       
                             \"clientId\": {\"$oid\":                           
                             \"69c3788eb0974cf2819264f1\"},                     
                             \"serverHost\": \"mongodb\",                       
                             \"serverPort\": 27017}", "module":                 
                             "logger", "function": "_debug_log",                
                             "line": 108, "request_id": ""}                     
                    DEBUG    {"timestamp": "2026-03-25             logger.py:108
                             00:54:22,973", "level": "DEBUG",                   
                             "logger": "pymongo.topology",                      
                             "message": "{\"message\": \"Stopped                
                             server monitoring\", \"topologyId\":               
                             {\"$oid\":                                         
                             \"69c3788eb0974cf2819264f1\"},                     
                             \"serverHost\": \"localhost\",                     
                             \"serverPort\": 27017}", "module":                 
                             "logger", "function": "_debug_log",                
                             "line": 108, "request_id": ""}                     
                    DEBUG    {"timestamp": "2026-03-25             logger.py:108
                             00:54:22,973", "level": "DEBUG",                   
                             "logger": "pymongo.topology",                      
                             "message": "{\"message\": \"Server                 
                             heartbeat failed\", \"topologyId\":                
                             {\"$oid\":                                         
                             \"69c3788eb0974cf2819264f1\"},                     
                             \"serverHost\": \"mongodb\",                       
                             \"serverPort\": 27017, \"awaited\":                
                             false, \"durationMS\":                             
                             0.6212899752426893, \"failure\":                   
                             \"\\\"AutoReconnect('mongodb:27017:                
                             [Errno -3] Temporary failure in name               
                             resolution (configured timeouts:                   
                             socketTimeoutMS: 20000.0ms,                        
                             connectTimeoutMS:                                  
                             20000.0ms)')\\\"\"}", "module":                    
                             "logger", "function": "_debug_log",                
                             "line": 108, "request_id": ""}                     
                    DEBUG    {"timestamp": "2026-03-25             logger.py:108
                             00:54:22,974", "level": "DEBUG",                   
                             "logger": "pymongo.connection",                    
                             "message": "{\"message\":                          
                             \"Connection pool closed\",                        
                             \"clientId\": {\"$oid\":                           
                             \"69c3788eb0974cf2819264f1\"},                     
                             \"serverHost\": \"localhost\",                     
                             \"serverPort\": 27017}", "module":                 
                             "logger", "function": "_debug_log",                
                             "line": 108, "request_id": ""}                     
                    DEBUG    {"timestamp": "2026-03-25             logger.py:108
                             00:54:22,975", "level": "DEBUG",                   
                             "logger": "pymongo.topology",                      
                             "message": "{\"message\": \"Topology               
                             description changed\",                             
                             \"topologyId\": {\"$oid\":                         
                             \"69c3788eb0974cf2819264f1\"},                     
                             \"previousDescription\":                           
                             \"<TopologyDescription id:                         
                             69c3788eb0974cf2819264f1,                          
                             topology_type: Unknown, servers:                   
                             [<ServerDescription ('localhost',                  
                             27017) server_type: Unknown, rtt:                  
                             None>]>\", \"newDescription\":                     
                             \"<TopologyDescription id:                         
                             69c3788eb0974cf2819264f1,                          
                             topology_type: ReplicaSetNoPrimary,                
                             servers: [<ServerDescription                       
                             ('mongodb', 27017) server_type:                    
                             Unknown, rtt: None>]>\"}", "module":               
                             "logger", "function": "_debug_log",                
                             "line": 108, "request_id": ""}                     
                    DEBUG    {"timestamp": "2026-03-25             logger.py:108
                             00:54:22,976", "level": "DEBUG",                   
                             "logger": "pymongo.topology",                      
                             "message": "{\"message\": \"Topology               
                             description changed\",                             
                             \"topologyId\": {\"$oid\":                         
                             \"69c3788eb0974cf2819264f1\"},                     
                             \"previousDescription\":                           
                             \"<TopologyDescription id:                         
                             69c3788eb0974cf2819264f1,                          
                             topology_type: ReplicaSetNoPrimary,                
                             servers: [<ServerDescription                       
                             ('mongodb', 27017) server_type:                    
                             Unknown, rtt: None>]>\",                           
                             \"newDescription\":                                
                             \"<TopologyDescription id:                         
                             69c3788eb0974cf2819264f1,                          
                             topology_type: ReplicaSetNoPrimary,                
                             servers: [<ServerDescription                       
                             ('mongodb', 27017) server_type:                    
                             Unknown, rtt: None,                                
                             error=AutoReconnect('mongodb:27017:                
                             [Errno -3] Temporary failure in name               
                             resolution (configured timeouts:                   
                             socketTimeoutMS: 20000.0ms,                        
                             connectTimeoutMS:                                  
                             20000.0ms)')>]>\"}", "module":                     
                             "logger", "function": "_debug_log",                
                             "line": 108, "request_id": ""}                     

[gw1] [ 88%] PASSED tests/test_cli/test_search_commands.py::TestSearchNoResults::test_search_empty_result_below_threshold 
tests/test_cli/test_search_commands.py::TestSearchNoResults::test_search_no_results_exit_code 
[gw1] [ 88%] PASSED tests/test_cli/test_search_commands.py::TestSearchNoResults::test_search_no_results_exit_code 
tests/test_cli/test_search_commands.py::TestSearchTimeoutHandling::test_search_timeout_error 
[gw1] [ 88%] PASSED tests/test_cli/test_search_commands.py::TestSearchTimeoutHandling::test_search_timeout_error 
tests/test_cli/test_search_commands.py::TestSearchTimeoutHandling::test_search_connection_error 
[gw1] [ 89%] PASSED tests/test_cli/test_search_commands.py::TestSearchTimeoutHandling::test_search_connection_error 
tests/test_cli/test_search_commands.py::TestSearchTimeoutHandling::test_search_timeout_with_user_friendly_message 
[gw1] [ 89%] PASSED tests/test_cli/test_search_commands.py::TestSearchTimeoutHandling::test_search_timeout_with_user_friendly_message 
tests/test_cli/test_status_health_metrics.py::TestStatusHealthMetrics::test_status_display 
[gw1] [ 89%] PASSED tests/test_cli/test_status_health_metrics.py::TestStatusHealthMetrics::test_status_display 
tests/test_cli/test_status_health_metrics.py::TestStatusHealthMetrics::test_health_json_output 
[gw1] [ 89%] PASSED tests/test_cli/test_status_health_metrics.py::TestStatusHealthMetrics::test_health_json_output 
tests/test_cli/test_status_health_metrics.py::TestStatusHealthMetrics::test_metrics_reset 
[gw1] [ 89%] PASSED tests/test_cli/test_status_health_metrics.py::TestStatusHealthMetrics::test_metrics_reset 
tests/test_cli/test_status_health_metrics.py::TestStatusHealthMetrics::test_metrics_no_data 
[gw1] [ 89%] PASSED tests/test_cli/test_status_health_metrics.py::TestStatusHealthMetrics::test_metrics_no_data 
tests/test_cli/test_validation.py::TestCLIChunkSizeValidation::test_ingest_rejects_negative_chunk_size 
[gw1] [ 89%] PASSED tests/test_cli/test_validation.py::TestCLIChunkSizeValidation::test_ingest_rejects_negative_chunk_size 
tests/test_cli/test_validation.py::TestCLIChunkSizeValidation::test_ingest_accepts_zero_chunk_size 
[gw1] [ 89%] PASSED tests/test_cli/test_validation.py::TestCLIChunkSizeValidation::test_ingest_accepts_zero_chunk_size 
tests/test_cli/test_validation.py::TestCLIChunkSizeValidation::test_ingest_accepts_valid_chunk_size 
[gw1] [ 89%] PASSED tests/test_cli/test_validation.py::TestCLIChunkSizeValidation::test_ingest_accepts_valid_chunk_size 
tests/test_cli/test_validation.py::TestCLIChunkSizeValidation::test_ingest_chunk_size_boundary_values 
[gw1] [ 89%] PASSED tests/test_cli/test_validation.py::TestCLIChunkSizeValidation::test_ingest_chunk_size_boundary_values 
tests/test_cli/test_validation.py::TestCLIChunkSizeValidation::test_ingest_chunk_size_with_non_integer 
[gw1] [ 89%] PASSED tests/test_cli/test_validation.py::TestCLIChunkSizeValidation::test_ingest_chunk_size_with_non_integer 
tests/test_cli/test_validation.py::TestCLIBatchSizeValidation::test_ingest_rejects_negative_batch_size 
[gw1] [ 90%] PASSED tests/test_cli/test_validation.py::TestCLIBatchSizeValidation::test_ingest_rejects_negative_batch_size 
tests/test_cli/test_validation.py::TestCLIBatchSizeValidation::test_ingest_rejects_zero_batch_size 
[gw1] [ 90%] PASSED tests/test_cli/test_validation.py::TestCLIBatchSizeValidation::test_ingest_rejects_zero_batch_size 
tests/test_cli/test_validation.py::TestCLIBatchSizeValidation::test_ingest_accepts_large_batch_size 
[gw1] [ 90%] PASSED tests/test_cli/test_validation.py::TestCLIBatchSizeValidation::test_ingest_accepts_large_batch_size 
tests/test_cli/test_validation.py::TestCLIBatchSizeValidation::test_ingest_batch_size_defaults 
[gw1] [ 90%] PASSED tests/test_cli/test_validation.py::TestCLIBatchSizeValidation::test_ingest_batch_size_defaults 
tests/test_cli/test_validation.py::TestCLIJSONFormatValidation::test_search_json_format_valid_output 
[gw1] [ 90%] PASSED tests/test_cli/test_validation.py::TestCLIJSONFormatValidation::test_search_json_format_valid_output 
tests/test_cli/test_validation.py::TestCLIJSONFormatValidation::test_search_json_format_empty_results 
[gw1] [ 90%] PASSED tests/test_cli/test_validation.py::TestCLIJSONFormatValidation::test_search_json_format_empty_results 
tests/test_cli/test_validation.py::TestCLIJSONFormatValidation::test_search_json_format_special_chars 
[gw1] [ 90%] PASSED tests/test_cli/test_validation.py::TestCLIJSONFormatValidation::test_search_json_format_special_chars 
tests/test_cli/test_validation.py::TestCLIJSONFormatValidation::test_search_json_format_unicode [03/25/26 00:54:23] DEBUG    {"timestamp": "2026-03-25             logger.py:108
                             00:54:23,479", "level": "DEBUG",                   
                             "logger": "pymongo.topology",                      
                             "message": "{\"message\": \"Server                 
                             heartbeat failed\", \"topologyId\":                
                             {\"$oid\":                                         
                             \"69c3788eb0974cf2819264f1\"},                     
                             \"serverHost\": \"mongodb\",                       
                             \"serverPort\": 27017, \"awaited\":                
                             false, \"durationMS\":                             
                             0.41274199611507356, \"failure\":                  
                             \"\\\"AutoReconnect('mongodb:27017:                
                             [Errno -3] Temporary failure in name               
                             resolution (configured timeouts:                   
                             socketTimeoutMS: 20000.0ms,                        
                             connectTimeoutMS:                                  
                             20000.0ms)')\\\"\"}", "module":                    
                             "logger", "function": "_debug_log",                
                             "line": 108, "request_id": ""}                     
                    DEBUG    {"timestamp": "2026-03-25             logger.py:108
                             00:54:23,481", "level": "DEBUG",                   
                             "logger": "pymongo.topology",                      
                             "message": "{\"message\": \"Topology               
                             description changed\",                             
                             \"topologyId\": {\"$oid\":                         
                             \"69c3788eb0974cf2819264f1\"},                     
                             \"previousDescription\":                           
                             \"<TopologyDescription id:                         
                             69c3788eb0974cf2819264f1,                          
                             topology_type: ReplicaSetNoPrimary,                
                             servers: [<ServerDescription                       
                             ('mongodb', 27017) server_type:                    
                             Unknown, rtt: None,                                
                             error=AutoReconnect('mongodb:27017:                
                             [Errno -3] Temporary failure in name               
                             resolution (configured timeouts:                   
                             socketTimeoutMS: 20000.0ms,                        
                             connectTimeoutMS: 20000.0ms)')>]>\",               
                             \"newDescription\":                                
                             \"<TopologyDescription id:                         
                             69c3788eb0974cf2819264f1,                          
                             topology_type: ReplicaSetNoPrimary,                
                             servers: [<ServerDescription                       
                             ('mongodb', 27017) server_type:                    
                             Unknown, rtt: None,                                
                             error=AutoReconnect('mongodb:27017:                
                             [Errno -3] Temporary failure in name               
                             resolution (configured timeouts:                   
                             socketTimeoutMS: 20000.0ms,                        
                             connectTimeoutMS:                                  
                             20000.0ms)')>]>\"}", "module":                     
                             "logger", "function": "_debug_log",                
                             "line": 108, "request_id": ""}                     

[gw1] [ 90%] PASSED tests/test_cli/test_validation.py::TestCLIJSONFormatValidation::test_search_json_format_unicode 
tests/test_config/test_config.py::TestConfigExtensionsSet::test_extensions_set_parametrized[None-24-None] 
[gw1] [ 90%] PASSED tests/test_config/test_config.py::TestConfigExtensionsSet::test_extensions_set_parametrized[None-24-None] 
tests/test_config/test_config.py::TestConfigExtensionsSet::test_extensions_set_parametrized[pdf-1-expected_members1] 
[gw1] [ 90%] PASSED tests/test_config/test_config.py::TestConfigExtensionsSet::test_extensions_set_parametrized[pdf-1-expected_members1] 
tests/test_document/test_document_types.py::TestWebFormats::test_html_ingestion 
[gw1] [ 90%] PASSED tests/test_document/test_document_types.py::TestWebFormats::test_html_ingestion 
tests/test_document/test_document_types.py::TestWebFormats::test_markdown_file_type_detection 
[gw1] [ 90%] PASSED tests/test_document/test_document_types.py::TestWebFormats::test_markdown_file_type_detection 
tests/test_document/test_document_types.py::TestWebFormats::test_markdown_is_supported 
[gw1] [ 91%] PASSED tests/test_document/test_document_types.py::TestWebFormats::test_markdown_is_supported 
tests/test_document/test_document_types.py::TestWebFormats::test_markdown_ingestion_simple 
[gw1] [ 91%] PASSED tests/test_document/test_document_types.py::TestWebFormats::test_markdown_ingestion_simple 
tests/test_document/test_document_types.py::TestWebFormats::test_markdown_ingestion_with_converter 
[gw1] [ 91%] PASSED tests/test_document/test_document_types.py::TestWebFormats::test_markdown_ingestion_with_converter 
tests/test_document/test_document_types.py::TestWebFormats::test_xml_file_type_detection 
[gw1] [ 91%] PASSED tests/test_document/test_document_types.py::TestWebFormats::test_xml_file_type_detection 
tests/test_document/test_document_types.py::TestWebFormats::test_xml_is_supported 
[gw1] [ 91%] PASSED tests/test_document/test_document_types.py::TestWebFormats::test_xml_is_supported 
tests/test_document/test_document_types.py::TestWebFormats::test_xml_ingestion 
[gw1] [ 91%] PASSED tests/test_document/test_document_types.py::TestWebFormats::test_xml_ingestion 
tests/test_document/test_document_types.py::TestStructuredDataFormats::test_csv_file_type_detection 
[gw1] [ 91%] PASSED tests/test_document/test_document_types.py::TestStructuredDataFormats::test_csv_file_type_detection 
tests/test_document/test_document_types.py::TestStructuredDataFormats::test_csv_is_supported 
[gw1] [ 91%] PASSED tests/test_document/test_document_types.py::TestStructuredDataFormats::test_csv_is_supported 
tests/test_document/test_document_types.py::TestStructuredDataFormats::test_csv_ingestion 
[gw1] [ 91%] PASSED tests/test_document/test_document_types.py::TestStructuredDataFormats::test_csv_ingestion 
tests/test_document/test_document_types.py::TestStructuredDataFormats::test_json_file_type_detection 
[gw1] [ 91%] PASSED tests/test_document/test_document_types.py::TestStructuredDataFormats::test_json_file_type_detection 
tests/test_document/test_document_types.py::TestStructuredDataFormats::test_json_is_supported 
[gw1] [ 91%] PASSED tests/test_document/test_document_types.py::TestStructuredDataFormats::test_json_is_supported 
tests/test_document/test_document_types.py::TestStructuredDataFormats::test_json_ingestion 
[gw1] [ 92%] PASSED tests/test_document/test_document_types.py::TestStructuredDataFormats::test_json_ingestion 
tests/test_document/test_document_types.py::TestImageFormats::test_png_file_type_detection 
[gw1] [ 92%] PASSED tests/test_document/test_document_types.py::TestImageFormats::test_png_file_type_detection 
tests/test_document/test_document_types.py::TestImageFormats::test_jpeg_file_type_detection 
[gw1] [ 92%] PASSED tests/test_document/test_document_types.py::TestImageFormats::test_jpeg_file_type_detection 
tests/test_document/test_document_types.py::TestImageFormats::test_tiff_file_type_detection 
[gw1] [ 92%] PASSED tests/test_document/test_document_types.py::TestImageFormats::test_tiff_file_type_detection 
tests/test_document/test_document_types.py::TestImageFormats::test_bmp_file_type_detection 
[gw1] [ 92%] PASSED tests/test_document/test_document_types.py::TestImageFormats::test_bmp_file_type_detection 
tests/test_document/test_document_types.py::TestImageFormats::test_webp_file_type_detection 
[gw1] [ 92%] PASSED tests/test_document/test_document_types.py::TestImageFormats::test_webp_file_type_detection 
tests/test_document/test_document_types.py::TestImageFormats::test_all_image_extensions_supported 
[gw1] [ 92%] PASSED tests/test_document/test_document_types.py::TestImageFormats::test_all_image_extensions_supported 
tests/test_document/test_document_types.py::TestImageFormats::test_png_ingestion_with_ocr 
[gw1] [ 92%] PASSED tests/test_document/test_document_types.py::TestImageFormats::test_png_ingestion_with_ocr 
tests/test_document/test_document_types.py::TestImageFormats::test_jpeg_ingestion 
[gw1] [ 92%] PASSED tests/test_document/test_document_types.py::TestImageFormats::test_jpeg_ingestion 
tests/test_document/test_document_types.py::TestAudioFormats::test_wav_file_type_detection 
[gw1] [ 92%] PASSED tests/test_document/test_document_types.py::TestAudioFormats::test_wav_file_type_detection 
tests/test_document/test_document_types.py::TestAudioFormats::test_mp3_file_type_detection 
[gw1] [ 92%] PASSED tests/test_document/test_document_types.py::TestAudioFormats::test_mp3_file_type_detection 
tests/test_document/test_document_types.py::TestAudioFormats::test_all_audio_extensions_supported 
[gw1] [ 92%] PASSED tests/test_document/test_document_types.py::TestAudioFormats::test_all_audio_extensions_supported 
tests/test_document/test_document_types.py::TestAudioFormats::test_wav_ingestion_with_transcription 
[gw1] [ 93%] PASSED tests/test_document/test_document_types.py::TestAudioFormats::test_wav_ingestion_with_transcription 
tests/test_document/test_document_types.py::TestAudioFormats::test_mp3_ingestion 
[gw1] [ 93%] PASSED tests/test_document/test_document_types.py::TestAudioFormats::test_mp3_ingestion 
tests/test_document/test_document_types.py::TestSpecialtyFormats::test_latex_file_type_detection 
[gw1] [ 93%] PASSED tests/test_document/test_document_types.py::TestSpecialtyFormats::test_latex_file_type_detection 
tests/test_document/test_document_types.py::TestSpecialtyFormats::test_latex_is_supported 
[gw1] [ 93%] PASSED tests/test_document/test_document_types.py::TestSpecialtyFormats::test_latex_is_supported 
tests/test_document/test_document_types.py::TestSpecialtyFormats::test_latex_ingestion 
[gw1] [ 93%] PASSED tests/test_document/test_document_types.py::TestSpecialtyFormats::test_latex_ingestion 
tests/test_document/test_document_types.py::TestSpecialtyFormats::test_asciidoc_file_type_detection 
[gw1] [ 93%] PASSED tests/test_document/test_document_types.py::TestSpecialtyFormats::test_asciidoc_file_type_detection 
tests/test_document/test_document_types.py::TestSpecialtyFormats::test_asciidoc_is_supported 
[gw1] [ 93%] PASSED tests/test_document/test_document_types.py::TestSpecialtyFormats::test_asciidoc_is_supported 
tests/test_document/test_document_types.py::TestSpecialtyFormats::test_asciidoc_ingestion 
[gw1] [ 93%] PASSED tests/test_document/test_document_types.py::TestSpecialtyFormats::test_asciidoc_ingestion 
tests/test_document/test_document_types.py::TestSpecialtyFormats::test_webvtt_file_type_detection 
[gw1] [ 93%] PASSED tests/test_document/test_document_types.py::TestSpecialtyFormats::test_webvtt_file_type_detection 
tests/test_document/test_document_types.py::TestSpecialtyFormats::test_webvtt_is_supported 
[gw1] [ 93%] PASSED tests/test_document/test_document_types.py::TestSpecialtyFormats::test_webvtt_is_supported 
tests/test_document/test_document_types.py::TestSpecialtyFormats::test_webvtt_ingestion 
[gw1] [ 93%] PASSED tests/test_document/test_document_types.py::TestSpecialtyFormats::test_webvtt_ingestion 
tests/test_document/test_document_types.py::TestSpecialtyFormats::test_txt_file_type_detection 
[gw1] [ 94%] PASSED tests/test_document/test_document_types.py::TestSpecialtyFormats::test_txt_file_type_detection 
tests/test_document/test_document_types.py::TestSpecialtyFormats::test_txt_is_supported 
[gw1] [ 94%] PASSED tests/test_document/test_document_types.py::TestSpecialtyFormats::test_txt_is_supported 
tests/test_document/test_document_types.py::TestSpecialtyFormats::test_txt_ingestion 
[gw1] [ 94%] PASSED tests/test_document/test_document_types.py::TestSpecialtyFormats::test_txt_ingestion 
tests/test_document/test_document_types.py::TestDocumentTypeCoverage::test_all_extensions_have_file_type_mapping 
[gw1] [ 94%] PASSED tests/test_document/test_document_types.py::TestDocumentTypeCoverage::test_all_extensions_have_file_type_mapping 
tests/test_document/test_document_types.py::TestDocumentTypeCoverage::test_non_pdf_types_are_tested 
[gw1] [ 94%] PASSED tests/test_document/test_document_types.py::TestDocumentTypeCoverage::test_non_pdf_types_are_tested 
tests/test_document/test_extraction.py::TestExtractTextPdfPages::test_extract_text_pdf_pages_multiple_pages 
[gw1] [ 94%] PASSED tests/test_document/test_extraction.py::TestExtractTextPdfPages::test_extract_text_pdf_pages_multiple_pages 
tests/test_document/test_extraction.py::TestExtractTextPdfPages::test_extract_text_pdf_pages_no_provenance 
[gw1] [ 94%] PASSED tests/test_document/test_extraction.py::TestExtractTextPdfPages::test_extract_text_pdf_pages_no_provenance 
tests/test_document/test_extraction.py::TestExtractTextPdfPages::test_extract_text_pdf_pages_empty_provenance 
[gw1] [ 94%] PASSED tests/test_document/test_extraction.py::TestExtractTextPdfPages::test_extract_text_pdf_pages_empty_provenance 
tests/test_document/test_extraction.py::TestExtractTextImageFallback::test_extract_text_image_fallback_ocr 
[gw1] [ 94%] PASSED tests/test_document/test_extraction.py::TestExtractTextImageFallback::test_extract_text_image_fallback_ocr 
tests/test_document/test_extraction.py::TestExtractTextImageFallback::test_extract_text_image_fallback_no_texts_attr 
[gw1] [ 94%] PASSED tests/test_document/test_extraction.py::TestExtractTextImageFallback::test_extract_text_image_fallback_no_texts_attr 
tests/test_document/test_extraction.py::TestExtractTextEmptyFile::test_extract_text_empty_file_text 
[gw1] [ 94%] PASSED tests/test_document/test_extraction.py::TestExtractTextEmptyFile::test_extract_text_empty_file_text 
tests/test_document/test_extraction.py::TestExtractTextEmptyFile::test_extract_text_empty_file_pdf 
[gw1] [ 95%] PASSED tests/test_document/test_extraction.py::TestExtractTextEmptyFile::test_extract_text_empty_file_pdf 
tests/test_document/test_extraction.py::TestExtractTextEmptyFile::test_extract_text_whitespace_only 
[gw1] [ 95%] PASSED tests/test_document/test_extraction.py::TestExtractTextEmptyFile::test_extract_text_whitespace_only 
tests/test_document/test_extraction.py::TestExtractTextCorruptedPdf::test_extract_text_corrupted_pdf_magic_bytes 
[gw1] [ 95%] PASSED tests/test_document/test_extraction.py::TestExtractTextCorruptedPdf::test_extract_text_corrupted_pdf_magic_bytes 
tests/test_document/test_extraction.py::TestExtractTextCorruptedPdf::test_extract_text_corrupted_pdf_truncated 
[gw1] [ 95%] PASSED tests/test_document/test_extraction.py::TestExtractTextCorruptedPdf::test_extract_text_corrupted_pdf_truncated 
tests/test_document/test_extraction.py::TestExtractTextCorruptedPdf::test_extract_text_corrupted_pdf_malformed 
[gw1] [ 95%] PASSED tests/test_document/test_extraction.py::TestExtractTextCorruptedPdf::test_extract_text_corrupted_pdf_malformed 
tests/test_document/test_extraction.py::TestExtractTextCorruptedPdf::test_extract_text_corrupted_file_not_found 
[gw1] [ 95%] PASSED tests/test_document/test_extraction.py::TestExtractTextCorruptedPdf::test_extract_text_corrupted_file_not_found 
tests/test_document/test_ingestion.py::test_supported_extensions 
[gw1] [ 95%] PASSED tests/test_document/test_ingestion.py::test_supported_extensions 
tests/test_document/test_ingestion.py::test_is_supported_valid 
[gw1] [ 95%] PASSED tests/test_document/test_ingestion.py::test_is_supported_valid 
[gw0] [ 95%] PASSED tests/test_utils/test_docker_manager.py::TestWaitForMongoReady::test_wait_for_mongo_ready_timeout 
tests/test_utils/test_docker_manager.py::TestEnsureMongoRunning::test_ensure_mongo_running_skips_remote 
[gw0] [ 95%] PASSED tests/test_utils/test_docker_manager.py::TestEnsureMongoRunning::test_ensure_mongo_running_skips_remote 
tests/test_utils/test_docker_manager.py::TestEnsureMongoRunning::test_ensure_mongo_running_already_running 
[gw0] [ 95%] PASSED tests/test_utils/test_docker_manager.py::TestEnsureMongoRunning::test_ensure_mongo_running_already_running 
tests/test_utils/test_docker_manager.py::TestEnsureMongoRunning::test_ensure_mongo_running_docker_not_installed 
[gw0] [ 95%] PASSED tests/test_utils/test_docker_manager.py::TestEnsureMongoRunning::test_ensure_mongo_running_docker_not_installed 
tests/test_utils/test_docker_manager.py::TestEnsureMongoRunning::test_ensure_mongo_running_full_flow 
[gw0] [ 96%] PASSED tests/test_utils/test_docker_manager.py::TestEnsureMongoRunning::test_ensure_mongo_running_full_flow                     DEBUG    {"timestamp": "2026-03-25             logger.py:108
                             00:54:23,982", "level": "DEBUG",                   
                             "logger": "pymongo.serverSelection",               
                             "message": "{\"message\": \"Server                 
                             selection failed\", \"selector\":                  
                             \"<function writable_server_selector               
                             at 0xe0330da2bec0>\", \"operation\":               
                             \"dropDatabase\",                                  
                             \"topologyDescription\":                           
                             \"<TopologyDescription id:                         
                             69c3788eb0974cf2819264f1,                          
                             topology_type: ReplicaSetNoPrimary,                
                             servers: [<ServerDescription                       
                             ('mongodb', 27017) server_type:                    
                             Unknown, rtt: None,                                
                             error=AutoReconnect('mongodb:27017:                
                             [Errno -3] Temporary failure in name               
                             resolution (configured timeouts:                   
                             socketTimeoutMS: 20000.0ms,                        
                             connectTimeoutMS: 20000.0ms)')>]>\",               
                             \"clientId\": {\"$oid\":                           
                             \"69c3788eb0974cf2819264f1\"},                     
                             \"failure\": \"\\\"Could not reach                 
                             any servers in [('mongodb', 27017)].               
                             Replica set is configured with                     
                             internal hostnames or IPs?\\\"\"}",                
                             "module": "logger", "function":                    
                             "_debug_log", "line": 108,                         
                             "request_id": "test-request-id"}                   
                    DEBUG    {"timestamp": "2026-03-25             logger.py:108
                             00:54:23,985", "level": "DEBUG",                   
                             "logger": "pymongo.topology",                      
                             "message": "{\"message\": \"Stopped                
                             server monitoring\", \"topologyId\":               
                             {\"$oid\":                                         
                             \"69c3788eb0974cf2819264f1\"},                     
                             \"serverHost\": \"mongodb\",                       
                             \"serverPort\": 27017}", "module":                 
                             "logger", "function": "_debug_log",                
                             "line": 108, "request_id":                         
                             "test-request-id"}                                 
                    DEBUG    {"timestamp": "2026-03-25             logger.py:108
                             00:54:23,986", "level": "DEBUG",                   
                             "logger": "pymongo.connection",                    
                             "message": "{\"message\":                          
                             \"Connection pool closed\",                        
                             \"clientId\": {\"$oid\":                           
                             \"69c3788eb0974cf2819264f1\"},                     
                             \"serverHost\": \"mongodb\",                       
                             \"serverPort\": 27017}", "module":                 
                             "logger", "function": "_debug_log",                
                             "line": 108, "request_id":                         
                             "test-request-id"}                                 
                    DEBUG    {"timestamp": "2026-03-25             logger.py:108
                             00:54:23,988", "level": "DEBUG",                   
                             "logger": "pymongo.topology",                      
                             "message": "{\"message\": \"Topology               
                             description changed\",                             
                             \"topologyId\": {\"$oid\":                         
                             \"69c3788eb0974cf2819264f1\"},                     
                             \"previousDescription\":                           
                             \"<TopologyDescription id:                         
                             69c3788eb0974cf2819264f1,                          
                             topology_type: ReplicaSetNoPrimary,                
                             servers: [<ServerDescription                       
                             ('mongodb', 27017) server_type:                    
                             Unknown, rtt: None,                                
                             error=AutoReconnect('mongodb:27017:                
                             [Errno -3] Temporary failure in name               
                             resolution (configured timeouts:                   
                             socketTimeoutMS: 20000.0ms,                        
                             connectTimeoutMS: 20000.0ms)')>]>\",               
                             \"newDescription\":                                
                             \"<TopologyDescription id:                         
                             69c3788eb0974cf2819264f1,                          
                             topology_type: ReplicaSetNoPrimary,                
                             servers: [<ServerDescription                       
                             ('mongodb', 27017) server_type:                    
                             Unknown, rtt: None>]>\"}", "module":               
                             "logger", "function": "_debug_log",                
                             "line": 108, "request_id":                         
                             "test-request-id"}                                 
                    DEBUG    {"timestamp": "2026-03-25             logger.py:108
                             00:54:23,990", "level": "DEBUG",                   
                             "logger": "pymongo.topology",                      
                             "message": "{\"message\": \"Stopped                
                             topology monitoring\",                             
                             \"topologyId\": {\"$oid\":                         
                             \"69c3788eb0974cf2819264f1\"}}",                   
                             "module": "logger", "function":                    
                             "_debug_log", "line": 108,                         
                             "request_id": "test-request-id"}                   

[gw3] [ 96%] PASSED tests/test_examples/test_examples.py::TestBasicUsageExamples::test_example_basic_usage_ingest 
tests/test_examples/test_examples.py::TestBasicUsageExamples::test_example_basic_usage_search 
[gw3] [ 96%] PASSED tests/test_examples/test_examples.py::TestBasicUsageExamples::test_example_basic_usage_search 
tests/test_examples/test_examples.py::TestBasicUsageExamples::test_example_basic_usage_list 
[gw3] [ 96%] PASSED tests/test_examples/test_examples.py::TestBasicUsageExamples::test_example_basic_usage_list 
tests/test_examples/test_examples.py::TestAdvancedExamples::test_example_circuit_breaker 
[gw3] [ 96%] PASSED tests/test_examples/test_examples.py::TestAdvancedExamples::test_example_circuit_breaker 
tests/test_examples/test_examples.py::TestAdvancedExamples::test_example_tracing 
[gw3] [ 96%] PASSED tests/test_examples/test_examples.py::TestAdvancedExamples::test_example_tracing 
tests/test_examples/test_examples.py::TestAdvancedExamples::test_example_async_workflow 
[gw3] [ 96%] PASSED tests/test_examples/test_examples.py::TestAdvancedExamples::test_example_async_workflow 
tests/test_examples/test_examples.py::TestAdvancedExamples::test_example_batch_ingestion 
[gw3] [ 96%] PASSED tests/test_examples/test_examples.py::TestAdvancedExamples::test_example_batch_ingestion 
tests/test_examples/test_examples.py::TestAdvancedExamples::test_example_custom_chunking 
[gw3] [ 96%] PASSED tests/test_examples/test_examples.py::TestAdvancedExamples::test_example_custom_chunking 
tests/test_examples/test_examples.py::TestIntegrationExamples::test_example_flask_api 
[gw3] [ 96%] PASSED tests/test_examples/test_examples.py::TestIntegrationExamples::test_example_flask_api 
tests/test_examples/test_examples.py::TestIntegrationExamples::test_example_fastapi_endpoint 
[gw3] [ 96%] PASSED tests/test_examples/test_examples.py::TestIntegrationExamples::test_example_fastapi_endpoint 
tests/test_final_coverage.py::TestFinalCoverage::test_cli_main_entry_point 
[gw3] [ 97%] PASSED tests/test_final_coverage.py::TestFinalCoverage::test_cli_main_entry_point 
tests/test_final_coverage.py::TestFinalCoverage::test_logging_setup_json 
[gw3] [ 97%] PASSED tests/test_final_coverage.py::TestFinalCoverage::test_logging_setup_json 
tests/test_final_coverage.py::TestFinalCoverage::test_logging_setup_rich 
[gw3] [ 97%] PASSED tests/test_final_coverage.py::TestFinalCoverage::test_logging_setup_rich 
tests/test_final_coverage.py::TestFinalCoverage::test_conversation_storage_create_session 
[gw3] [ 97%] PASSED tests/test_final_coverage.py::TestFinalCoverage::test_conversation_storage_create_session 
tests/test_final_coverage.py::TestFinalCoverage::test_delete_command_cancelled 
[gw3] [ 97%] PASSED tests/test_final_coverage.py::TestFinalCoverage::test_delete_command_cancelled 
tests/test_final_coverage.py::TestFinalCoverage::test_delete_command_service_unavailable 
[gw3] [ 97%] PASSED tests/test_final_coverage.py::TestFinalCoverage::test_delete_command_service_unavailable 
tests/test_final_coverage.py::TestFinalCoverage::test_status_command_with_metrics 
[gw3] [ 97%] PASSED tests/test_final_coverage.py::TestFinalCoverage::test_status_command_with_metrics 
tests/test_final_coverage.py::TestFinalCoverage::test_chat_command_no_sessions 
[gw3] [ 97%] PASSED tests/test_final_coverage.py::TestFinalCoverage::test_chat_command_no_sessions 
tests/test_final_coverage.py::TestFinalCoverage::test_chat_command_history 
[gw3] [ 97%] PASSED tests/test_final_coverage.py::TestFinalCoverage::test_chat_command_history 
tests/test_final_coverage.py::TestFinalCoverage::test_chat_command_history_requires_session 
[gw3] [ 97%] PASSED tests/test_final_coverage.py::TestFinalCoverage::test_chat_command_history_requires_session 
tests/test_final_coverage.py::TestFinalCoverage::test_chat_command_default_session 
[gw3] [ 97%] PASSED tests/test_final_coverage.py::TestFinalCoverage::test_chat_command_default_session 
tests/test_final_coverage.py::TestFinalCoverage::test_chat_command_show_sources 
[gw3] [ 97%] PASSED tests/test_final_coverage.py::TestFinalCoverage::test_chat_command_show_sources 
tests/test_final_coverage.py::TestFinalCoverage::test_chat_interactive_resume_session 
[gw3] [ 98%] PASSED tests/test_final_coverage.py::TestFinalCoverage::test_chat_interactive_resume_session 
tests/test_final_coverage.py::TestFinalCoverage::test_chat_interactive_empty_input 
[gw3] [ 98%] PASSED tests/test_final_coverage.py::TestFinalCoverage::test_chat_interactive_empty_input 
tests/test_final_coverage.py::TestFinalCoverage::test_chat_interactive_unknown_command 
[gw3] [ 98%] PASSED tests/test_final_coverage.py::TestFinalCoverage::test_chat_interactive_unknown_command 
tests/test_final_coverage.py::TestFinalCoverage::test_chat_interactive_keyboard_interrupt 
[gw3] [ 98%] PASSED tests/test_final_coverage.py::TestFinalCoverage::test_chat_interactive_keyboard_interrupt 
tests/test_final_coverage.py::TestFinalCoverage::test_chat_interactive_eof_error 
[gw3] [ 98%] PASSED tests/test_final_coverage.py::TestFinalCoverage::test_chat_interactive_eof_error 
tests/test_integration/test_e2e_ingestion.py::TestEndToEndIngestion::test_ingest_file_e2e 
[gw3] [ 98%] PASSED tests/test_integration/test_e2e_ingestion.py::TestEndToEndIngestion::test_ingest_file_e2e 
tests/test_integration/test_e2e_ingestion.py::TestEndToEndIngestion::test_ingest_directory_e2e 
[gw3] [ 98%] PASSED tests/test_integration/test_e2e_ingestion.py::TestEndToEndIngestion::test_ingest_directory_e2e 
tests/test_integration/test_e2e_search.py::TestSearchE2E::test_search_e2e 
[gw3] [ 98%] PASSED tests/test_integration/test_e2e_search.py::TestSearchE2E::test_search_e2e 
tests/test_integration/test_e2e_search.py::TestSearchE2E::test_search_with_filters 
[gw3] [ 98%] PASSED tests/test_integration/test_e2e_search.py::TestSearchE2E::test_search_with_filters 
tests/test_integration/test_e2e_search.py::TestSearchIntegration::test_search_with_custom_top_k 
[gw3] [ 98%] PASSED tests/test_integration/test_e2e_search.py::TestSearchIntegration::test_search_with_custom_top_k 
tests/test_integration/test_e2e_search.py::TestSearchIntegration::test_search_no_results 
[gw3] [ 98%] PASSED tests/test_integration/test_e2e_search.py::TestSearchIntegration::test_search_no_results 
tests/test_integration/test_e2e_search.py::TestSearchIntegration::test_search_empty_embed_result 
[gw3] [ 99%] PASSED tests/test_integration/test_e2e_search.py::TestSearchIntegration::test_search_empty_embed_result 
tests/test_integration/test_end_to_end.py::TestFullWorkflow::test_full_workflow 
[gw3] [ 99%] PASSED tests/test_integration/test_end_to_end.py::TestFullWorkflow::test_full_workflow 
tests/test_integration/test_end_to_end.py::TestFullWorkflow::test_delete_by_chunk_id 
[gw3] [ 99%] PASSED tests/test_integration/test_end_to_end.py::TestFullWorkflow::test_delete_by_chunk_id 
tests/test_integration/test_end_to_end.py::TestFullWorkflow::test_delete_all 
[gw3] [ 99%] PASSED tests/test_integration/test_end_to_end.py::TestFullWorkflow::test_delete_all 
tests/test_integration/test_end_to_end.py::TestIntegrationDataFlow::test_list_pagination_works 
[gw3] [ 99%] PASSED tests/test_integration/test_end_to_end.py::TestIntegrationDataFlow::test_list_pagination_works 
tests/test_integration/test_end_to_end.py::TestIntegrationDataFlow::test_list_with_source_filter 
[gw3] [ 99%] PASSED tests/test_integration/test_end_to_end.py::TestIntegrationDataFlow::test_list_with_source_filter 
tests/test_logging/test_logging.py::test_setup_logging_info 
[gw3] [ 99%] PASSED tests/test_logging/test_logging.py::test_setup_logging_info 
tests/test_logging/test_logging.py::test_setup_logging_debug 
[gw3] [ 99%] PASSED tests/test_logging/test_logging.py::test_setup_logging_debug 
tests/test_logging/test_logging.py::test_setup_logging_json_format 
[gw3] [ 99%] PASSED tests/test_logging/test_logging.py::test_setup_logging_json_format 
tests/test_logging/test_logging.py::test_setup_logging_verbose_and_json 
[gw3] [ 99%] PASSED tests/test_logging/test_logging.py::test_setup_logging_verbose_and_json 
tests/test_logging/test_logging.py::test_get_logger 
[gw3] [ 99%] PASSED tests/test_logging/test_logging.py::test_get_logger 
tests/test_logging/test_logging.py::test_setup_rich_logging 
[gw3] [100%] PASSED tests/test_logging/test_logging.py::test_setup_rich_logging [00:55:18] DEBUG    {"message": "Starting topology monitoring",    logger.py:108
                    "topologyId": {"$oid":                                      
                    "69c378c618d17bdbabd9fd8f"}}                                
           DEBUG    {"message": "Topology description changed",    logger.py:108
                    "topologyId": {"$oid":                                      
                    "69c378c618d17bdbabd9fd8f"},                                
                    "previousDescription": "<TopologyDescription                
                    id: 69c378c618d17bdbabd9fd8f, topology_type:                
                    Unknown, servers: []>", "newDescription":                   
                    "<TopologyDescription id:                                   
                    69c378c618d17bdbabd9fd8f, topology_type:                    
                    Unknown, servers: [<ServerDescription                       
                    ('localhost', 27017) server_type: Unknown,                  
                    rtt: None>]>"}                                              
           DEBUG    {"message": "Starting server monitoring",      logger.py:108
                    "topologyId": {"$oid":                                      
                    "69c378c618d17bdbabd9fd8f"}, "serverHost":                  
                    "localhost", "serverPort": 27017}                           
           DEBUG    {"message": "Connection pool created",         logger.py:108
                    "clientId": {"$oid":                                        
                    "69c378c618d17bdbabd9fd8f"}, "serverHost":                  
                    "localhost", "serverPort": 27017}                           
           DEBUG    {"message": "Server selection started",        logger.py:108
                    "selector": "<function                                      
                    writable_server_selector at 0xf3322f513ec0>",               
                    "operation": "dropDatabase",                                
                    "topologyDescription": "<TopologyDescription                
                    id: 69c378c618d17bdbabd9fd8f, topology_type:                
                    Unknown, servers: [<ServerDescription                       
                    ('localhost', 27017) server_type: Unknown,                  
                    rtt: None>]>", "clientId": {"$oid":                         
                    "69c378c618d17bdbabd9fd8f"}}                                
           DEBUG    {"message": "Waiting for suitable server to    logger.py:108
                    become available", "selector": "<function                   
                    writable_server_selector at 0xf3322f513ec0>",               
                    "operation": "dropDatabase",                                
                    "topologyDescription": "<TopologyDescription                
                    id: 69c378c618d17bdbabd9fd8f, topology_type:                
                    Unknown, servers: [<ServerDescription                       
                    ('localhost', 27017) server_type: Unknown,                  
                    rtt: None>]>", "clientId": {"$oid":                         
                    "69c378c618d17bdbabd9fd8f"},                                
                    "remainingTimeMS": 999}                                     
           DEBUG    {"message": "Server heartbeat started",        logger.py:108
                    "topologyId": {"$oid":                                      
                    "69c378c618d17bdbabd9fd8f"},                                
                    "driverConnectionId": 1, "serverHost":                      
                    "localhost", "serverPort": 27017, "awaited":                
                    false}                                                      
           DEBUG    {"message": "Server heartbeat succeeded",      logger.py:108
                    "topologyId": {"$oid":                                      
                    "69c378c618d17bdbabd9fd8f"},                                
                    "driverConnectionId": 1, "serverConnectionId":              
                    50487, "serverHost": "localhost",                           
                    "serverPort": 27017, "awaited": false,                      
                    "durationMS": 0.864861998707056, "reply":                   
                    "{\"helloOk\": true, \"topologyVersion\":                   
                    {\"processId\": {\"$oid\":                                  
                    \"69c2c71d62e96e4cef0a46d8\"}, \"counter\":                 
                    6}, \"hosts\": [\"mongodb:27017\"],                         
                    \"setName\": \"mongodb\", \"setVersion\": 1,                
                    \"ismaster\": true, \"primary\":                            
                    \"mongodb:27017\", \"me\": \"mongodb:27017\",               
                    \"electionId\": {\"$oid\":                                  
                    \"7fffffff0000000000000003\"}, \"lastWrite\":               
                    {\"opTime\": {\"ts\": {\"$timestamp\": {\"t\":              
                    1774418109, \"i\": 1}}, \"t\": 3},                          
                    \"lastWriteDate\": {\"$date\":                              
                    \"2026-03-25T05:55:09Z\"}, \"majorityOpTime\":              
                    {\"ts\": {\"$timestamp\": {\"t\": 1774418109,               
                    \"i\": 1}}, \"t\": 3}, \"majorityWriteDate\":               
                    {\"$date\": \"2026-03-25T05:55:09Z\"}},                     
                    \"maxBsonObjectSize\": 16777216,                            
                    \"maxMessageSizeBytes\": 48000000,                          
                    \"maxWriteBatchSize\": 100000, \"localTime\":               
                    {\"$date\": \"2026-03-25T05:55:18.694Z\"},                  
                    \"logicalSessionTimeoutMinutes\": 30,                       
                    \"connectionId\": 50487, \"maxWireVersion\":                
                    27, \"ok\": 1.0, \"$clusterTime\":                          
                    {\"clusterTime\": {\"$timestamp\": {\"t\":                  
                    1774418109, \"i\": 1}}, \"signature\":                      
                    {\"hash\": {\"$binary\": {\"base64\":                       
                    \"OB6aBoqef8footLPQ94rbu+ZVD8=\", \"subType\":              
                    \"00\"}}, \"keyId\":                                        
                    7620872433947377666}},..."}                                 
           DEBUG    {"message": "Connection pool ready",           logger.py:108
                    "clientId": {"$oid":                                        
                    "69c378c618d17bdbabd9fd8f"}, "serverHost":                  
                    "localhost", "serverPort": 27017}                           
           DEBUG    {"message": "Connection pool created",         logger.py:108
                    "clientId": {"$oid":                                        
                    "69c378c618d17bdbabd9fd8f"}, "serverHost":                  
                    "mongodb", "serverPort": 27017}                             
           DEBUG    {"message": "Stopped server monitoring",       logger.py:108
                    "topologyId": {"$oid":                                      
                    "69c378c618d17bdbabd9fd8f"}, "serverHost":                  
                    "localhost", "serverPort": 27017}                           
           DEBUG    {"message": "Server heartbeat failed",         logger.py:108
                    "topologyId": {"$oid":                                      
                    "69c378c618d17bdbabd9fd8f"}, "serverHost":                  
                    "mongodb", "serverPort": 27017, "awaited":                  
                    false, "durationMS": 1.2187719985377043,                    
                    "failure": "\"AutoReconnect('mongodb:27017:                 
                    [Errno -3] Temporary failure in name                        
                    resolution (configured timeouts:                            
                    socketTimeoutMS: 20000.0ms, connectTimeoutMS:               
                    20000.0ms)')\""}                                            
           DEBUG    {"message": "Connection pool closed",          logger.py:108
                    "clientId": {"$oid":                                        
                    "69c378c618d17bdbabd9fd8f"}, "serverHost":                  
                    "localhost", "serverPort": 27017}                           
           DEBUG    {"message": "Topology description changed",    logger.py:108
                    "topologyId": {"$oid":                                      
                    "69c378c618d17bdbabd9fd8f"},                                
                    "previousDescription": "<TopologyDescription                
                    id: 69c378c618d17bdbabd9fd8f, topology_type:                
                    Unknown, servers: [<ServerDescription                       
                    ('localhost', 27017) server_type: Unknown,                  
                    rtt: None>]>", "newDescription":                            
                    "<TopologyDescription id:                                   
                    69c378c618d17bdbabd9fd8f, topology_type:                    
                    ReplicaSetNoPrimary, servers:                               
                    [<ServerDescription ('mongodb', 27017)                      
                    server_type: Unknown, rtt: None>]>"}                        
           DEBUG    {"message": "Topology description changed",    logger.py:108
                    "topologyId": {"$oid":                                      
                    "69c378c618d17bdbabd9fd8f"},                                
                    "previousDescription": "<TopologyDescription                
                    id: 69c378c618d17bdbabd9fd8f, topology_type:                
                    ReplicaSetNoPrimary, servers:                               
                    [<ServerDescription ('mongodb', 27017)                      
                    server_type: Unknown, rtt: None>]>",                        
                    "newDescription": "<TopologyDescription id:                 
                    69c378c618d17bdbabd9fd8f, topology_type:                    
                    ReplicaSetNoPrimary, servers:                               
                    [<ServerDescription ('mongodb', 27017)                      
                    server_type: Unknown, rtt: None,                            
                    error=AutoReconnect('mongodb:27017: [Errno -3]              
                    Temporary failure in name resolution                        
                    (configured timeouts: socketTimeoutMS:                      
                    20000.0ms, connectTimeoutMS: 20000.0ms)')>]>"}              
[00:55:19] DEBUG    {"message": "Server heartbeat failed",         logger.py:108
                    "topologyId": {"$oid":                                      
                    "69c378c618d17bdbabd9fd8f"}, "serverHost":                  
                    "mongodb", "serverPort": 27017, "awaited":                  
                    false, "durationMS": 0.8896630024537444,                    
                    "failure": "\"AutoReconnect('mongodb:27017:                 
                    [Errno -3] Temporary failure in name                        
                    resolution (configured timeouts:                            
                    socketTimeoutMS: 20000.0ms, connectTimeoutMS:               
                    20000.0ms)')\""}                                            
           DEBUG    {"message": "Topology description changed",    logger.py:108
                    "topologyId": {"$oid":                                      
                    "69c378c618d17bdbabd9fd8f"},                                
                    "previousDescription": "<TopologyDescription                
                    id: 69c378c618d17bdbabd9fd8f, topology_type:                
                    ReplicaSetNoPrimary, servers:                               
                    [<ServerDescription ('mongodb', 27017)                      
                    server_type: Unknown, rtt: None,                            
                    error=AutoReconnect('mongodb:27017: [Errno -3]              
                    Temporary failure in name resolution                        
                    (configured timeouts: socketTimeoutMS:                      
                    20000.0ms, connectTimeoutMS: 20000.0ms)')>]>",              
                    "newDescription": "<TopologyDescription id:                 
                    69c378c618d17bdbabd9fd8f, topology_type:                    
                    ReplicaSetNoPrimary, servers:                               
                    [<ServerDescription ('mongodb', 27017)                      
                    server_type: Unknown, rtt: None,                            
                    error=AutoReconnect('mongodb:27017: [Errno -3]              
                    Temporary failure in name resolution                        
                    (configured timeouts: socketTimeoutMS:                      
                    20000.0ms, connectTimeoutMS: 20000.0ms)')>]>"}              
           DEBUG    {"message": "Server selection failed",         logger.py:108
                    "selector": "<function                                      
                    writable_server_selector at 0xf3322f513ec0>",               
                    "operation": "dropDatabase",                                
                    "topologyDescription": "<TopologyDescription                
                    id: 69c378c618d17bdbabd9fd8f, topology_type:                
                    ReplicaSetNoPrimary, servers:                               
                    [<ServerDescription ('mongodb', 27017)                      
                    server_type: Unknown, rtt: None,                            
                    error=AutoReconnect('mongodb:27017: [Errno -3]              
                    Temporary failure in name resolution                        
                    (configured timeouts: socketTimeoutMS:                      
                    20000.0ms, connectTimeoutMS: 20000.0ms)')>]>",              
                    "clientId": {"$oid":                                        
                    "69c378c618d17bdbabd9fd8f"}, "failure":                     
                    "\"Could not reach any servers in [('mongodb',              
                    27017)]. Replica set is configured with                     
                    internal hostnames or IPs?\""}                              
           DEBUG    {"message": "Server heartbeat failed",         logger.py:108
                    "topologyId": {"$oid":                                      
                    "69c378c618d17bdbabd9fd8f"}, "serverHost":                  
                    "mongodb", "serverPort": 27017, "awaited":                  
                    false, "durationMS": 1.3973190216347575,                    
                    "failure": "\"AutoReconnect('mongodb:27017:                 
                    [Errno -3] Temporary failure in name                        
                    resolution (configured timeouts:                            
                    socketTimeoutMS: 20000.0ms, connectTimeoutMS:               
                    20000.0ms)')\""}                                            
           DEBUG    {"message": "Stopped server monitoring",       logger.py:108
                    "topologyId": {"$oid":                                      
                    "69c378c618d17bdbabd9fd8f"}, "serverHost":                  
                    "mongodb", "serverPort": 27017}                             
           DEBUG    {"message": "Connection pool closed",          logger.py:108
                    "clientId": {"$oid":                                        
                    "69c378c618d17bdbabd9fd8f"}, "serverHost":                  
                    "mongodb", "serverPort": 27017}                             
           DEBUG    {"message": "Topology description changed",    logger.py:108
                    "topologyId": {"$oid":                                      
                    "69c378c618d17bdbabd9fd8f"},                                
                    "previousDescription": "<TopologyDescription                
                    id: 69c378c618d17bdbabd9fd8f, topology_type:                
                    ReplicaSetNoPrimary, servers:                               
                    [<ServerDescription ('mongodb', 27017)                      
                    server_type: Unknown, rtt: None,                            
                    error=AutoReconnect('mongodb:27017: [Errno -3]              
                    Temporary failure in name resolution                        
                    (configured timeouts: socketTimeoutMS:                      
                    20000.0ms, connectTimeoutMS: 20000.0ms)')>]>",              
                    "newDescription": "<TopologyDescription id:                 
                    69c378c618d17bdbabd9fd8f, topology_type:                    
                    ReplicaSetNoPrimary, servers:                               
                    [<ServerDescription ('mongodb', 27017)                      
                    server_type: Unknown, rtt: None>]>"}                        
           DEBUG    {"message": "Stopped topology monitoring",     logger.py:108
                    "topologyId": {"$oid":                                      
                    "69c378c618d17bdbabd9fd8f"}}                                
[03/25/26 00:55:19] DEBUG    {"timestamp": "2026-03-25             logger.py:108
                             00:55:19,734", "level": "DEBUG",                   
                             "logger": "pymongo.topology",                      
                             "message": "{\"message\": \"Starting               
                             topology monitoring\",                             
                             \"topologyId\": {\"$oid\":                         
                             \"69c378c7b0974cf2819264f2\"}}",                   
                             "module": "logger", "function":                    
                             "_debug_log", "line": 108,                         
                             "request_id": "test-request-id"}                   
                    DEBUG    {"timestamp": "2026-03-25             logger.py:108
                             00:55:19,735", "level": "DEBUG",                   
                             "logger": "pymongo.topology",                      
                             "message": "{\"message\": \"Topology               
                             description changed\",                             
                             \"topologyId\": {\"$oid\":                         
                             \"69c378c7b0974cf2819264f2\"},                     
                             \"previousDescription\":                           
                             \"<TopologyDescription id:                         
                             69c378c7b0974cf2819264f2,                          
                             topology_type: Unknown, servers:                   
                             []>\", \"newDescription\":                         
                             \"<TopologyDescription id:                         
                             69c378c7b0974cf2819264f2,                          
                             topology_type: Unknown, servers:                   
                             [<ServerDescription ('localhost',                  
                             27017) server_type: Unknown, rtt:                  
                             None>]>\"}", "module": "logger",                   
                             "function": "_debug_log", "line":                  
                             108, "request_id": "test-request-id"}              
                    DEBUG    {"timestamp": "2026-03-25             logger.py:108
                             00:55:19,736", "level": "DEBUG",                   
                             "logger": "pymongo.topology",                      
                             "message": "{\"message\": \"Starting               
                             server monitoring\", \"topologyId\":               
                             {\"$oid\":                                         
                             \"69c378c7b0974cf2819264f2\"},                     
                             \"serverHost\": \"localhost\",                     
                             \"serverPort\": 27017}", "module":                 
                             "logger", "function": "_debug_log",                
                             "line": 108, "request_id":                         
                             "test-request-id"}                                 
                    DEBUG    {"timestamp": "2026-03-25             logger.py:108
                             00:55:19,737", "level": "DEBUG",                   
                             "logger": "pymongo.connection",                    
                             "message": "{\"message\":                          
                             \"Connection pool created\",                       
                             \"clientId\": {\"$oid\":                           
                             \"69c378c7b0974cf2819264f2\"},                     
                             \"serverHost\": \"localhost\",                     
                             \"serverPort\": 27017}", "module":                 
                             "logger", "function": "_debug_log",                
                             "line": 108, "request_id":                         
                             "test-request-id"}                                 
                    DEBUG    {"timestamp": "2026-03-25             logger.py:108
                             00:55:19,738", "level": "DEBUG",                   
                             "logger": "pymongo.serverSelection",               
                             "message": "{\"message\": \"Server                 
                             selection started\", \"selector\":                 
                             \"<function writable_server_selector               
                             at 0xe0330da2bec0>\", \"operation\":               
                             \"dropDatabase\",                                  
                             \"topologyDescription\":                           
                             \"<TopologyDescription id:                         
                             69c378c7b0974cf2819264f2,                          
                             topology_type: Unknown, servers:                   
                             [<ServerDescription ('localhost',                  
                             27017) server_type: Unknown, rtt:                  
                             None>]>\", \"clientId\": {\"$oid\":                
                             \"69c378c7b0974cf2819264f2\"}}",                   
                             "module": "logger", "function":                    
                             "_debug_log", "line": 108,                         
                             "request_id": "test-request-id"}                   
                    DEBUG    {"timestamp": "2026-03-25             logger.py:108
                             00:55:19,739", "level": "DEBUG",                   
                             "logger": "pymongo.serverSelection",               
                             "message": "{\"message\": \"Waiting                
                             for suitable server to become                      
                             available\", \"selector\":                         
                             \"<function writable_server_selector               
                             at 0xe0330da2bec0>\", \"operation\":               
                             \"dropDatabase\",                                  
                             \"topologyDescription\":                           
                             \"<TopologyDescription id:                         
                             69c378c7b0974cf2819264f2,                          
                             topology_type: Unknown, servers:                   
                             [<ServerDescription ('localhost',                  
                             27017) server_type: Unknown, rtt:                  
                             None>]>\", \"clientId\": {\"$oid\":                
                             \"69c378c7b0974cf2819264f2\"},                     
                             \"remainingTimeMS\": 998}", "module":              
                             "logger", "function": "_debug_log",                
                             "line": 108, "request_id":                         
                             "test-request-id"}                                 
                    DEBUG    {"timestamp": "2026-03-25             logger.py:108
                             00:55:19,740", "level": "DEBUG",                   
                             "logger": "pymongo.topology",                      
                             "message": "{\"message\": \"Server                 
                             heartbeat started\", \"topologyId\":               
                             {\"$oid\":                                         
                             \"69c378c7b0974cf2819264f2\"},                     
                             \"driverConnectionId\": 1,                         
                             \"serverHost\": \"localhost\",                     
                             \"serverPort\": 27017, \"awaited\":                
                             false}", "module": "logger",                       
                             "function": "_debug_log", "line":                  
                             108, "request_id": ""}                             
                    DEBUG    {"timestamp": "2026-03-25             logger.py:108
                             00:55:19,742", "level": "DEBUG",                   
                             "logger": "pymongo.topology",                      
                             "message": "{\"message\": \"Server                 
                             heartbeat succeeded\",                             
                             \"topologyId\": {\"$oid\":                         
                             \"69c378c7b0974cf2819264f2\"},                     
                             \"driverConnectionId\": 1,                         
                             \"serverConnectionId\": 50493,                     
                             \"serverHost\": \"localhost\",                     
                             \"serverPort\": 27017, \"awaited\":                
                             false, \"durationMS\":                             
                             0.4023420042358339, \"reply\":                     
                             \"{\\\"helloOk\\\": true,                          
                             \\\"topologyVersion\\\":                           
                             {\\\"processId\\\": {\\\"$oid\\\":                 
                             \\\"69c2c71d62e96e4cef0a46d8\\\"},                 
                             \\\"counter\\\": 6}, \\\"hosts\\\":                
                             [\\\"mongodb:27017\\\"],                           
                             \\\"setName\\\": \\\"mongodb\\\",                  
                             \\\"setVersion\\\": 1,                             
                             \\\"ismaster\\\": true,                            
                             \\\"primary\\\":                                   
                             \\\"mongodb:27017\\\", \\\"me\\\":                 
                             \\\"mongodb:27017\\\",                             
                             \\\"electionId\\\": {\\\"$oid\\\":                 
                             \\\"7fffffff0000000000000003\\\"},                 
                             \\\"lastWrite\\\": {\\\"opTime\\\":                
                             {\\\"ts\\\": {\\\"$timestamp\\\":                  
                             {\\\"t\\\": 1774418119, \\\"i\\\":                 
                             1}}, \\\"t\\\": 3},                                
                             \\\"lastWriteDate\\\":                             
                             {\\\"$date\\\":                                    
                             \\\"2026-03-25T05:55:19Z\\\"},                     
                             \\\"majorityOpTime\\\": {\\\"ts\\\":               
                             {\\\"$timestamp\\\": {\\\"t\\\":                   
                             1774418119, \\\"i\\\": 1}},                        
                             \\\"t\\\": 3},                                     
                             \\\"majorityWriteDate\\\":                         
                             {\\\"$date\\\":                                    
                             \\\"2026-03-25T05:55:19Z\\\"}},                    
                             \\\"maxBsonObjectSize\\\": 16777216,               
                             \\\"maxMessageSizeBytes\\\":                       
                             48000000, \\\"maxWriteBatchSize\\\":               
                             100000, \\\"localTime\\\":                         
                             {\\\"$date\\\":                                    
                             \\\"2026-03-25T05:55:19.741Z\\\"},                 
                             \\\"logicalSessionTimeoutMinutes\\\":              
                             30, \\\"connectionId\\\": 50493,                   
                             \\\"maxWireVersion\\\": 27,                        
                             \\\"ok\\\": 1.0,                                   
                             \\\"$clusterTime\\\":                              
                             {\\\"clusterTime\\\":                              
                             {\\\"$timestamp\\\": {\\\"t\\\":                   
                             1774418119, \\\"i\\\": 1}},                        
                             \\\"signature\\\": {\\\"hash\\\":                  
                             {\\\"$binary\\\": {\\\"base64\\\":                 
                             \\\"pH7ViHomdFsV5Atr+XUD0vMHfNE=\\\",              
                             \\\"subType\\\": \\\"00\\\"}},                     
                             \\\"keyId\\\":                                     
                             7620872433947377666}},...\"}",                     
                             "module": "logger", "function":                    
                             "_debug_log", "line": 108,                         
                             "request_id": ""}                                  
                    DEBUG    {"timestamp": "2026-03-25             logger.py:108
                             00:55:19,743", "level": "DEBUG",                   
                             "logger": "pymongo.connection",                    
                             "message": "{\"message\":                          
                             \"Connection pool ready\",                         
                             \"clientId\": {\"$oid\":                           
                             \"69c378c7b0974cf2819264f2\"},                     
                             \"serverHost\": \"localhost\",                     
                             \"serverPort\": 27017}", "module":                 
                             "logger", "function": "_debug_log",                
                             "line": 108, "request_id": ""}                     
                    DEBUG    {"timestamp": "2026-03-25             logger.py:108
                             00:55:19,744", "level": "DEBUG",                   
                             "logger": "pymongo.connection",                    
                             "message": "{\"message\":                          
                             \"Connection pool created\",                       
                             \"clientId\": {\"$oid\":                           
                             \"69c378c7b0974cf2819264f2\"},                     
                             \"serverHost\": \"mongodb\",                       
                             \"serverPort\": 27017}", "module":                 
                             "logger", "function": "_debug_log",                
                             "line": 108, "request_id": ""}                     
                    DEBUG    {"timestamp": "2026-03-25             logger.py:108
                             00:55:19,745", "level": "DEBUG",                   
                             "logger": "pymongo.topology",                      
                             "message": "{\"message\": \"Stopped                
                             server monitoring\", \"topologyId\":               
                             {\"$oid\":                                         
                             \"69c378c7b0974cf2819264f2\"},                     
                             \"serverHost\": \"localhost\",                     
                             \"serverPort\": 27017}", "module":                 
                             "logger", "function": "_debug_log",                
                             "line": 108, "request_id": ""}                     
                    DEBUG    {"timestamp": "2026-03-25             logger.py:108
                             00:55:19,746", "level": "DEBUG",                   
                             "logger": "pymongo.topology",                      
                             "message": "{\"message\": \"Server                 
                             heartbeat failed\", \"topologyId\":                
                             {\"$oid\":                                         
                             \"69c378c7b0974cf2819264f2\"},                     
                             \"serverHost\": \"mongodb\",                       
                             \"serverPort\": 27017, \"awaited\":                
                             false, \"durationMS\":                             
                             0.720890995580703, \"failure\":                    
                             \"\\\"AutoReconnect('mongodb:27017:                
                             [Errno -3] Temporary failure in name               
                             resolution (configured timeouts:                   
                             socketTimeoutMS: 20000.0ms,                        
                             connectTimeoutMS:                                  
                             20000.0ms)')\\\"\"}", "module":                    
                             "logger", "function": "_debug_log",                
                             "line": 108, "request_id": ""}                     
                    DEBUG    {"timestamp": "2026-03-25             logger.py:108
                             00:55:19,748", "level": "DEBUG",                   
                             "logger": "pymongo.connection",                    
                             "message": "{\"message\":                          
                             \"Connection pool closed\",                        
                             \"clientId\": {\"$oid\":                           
                             \"69c378c7b0974cf2819264f2\"},                     
                             \"serverHost\": \"localhost\",                     
                             \"serverPort\": 27017}", "module":                 
                             "logger", "function": "_debug_log",                
                             "line": 108, "request_id": ""}                     
                    DEBUG    {"timestamp": "2026-03-25             logger.py:108
                             00:55:19,749", "level": "DEBUG",                   
                             "logger": "pymongo.topology",                      
                             "message": "{\"message\": \"Topology               
                             description changed\",                             
                             \"topologyId\": {\"$oid\":                         
                             \"69c378c7b0974cf2819264f2\"},                     
                             \"previousDescription\":                           
                             \"<TopologyDescription id:                         
                             69c378c7b0974cf2819264f2,                          
                             topology_type: Unknown, servers:                   
                             [<ServerDescription ('localhost',                  
                             27017) server_type: Unknown, rtt:                  
                             None>]>\", \"newDescription\":                     
                             \"<TopologyDescription id:                         
                             69c378c7b0974cf2819264f2,                          
                             topology_type: ReplicaSetNoPrimary,                
                             servers: [<ServerDescription                       
                             ('mongodb', 27017) server_type:                    
                             Unknown, rtt: None>]>\"}", "module":               
                             "logger", "function": "_debug_log",                
                             "line": 108, "request_id": ""}                     
                    DEBUG    {"timestamp": "2026-03-25             logger.py:108
                             00:55:19,752", "level": "DEBUG",                   
                             "logger": "pymongo.topology",                      
                             "message": "{\"message\": \"Topology               
                             description changed\",                             
                             \"topologyId\": {\"$oid\":                         
                             \"69c378c7b0974cf2819264f2\"},                     
                             \"previousDescription\":                           
                             \"<TopologyDescription id:                         
                             69c378c7b0974cf2819264f2,                          
                             topology_type: ReplicaSetNoPrimary,                
                             servers: [<ServerDescription                       
                             ('mongodb', 27017) server_type:                    
                             Unknown, rtt: None>]>\",                           
                             \"newDescription\":                                
                             \"<TopologyDescription id:                         
                             69c378c7b0974cf2819264f2,                          
                             topology_type: ReplicaSetNoPrimary,                
                             servers: [<ServerDescription                       
                             ('mongodb', 27017) server_type:                    
                             Unknown, rtt: None,                                
                             error=AutoReconnect('mongodb:27017:                
                             [Errno -3] Temporary failure in name               
                             resolution (configured timeouts:                   
                             socketTimeoutMS: 20000.0ms,                        
                             connectTimeoutMS:                                  
                             20000.0ms)')>]>\"}", "module":                     
                             "logger", "function": "_debug_log",                
                             "line": 108, "request_id": ""}                     
[03/25/26 00:55:20] DEBUG    {"timestamp": "2026-03-25             logger.py:108
                             00:55:20,255", "level": "DEBUG",                   
                             "logger": "pymongo.topology",                      
                             "message": "{\"message\": \"Server                 
                             heartbeat failed\", \"topologyId\":                
                             {\"$oid\":                                         
                             \"69c378c7b0974cf2819264f2\"},                     
                             \"serverHost\": \"mongodb\",                       
                             \"serverPort\": 27017, \"awaited\":                
                             false, \"durationMS\":                             
                             0.9816800011321902, \"failure\":                   
                             \"\\\"AutoReconnect('mongodb:27017:                
                             [Errno -3] Temporary failure in name               
                             resolution (configured timeouts:                   
                             socketTimeoutMS: 20000.0ms,                        
                             connectTimeoutMS:                                  
                             20000.0ms)')\\\"\"}", "module":                    
                             "logger", "function": "_debug_log",                
                             "line": 108, "request_id": ""}                     
                    DEBUG    {"timestamp": "2026-03-25             logger.py:108
                             00:55:20,257", "level": "DEBUG",                   
                             "logger": "pymongo.topology",                      
                             "message": "{\"message\": \"Topology               
                             description changed\",                             
                             \"topologyId\": {\"$oid\":                         
                             \"69c378c7b0974cf2819264f2\"},                     
                             \"previousDescription\":                           
                             \"<TopologyDescription id:                         
                             69c378c7b0974cf2819264f2,                          
                             topology_type: ReplicaSetNoPrimary,                
                             servers: [<ServerDescription                       
                             ('mongodb', 27017) server_type:                    
                             Unknown, rtt: None,                                
                             error=AutoReconnect('mongodb:27017:                
                             [Errno -3] Temporary failure in name               
                             resolution (configured timeouts:                   
                             socketTimeoutMS: 20000.0ms,                        
                             connectTimeoutMS: 20000.0ms)')>]>\",               
                             \"newDescription\":                                
                             \"<TopologyDescription id:                         
                             69c378c7b0974cf2819264f2,                          
                             topology_type: ReplicaSetNoPrimary,                
                             servers: [<ServerDescription                       
                             ('mongodb', 27017) server_type:                    
                             Unknown, rtt: None,                                
                             error=AutoReconnect('mongodb:27017:                
                             [Errno -3] Temporary failure in name               
                             resolution (configured timeouts:                   
                             socketTimeoutMS: 20000.0ms,                        
                             connectTimeoutMS:                                  
                             20000.0ms)')>]>\"}", "module":                     
                             "logger", "function": "_debug_log",                
                             "line": 108, "request_id": ""}                     
[00:55:20] DEBUG    {"message": "Starting topology monitoring",    logger.py:108
                    "topologyId": {"$oid":                                      
                    "69c378c818d17bdbabd9fd90"}}                                
           DEBUG    {"message": "Topology description changed",    logger.py:108
                    "topologyId": {"$oid":                                      
                    "69c378c818d17bdbabd9fd90"},                                
                    "previousDescription": "<TopologyDescription                
                    id: 69c378c818d17bdbabd9fd90, topology_type:                
                    Unknown, servers: []>", "newDescription":                   
                    "<TopologyDescription id:                                   
                    69c378c818d17bdbabd9fd90, topology_type:                    
                    Unknown, servers: [<ServerDescription                       
                    ('localhost', 27017) server_type: Unknown,                  
                    rtt: None>]>"}                                              
           DEBUG    {"message": "Starting server monitoring",      logger.py:108
                    "topologyId": {"$oid":                                      
                    "69c378c818d17bdbabd9fd90"}, "serverHost":                  
                    "localhost", "serverPort": 27017}                           
           DEBUG    {"message": "Connection pool created",         logger.py:108
                    "clientId": {"$oid":                                        
                    "69c378c818d17bdbabd9fd90"}, "serverHost":                  
                    "localhost", "serverPort": 27017}                           
           DEBUG    {"message": "Server selection started",        logger.py:108
                    "selector": "<function                                      
                    writable_server_selector at 0xf3322f513ec0>",               
                    "operation": "dropDatabase",                                
                    "topologyDescription": "<TopologyDescription                
                    id: 69c378c818d17bdbabd9fd90, topology_type:                
                    Unknown, servers: [<ServerDescription                       
                    ('localhost', 27017) server_type: Unknown,                  
                    rtt: None>]>", "clientId": {"$oid":                         
                    "69c378c818d17bdbabd9fd90"}}                                
           DEBUG    {"message": "Waiting for suitable server to    logger.py:108
                    become available", "selector": "<function                   
                    writable_server_selector at 0xf3322f513ec0>",               
                    "operation": "dropDatabase",                                
                    "topologyDescription": "<TopologyDescription                
                    id: 69c378c818d17bdbabd9fd90, topology_type:                
                    Unknown, servers: [<ServerDescription                       
                    ('localhost', 27017) server_type: Unknown,                  
                    rtt: None>]>", "clientId": {"$oid":                         
                    "69c378c818d17bdbabd9fd90"},                                
                    "remainingTimeMS": 998}                                     
           DEBUG    {"message": "Server heartbeat started",        logger.py:108
                    "topologyId": {"$oid":                                      
                    "69c378c818d17bdbabd9fd90"},                                
                    "driverConnectionId": 1, "serverHost":                      
                    "localhost", "serverPort": 27017, "awaited":                
                    false}                                                      
           DEBUG    {"message": "Server heartbeat succeeded",      logger.py:108
                    "topologyId": {"$oid":                                      
                    "69c378c818d17bdbabd9fd90"},                                
                    "driverConnectionId": 1, "serverConnectionId":              
                    50503, "serverHost": "localhost",                           
                    "serverPort": 27017, "awaited": false,                      
                    "durationMS": 0.6801380077376962, "reply":                  
                    "{\"helloOk\": true, \"topologyVersion\":                   
                    {\"processId\": {\"$oid\":                                  
                    \"69c2c71d62e96e4cef0a46d8\"}, \"counter\":                 
                    6}, \"hosts\": [\"mongodb:27017\"],                         
                    \"setName\": \"mongodb\", \"setVersion\": 1,                
                    \"ismaster\": true, \"primary\":                            
                    \"mongodb:27017\", \"me\": \"mongodb:27017\",               
                    \"electionId\": {\"$oid\":                                  
                    \"7fffffff0000000000000003\"}, \"lastWrite\":               
                    {\"opTime\": {\"ts\": {\"$timestamp\": {\"t\":              
                    1774418119, \"i\": 1}}, \"t\": 3},                          
                    \"lastWriteDate\": {\"$date\":                              
                    \"2026-03-25T05:55:19Z\"}, \"majorityOpTime\":              
                    {\"ts\": {\"$timestamp\": {\"t\": 1774418119,               
                    \"i\": 1}}, \"t\": 3}, \"majorityWriteDate\":               
                    {\"$date\": \"2026-03-25T05:55:19Z\"}},                     
                    \"maxBsonObjectSize\": 16777216,                            
                    \"maxMessageSizeBytes\": 48000000,                          
                    \"maxWriteBatchSize\": 100000, \"localTime\":               
                    {\"$date\": \"2026-03-25T05:55:20.594Z\"},                  
                    \"logicalSessionTimeoutMinutes\": 30,                       
                    \"connectionId\": 50503, \"maxWireVersion\":                
                    27, \"ok\": 1.0, \"$clusterTime\":                          
                    {\"clusterTime\": {\"$timestamp\": {\"t\":                  
                    1774418119, \"i\": 1}}, \"signature\":                      
                    {\"hash\": {\"$binary\": {\"base64\":                       
                    \"pH7ViHomdFsV5Atr+XUD0vMHfNE=\", \"subType\":              
                    \"00\"}}, \"keyId\":                                        
                    7620872433947377666}},..."}                                 
           DEBUG    {"message": "Connection pool ready",           logger.py:108
                    "clientId": {"$oid":                                        
                    "69c378c818d17bdbabd9fd90"}, "serverHost":                  
                    "localhost", "serverPort": 27017}                           
           DEBUG    {"message": "Connection pool created",         logger.py:108
                    "clientId": {"$oid":                                        
                    "69c378c818d17bdbabd9fd90"}, "serverHost":                  
                    "mongodb", "serverPort": 27017}                             
           DEBUG    {"message": "Stopped server monitoring",       logger.py:108
                    "topologyId": {"$oid":                                      
                    "69c378c818d17bdbabd9fd90"}, "serverHost":                  
                    "localhost", "serverPort": 27017}                           
           DEBUG    {"message": "Server heartbeat failed",         logger.py:108
                    "topologyId": {"$oid":                                      
                    "69c378c818d17bdbabd9fd90"}, "serverHost":                  
                    "mongodb", "serverPort": 27017, "awaited":                  
                    false, "durationMS": 1.0992659954354167,                    
                    "failure": "\"AutoReconnect('mongodb:27017:                 
                    [Errno -3] Temporary failure in name                        
                    resolution (configured timeouts:                            
                    socketTimeoutMS: 20000.0ms, connectTimeoutMS:               
                    20000.0ms)')\""}                                            
           DEBUG    {"message": "Connection pool closed",          logger.py:108
                    "clientId": {"$oid":                                        
                    "69c378c818d17bdbabd9fd90"}, "serverHost":                  
                    "localhost", "serverPort": 27017}                           
           DEBUG    {"message": "Topology description changed",    logger.py:108
                    "topologyId": {"$oid":                                      
                    "69c378c818d17bdbabd9fd90"},                                
                    "previousDescription": "<TopologyDescription                
                    id: 69c378c818d17bdbabd9fd90, topology_type:                
                    Unknown, servers: [<ServerDescription                       
                    ('localhost', 27017) server_type: Unknown,                  
                    rtt: None>]>", "newDescription":                            
                    "<TopologyDescription id:                                   
                    69c378c818d17bdbabd9fd90, topology_type:                    
                    ReplicaSetNoPrimary, servers:                               
                    [<ServerDescription ('mongodb', 27017)                      
                    server_type: Unknown, rtt: None>]>"}                        
           DEBUG    {"message": "Topology description changed",    logger.py:108
                    "topologyId": {"$oid":                                      
                    "69c378c818d17bdbabd9fd90"},                                
                    "previousDescription": "<TopologyDescription                
                    id: 69c378c818d17bdbabd9fd90, topology_type:                
                    ReplicaSetNoPrimary, servers:                               
                    [<ServerDescription ('mongodb', 27017)                      
                    server_type: Unknown, rtt: None>]>",                        
                    "newDescription": "<TopologyDescription id:                 
                    69c378c818d17bdbabd9fd90, topology_type:                    
                    ReplicaSetNoPrimary, servers:                               
                    [<ServerDescription ('mongodb', 27017)                      
                    server_type: Unknown, rtt: None,                            
                    error=AutoReconnect('mongodb:27017: [Errno -3]              
                    Temporary failure in name resolution                        
                    (configured timeouts: socketTimeoutMS:                      
                    20000.0ms, connectTimeoutMS: 20000.0ms)')>]>"}              
                    DEBUG    {"timestamp": "2026-03-25             logger.py:108
                             00:55:20,760", "level": "DEBUG",                   
                             "logger": "pymongo.serverSelection",               
                             "message": "{\"message\": \"Server                 
                             selection failed\", \"selector\":                  
                             \"<function writable_server_selector               
                             at 0xe0330da2bec0>\", \"operation\":               
                             \"dropDatabase\",                                  
                             \"topologyDescription\":                           
                             \"<TopologyDescription id:                         
                             69c378c7b0974cf2819264f2,                          
                             topology_type: ReplicaSetNoPrimary,                
                             servers: [<ServerDescription                       
                             ('mongodb', 27017) server_type:                    
                             Unknown, rtt: None,                                
                             error=AutoReconnect('mongodb:27017:                
                             [Errno -3] Temporary failure in name               
                             resolution (configured timeouts:                   
                             socketTimeoutMS: 20000.0ms,                        
                             connectTimeoutMS: 20000.0ms)')>]>\",               
                             \"clientId\": {\"$oid\":                           
                             \"69c378c7b0974cf2819264f2\"},                     
                             \"failure\": \"\\\"Could not reach                 
                             any servers in [('mongodb', 27017)].               
                             Replica set is configured with                     
                             internal hostnames or IPs?\\\"\"}",                
                             "module": "logger", "function":                    
                             "_debug_log", "line": 108,                         
                             "request_id": "test-request-id"}                   
                    DEBUG    {"timestamp": "2026-03-25             logger.py:108
                             00:55:20,762", "level": "DEBUG",                   
                             "logger": "pymongo.topology",                      
                             "message": "{\"message\": \"Server                 
                             heartbeat failed\", \"topologyId\":                
                             {\"$oid\":                                         
                             \"69c378c7b0974cf2819264f2\"},                     
                             \"serverHost\": \"mongodb\",                       
                             \"serverPort\": 27017, \"awaited\":                
                             false, \"durationMS\":                             
                             1.9179509836249053, \"failure\":                   
                             \"\\\"AutoReconnect('mongodb:27017:                
                             [Errno -3] Temporary failure in name               
                             resolution (configured timeouts:                   
                             socketTimeoutMS: 20000.0ms,                        
                             connectTimeoutMS:                                  
                             20000.0ms)')\\\"\"}", "module":                    
                             "logger", "function": "_debug_log",                
                             "line": 108, "request_id": ""}                     
                    DEBUG    {"timestamp": "2026-03-25             logger.py:108
                             00:55:20,762", "level": "DEBUG",                   
                             "logger": "pymongo.topology",                      
                             "message": "{\"message\": \"Stopped                
                             server monitoring\", \"topologyId\":               
                             {\"$oid\":                                         
                             \"69c378c7b0974cf2819264f2\"},                     
                             \"serverHost\": \"mongodb\",                       
                             \"serverPort\": 27017}", "module":                 
                             "logger", "function": "_debug_log",                
                             "line": 108, "request_id":                         
                             "test-request-id"}                                 
                    DEBUG    {"timestamp": "2026-03-25             logger.py:108
                             00:55:20,765", "level": "DEBUG",                   
                             "logger": "pymongo.connection",                    
                             "message": "{\"message\":                          
                             \"Connection pool closed\",                        
                             \"clientId\": {\"$oid\":                           
                             \"69c378c7b0974cf2819264f2\"},                     
                             \"serverHost\": \"mongodb\",                       
                             \"serverPort\": 27017}", "module":                 
                             "logger", "function": "_debug_log",                
                             "line": 108, "request_id":                         
                             "test-request-id"}                                 
                    DEBUG    {"timestamp": "2026-03-25             logger.py:108
                             00:55:20,766", "level": "DEBUG",                   
                             "logger": "pymongo.topology",                      
                             "message": "{\"message\": \"Topology               
                             description changed\",                             
                             \"topologyId\": {\"$oid\":                         
                             \"69c378c7b0974cf2819264f2\"},                     
                             \"previousDescription\":                           
                             \"<TopologyDescription id:                         
                             69c378c7b0974cf2819264f2,                          
                             topology_type: ReplicaSetNoPrimary,                
                             servers: [<ServerDescription                       
                             ('mongodb', 27017) server_type:                    
                             Unknown, rtt: None,                                
                             error=AutoReconnect('mongodb:27017:                
                             [Errno -3] Temporary failure in name               
                             resolution (configured timeouts:                   
                             socketTimeoutMS: 20000.0ms,                        
                             connectTimeoutMS: 20000.0ms)')>]>\",               
                             \"newDescription\":                                
                             \"<TopologyDescription id:                         
                             69c378c7b0974cf2819264f2,                          
                             topology_type: ReplicaSetNoPrimary,                
                             servers: [<ServerDescription                       
                             ('mongodb', 27017) server_type:                    
                             Unknown, rtt: None>]>\"}", "module":               
                             "logger", "function": "_debug_log",                
                             "line": 108, "request_id":                         
                             "test-request-id"}                                 
                    DEBUG    {"timestamp": "2026-03-25             logger.py:108
                             00:55:20,767", "level": "DEBUG",                   
                             "logger": "pymongo.topology",                      
                             "message": "{\"message\": \"Stopped                
                             topology monitoring\",                             
                             \"topologyId\": {\"$oid\":                         
                             \"69c378c7b0974cf2819264f2\"}}",                   
                             "module": "logger", "function":                    
                             "_debug_log", "line": 108,                         
                             "request_id": "test-request-id"}                   
[00:55:21] DEBUG    {"message": "Server heartbeat failed",         logger.py:108
                    "topologyId": {"$oid":                                      
                    "69c378c818d17bdbabd9fd90"}, "serverHost":                  
                    "mongodb", "serverPort": 27017, "awaited":                  
                    false, "durationMS": 0.5317199975252151,                    
                    "failure": "\"AutoReconnect('mongodb:27017:                 
                    [Errno -3] Temporary failure in name                        
                    resolution (configured timeouts:                            
                    socketTimeoutMS: 20000.0ms, connectTimeoutMS:               
                    20000.0ms)')\""}                                            
           DEBUG    {"message": "Topology description changed",    logger.py:108
                    "topologyId": {"$oid":                                      
                    "69c378c818d17bdbabd9fd90"},                                
                    "previousDescription": "<TopologyDescription                
                    id: 69c378c818d17bdbabd9fd90, topology_type:                
                    ReplicaSetNoPrimary, servers:                               
                    [<ServerDescription ('mongodb', 27017)                      
                    server_type: Unknown, rtt: None,                            
                    error=AutoReconnect('mongodb:27017: [Errno -3]              
                    Temporary failure in name resolution                        
                    (configured timeouts: socketTimeoutMS:                      
                    20000.0ms, connectTimeoutMS: 20000.0ms)')>]>",              
                    "newDescription": "<TopologyDescription id:                 
                    69c378c818d17bdbabd9fd90, topology_type:                    
                    ReplicaSetNoPrimary, servers:                               
                    [<ServerDescription ('mongodb', 27017)                      
                    server_type: Unknown, rtt: None,                            
                    error=AutoReconnect('mongodb:27017: [Errno -3]              
                    Temporary failure in name resolution                        
                    (configured timeouts: socketTimeoutMS:                      
                    20000.0ms, connectTimeoutMS: 20000.0ms)')>]>"}              
           DEBUG    {"message": "Server selection failed",         logger.py:108
                    "selector": "<function                                      
                    writable_server_selector at 0xf3322f513ec0>",               
                    "operation": "dropDatabase",                                
                    "topologyDescription": "<TopologyDescription                
                    id: 69c378c818d17bdbabd9fd90, topology_type:                
                    ReplicaSetNoPrimary, servers:                               
                    [<ServerDescription ('mongodb', 27017)                      
                    server_type: Unknown, rtt: None,                            
                    error=AutoReconnect('mongodb:27017: [Errno -3]              
                    Temporary failure in name resolution                        
                    (configured timeouts: socketTimeoutMS:                      
                    20000.0ms, connectTimeoutMS: 20000.0ms)')>]>",              
                    "clientId": {"$oid":                                        
                    "69c378c818d17bdbabd9fd90"}, "failure":                     
                    "\"Could not reach any servers in [('mongodb',              
                    27017)]. Replica set is configured with                     
                    internal hostnames or IPs?\""}                              
           DEBUG    {"message": "Server heartbeat failed",         logger.py:108
                    "topologyId": {"$oid":                                      
                    "69c378c818d17bdbabd9fd90"}, "serverHost":                  
                    "mongodb", "serverPort": 27017, "awaited":                  
                    false, "durationMS": 2.4931119987741113,                    
                    "failure": "\"AutoReconnect('mongodb:27017:                 
                    [Errno -3] Temporary failure in name                        
                    resolution (configured timeouts:                            
                    socketTimeoutMS: 20000.0ms, connectTimeoutMS:               
                    20000.0ms)')\""}                                            
           DEBUG    {"message": "Stopped server monitoring",       logger.py:108
                    "topologyId": {"$oid":                                      
                    "69c378c818d17bdbabd9fd90"}, "serverHost":                  
                    "mongodb", "serverPort": 27017}                             
           DEBUG    {"message": "Connection pool closed",          logger.py:108
                    "clientId": {"$oid":                                        
                    "69c378c818d17bdbabd9fd90"}, "serverHost":                  
                    "mongodb", "serverPort": 27017}                             
           DEBUG    {"message": "Topology description changed",    logger.py:108
                    "topologyId": {"$oid":                                      
                    "69c378c818d17bdbabd9fd90"},                                
                    "previousDescription": "<TopologyDescription                
                    id: 69c378c818d17bdbabd9fd90, topology_type:                
                    ReplicaSetNoPrimary, servers:                               
                    [<ServerDescription ('mongodb', 27017)                      
                    server_type: Unknown, rtt: None,                            
                    error=AutoReconnect('mongodb:27017: [Errno -3]              
                    Temporary failure in name resolution                        
                    (configured timeouts: socketTimeoutMS:                      
                    20000.0ms, connectTimeoutMS: 20000.0ms)')>]>",              
                    "newDescription": "<TopologyDescription id:                 
                    69c378c818d17bdbabd9fd90, topology_type:                    
                    ReplicaSetNoPrimary, servers:                               
                    [<ServerDescription ('mongodb', 27017)                      
                    server_type: Unknown, rtt: None>]>"}                        
           DEBUG    {"message": "Stopped topology monitoring",     logger.py:108
                    "topologyId": {"$oid":                                      
                    "69c378c818d17bdbabd9fd90"}}                                


======================= 1140 passed in 71.70s (0:01:11) ========================
